#-----------------------------------------------------------
# Vivado v2018.2 (64-bit)
# SW Build 2258646 on Thu Jun 14 20:03:12 MDT 2018
# IP Build 2256618 on Thu Jun 14 22:10:49 MDT 2018
# Start of session at: Thu Jul  2 13:26:25 2026
# Process ID: 1176
# Current directory: C:/Users/Emerson/Documents/fpga/project_ebaz_miner
# Command line: vivado.exe -gui_launcher_event rodinguilauncherevent8056 C:\Users\Emerson\Documents\fpga\project_ebaz_miner\project_ebaz_miner.xpr
# Log file: C:/Users/Emerson/Documents/fpga/project_ebaz_miner/vivado.log
# Journal file: C:/Users/Emerson/Documents/fpga/project_ebaz_miner\vivado.jou
#-----------------------------------------------------------
start_gui
open_project C:/Users/Emerson/Documents/fpga/project_ebaz_miner/project_ebaz_miner.xpr
Scanning sources...
Finished scanning sources
WARNING: [filemgmt 56-3] IPUserFilesDir: Could not find the directory 'C:/Users/Emerson/Documents/fpga/project_ebaz_miner/project_ebaz_miner.ip_user_files'.
INFO: [IP_Flow 19-234] Refreshing IP repositories
INFO: [IP_Flow 19-1704] No user IP repositories specified
INFO: [IP_Flow 19-2313] Loaded Vivado IP repository 'C:/Xilinx/Vivado/2018.2/data/ip'.
update_compile_order -fileset sources_1
open_hw
connect_hw_server
INFO: [Labtools 27-2285] Connecting to hw_server url TCP:localhost:3121
INFO: [Labtools 27-2222] Launching hw_server...
INFO: [Labtools 27-2221] Launch Output:

****** Xilinx hw_server v2018.2
  **** Build date : Jun 14 2018-20:42:52
    ** Copyright 1986-2018 Xilinx, Inc. All Rights Reserved.


open_hw_target -xvc_url localhost:2542
INFO: [Labtools 27-2285] Connecting to hw_server url TCP:localhost:3121
INFO: [Labtoolstcl 44-466] Opening hw_target localhost:3121/xilinx_tcf/Xilinx/localhost:2542
update_module_reference design_1_top_0_0
INFO: [IP_Flow 19-1976] HDL Parser: Replacing 'MAX_CORE' by 2 for port or parameter 'nonce'
INFO: [IP_Flow 19-1976] HDL Parser: Replacing 'MAX_CORE' by 2 for port or parameter 'digit9'
INFO: [IP_Flow 19-1976] HDL Parser: Replacing 'MAX_CORE' by 2 for port or parameter 'digit8'
INFO: [IP_Flow 19-1976] HDL Parser: Replacing 'MAX_CORE' by 2 for port or parameter 'digit7'
INFO: [IP_Flow 19-1976] HDL Parser: Replacing 'MAX_CORE' by 2 for port or parameter 'digit6'
INFO: [IP_Flow 19-1976] HDL Parser: Replacing 'MAX_CORE' by 2 for port or parameter 'digit5'
INFO: [IP_Flow 19-1976] HDL Parser: Replacing 'MAX_CORE' by 2 for port or parameter 'digit4'
INFO: [IP_Flow 19-1976] HDL Parser: Replacing 'MAX_CORE' by 2 for port or parameter 'digit3'
INFO: [IP_Flow 19-1976] HDL Parser: Replacing 'MAX_CORE' by 2 for port or parameter 'digit2'
INFO: [IP_Flow 19-1976] HDL Parser: Replacing 'MAX_CORE' by 2 for port or parameter 'digit1'
INFO: [IP_Flow 19-1976] HDL Parser: Replacing 'MAX_CORE' by 2 for port or parameter 'nonce_ascii_len'
INFO: [IP_Flow 19-1976] HDL Parser: Replacing 'MAX_CORE' by 2 for port or parameter 'nonce_ascii'
INFO: [IP_Flow 19-1976] HDL Parser: Replacing 'MAX_CORE' by 2 for port or parameter 'msg_length_bits'
INFO: [IP_Flow 19-1976] HDL Parser: Replacing 'MAX_CORE' by 2 for port or parameter 'MESSAGE_BLOCK'
INFO: [IP_Flow 19-1976] HDL Parser: Replacing 'BUFFER_SIZE' by 80 for port or parameter 'buffer'
INFO: [IP_Flow 19-1976] HDL Parser: Replacing 'MAX_CORE' by 2 for port or parameter 'sha1_digest'
INFO: [IP_Flow 19-1976] HDL Parser: Replacing 'MAX_CORE' by 2 for port or parameter 'sha1_digest_valid'
INFO: [IP_Flow 19-1976] HDL Parser: Replacing 'MAX_CORE' by 2 for port or parameter 'sha1_core_ready'
INFO: [IP_Flow 19-1976] HDL Parser: Replacing 'MAX_CORE' by 2 for port or parameter 'sha1_init'
INFO: [IP_Flow 19-1976] HDL Parser: Replacing 'MAX_CORE' by 2 for port or parameter 'sha1_next'
INFO: [IP_Flow 19-1976] HDL Parser: Replacing 'MAX_CORE' by 2 for port or parameter 'sha1_digest_reg'
INFO: [IP_Flow 19-1976] HDL Parser: Replacing 'MAX_CORE' by 2 for port or parameter 'sha1_digest_valid_reg'
INFO: [IP_Flow 19-1976] HDL Parser: Replacing 'MAX_CORE' by 2 for port or parameter 'digest_valid_array'
INFO: [IP_Flow 19-1976] HDL Parser: Replacing 'MAX_CORE' by 2 for port or parameter 'ready_array'
INFO: [IP_Flow 19-1976] HDL Parser: Replacing 'MAX_CORE' by 2 for port or parameter 'match_array'
INFO: [IP_Flow 19-5107] Inferred bus interface 'rst_n' of definition 'xilinx.com:signal:reset:1.0' (from Xilinx Repository).
INFO: [IP_Flow 19-5107] Inferred bus interface 'clk' of definition 'xilinx.com:signal:clock:1.0' (from Xilinx Repository).
INFO: [IP_Flow 19-4728] Bus Interface 'rst_n': Added interface parameter 'POLARITY' with value 'ACTIVE_LOW'.
WARNING: [IP_Flow 19-3153] Bus Interface 'clk': ASSOCIATED_BUSIF bus parameter is missing.
INFO: [IP_Flow 19-234] Refreshing IP repositories
INFO: [IP_Flow 19-1704] No user IP repositories specified
Adding cell -- xilinx.com:ip:processing_system7:5.5 - processing_system7_0
Adding cell -- xilinx.com:module_ref:top:1.0 - top_0
Successfully read diagram <design_1> from BD file <C:/Users/Emerson/Documents/fpga/project_ebaz_miner/project_ebaz_miner.srcs/sources_1/bd/design_1/design_1.bd>
Upgrading 'C:/Users/Emerson/Documents/fpga/project_ebaz_miner/project_ebaz_miner.srcs/sources_1/bd/design_1/design_1.bd'
INFO: [IP_Flow 19-1972] Upgraded design_1_top_0_0 from top_v1_0 1.0 to top_v1_0 1.0
Wrote  : <C:/Users/Emerson/Documents/fpga/project_ebaz_miner/project_ebaz_miner.srcs/sources_1/bd/design_1/design_1.bd> 
upgrade_ip: Time (s): cpu = 00:00:07 ; elapsed = 00:00:07 . Memory (MB): peak = 1662.758 ; gain = 106.879
update_module_reference: Time (s): cpu = 00:00:07 ; elapsed = 00:00:08 . Memory (MB): peak = 1662.758 ; gain = 106.879
validate_bd_design
save_bd_design
Wrote  : <C:/Users/Emerson/Documents/fpga/project_ebaz_miner/project_ebaz_miner.srcs/sources_1/bd/design_1/design_1.bd> 
close_bd_design [get_bd_designs design_1]
launch_runs impl_1 -to_step write_bitstream -jobs 8
INFO: [BD 41-1662] The design 'design_1.bd' is already validated. Therefore parameter propagation will not be re-run.
VHDL Output written to : C:/Users/Emerson/Documents/fpga/project_ebaz_miner/project_ebaz_miner.srcs/sources_1/bd/design_1/synth/design_1.v
VHDL Output written to : C:/Users/Emerson/Documents/fpga/project_ebaz_miner/project_ebaz_miner.srcs/sources_1/bd/design_1/sim/design_1.v
VHDL Output written to : C:/Users/Emerson/Documents/fpga/project_ebaz_miner/project_ebaz_miner.srcs/sources_1/bd/design_1/hdl/design_1_wrapper.v
INFO: [BD 41-1029] Generation completed for the IP Integrator block processing_system7_0 .
INFO: [BD 41-1029] Generation completed for the IP Integrator block top_0 .
Exporting to file C:/Users/Emerson/Documents/fpga/project_ebaz_miner/project_ebaz_miner.srcs/sources_1/bd/design_1/hw_handoff/design_1.hwh
Generated Block Design Tcl file C:/Users/Emerson/Documents/fpga/project_ebaz_miner/project_ebaz_miner.srcs/sources_1/bd/design_1/hw_handoff/design_1_bd.tcl
Generated Hardware Definition File C:/Users/Emerson/Documents/fpga/project_ebaz_miner/project_ebaz_miner.srcs/sources_1/bd/design_1/synth/design_1.hwdef
[Thu Jul  2 13:28:10 2026] Launched design_1_top_0_0_synth_1, synth_1...
Run output will be captured here:
design_1_top_0_0_synth_1: C:/Users/Emerson/Documents/fpga/project_ebaz_miner/project_ebaz_miner.runs/design_1_top_0_0_synth_1/runme.log
synth_1: C:/Users/Emerson/Documents/fpga/project_ebaz_miner/project_ebaz_miner.runs/synth_1/runme.log
[Thu Jul  2 13:28:10 2026] Launched impl_1...
Run output will be captured here: C:/Users/Emerson/Documents/fpga/project_ebaz_miner/project_ebaz_miner.runs/impl_1/runme.log
launch_runs: Time (s): cpu = 00:00:03 ; elapsed = 00:00:09 . Memory (MB): peak = 1762.551 ; gain = 99.793
set_property PROBES.FILE {} [get_hw_devices xc7z010_1]
set_property FULL_PROBES.FILE {} [get_hw_devices xc7z010_1]
set_property PROGRAM.FILE {C:/Users/Emerson/Documents/fpga/project_ebaz_miner/project_ebaz_miner.runs/impl_1/design_1_wrapper.bit} [get_hw_devices xc7z010_1]
program_hw_devices [get_hw_devices xc7z010_1]
INFO: [Labtools 27-3164] End of startup status: HIGH
program_hw_devices: Time (s): cpu = 00:00:14 ; elapsed = 00:00:15 . Memory (MB): peak = 1777.973 ; gain = 0.000
refresh_hw_device [lindex [get_hw_devices xc7z010_1] 0]
INFO: [Labtools 27-1434] Device xc7z010 (JTAG device index = 1) is programmed with a design that has no supported debug core(s) in it.
WARNING: [Labtools 27-3361] The debug hub core was not detected.
Resolution: 
1. Make sure the clock connected to the debug hub (dbg_hub) core is a free running clock and is active.
2. Make sure the BSCAN_SWITCH_USER_MASK device property in Vivado Hardware Manager reflects the user scan chain setting in the design and refresh the device.  To determine the user scan chain setting in the design, open the implemented design and use 'get_property C_USER_SCAN_CHAIN [get_debug_cores dbg_hub]'.
For more details on setting the scan chain property, consult the Vivado Debug and Programming User Guide (UG908).
export_ip_user_files -of_objects  [get_files C:/Users/Emerson/Documents/fpga/project_ebaz_miner/project_ebaz_miner.srcs/sources_1/new/nonce_bcd_simple.v] -no_script -reset -force -quiet
remove_files  C:/Users/Emerson/Documents/fpga/project_ebaz_miner/project_ebaz_miner.srcs/sources_1/new/nonce_bcd_simple.v
file delete -force C:/Users/Emerson/Documents/fpga/project_ebaz_miner/project_ebaz_miner.srcs/sources_1/new/nonce_bcd_simple.v
update_module_reference design_1_top_0_0
INFO: [IP_Flow 19-1976] HDL Parser: Replacing 'MAX_CORE' by 2 for port or parameter 'nonce'
INFO: [IP_Flow 19-1976] HDL Parser: Replacing 'BUFFER_SIZE' by 80 for port or parameter 'buffer'
INFO: [IP_Flow 19-1976] HDL Parser: Replacing 'MAX_CORE' by 2 for port or parameter 'MESSAGE_BLOCK'
INFO: [IP_Flow 19-1976] HDL Parser: Replacing 'MAX_CORE' by 2 for port or parameter 'sha1_digest'
INFO: [IP_Flow 19-1976] HDL Parser: Replacing 'MAX_CORE' by 2 for port or parameter 'sha1_digest_valid'
INFO: [IP_Flow 19-1976] HDL Parser: Replacing 'MAX_CORE' by 2 for port or parameter 'sha1_core_ready'
INFO: [IP_Flow 19-1976] HDL Parser: Replacing 'MAX_CORE' by 2 for port or parameter 'sha1_init'
INFO: [IP_Flow 19-1976] HDL Parser: Replacing 'MAX_CORE' by 2 for port or parameter 'sha1_next'
INFO: [IP_Flow 19-1976] HDL Parser: Replacing 'MAX_CORE' by 2 for port or parameter 'sha1_digest_reg'
INFO: [IP_Flow 19-1976] HDL Parser: Replacing 'MAX_CORE' by 2 for port or parameter 'sha1_digest_valid_reg'
INFO: [IP_Flow 19-1976] HDL Parser: Replacing 'MAX_CORE' by 2 for port or parameter 'digest_valid_array'
INFO: [IP_Flow 19-1976] HDL Parser: Replacing 'MAX_CORE' by 2 for port or parameter 'ready_array'
INFO: [IP_Flow 19-1976] HDL Parser: Replacing 'MAX_CORE' by 2 for port or parameter 'match_array'
INFO: [IP_Flow 19-5107] Inferred bus interface 'rst_n' of definition 'xilinx.com:signal:reset:1.0' (from Xilinx Repository).
INFO: [IP_Flow 19-5107] Inferred bus interface 'clk' of definition 'xilinx.com:signal:clock:1.0' (from Xilinx Repository).
INFO: [IP_Flow 19-4728] Bus Interface 'rst_n': Added interface parameter 'POLARITY' with value 'ACTIVE_LOW'.
WARNING: [IP_Flow 19-3153] Bus Interface 'clk': ASSOCIATED_BUSIF bus parameter is missing.
INFO: [IP_Flow 19-234] Refreshing IP repositories
INFO: [IP_Flow 19-1704] No user IP repositories specified
Adding cell -- xilinx.com:ip:processing_system7:5.5 - processing_system7_0
Adding cell -- xilinx.com:module_ref:top:1.0 - top_0
Successfully read diagram <design_1> from BD file <C:/Users/Emerson/Documents/fpga/project_ebaz_miner/project_ebaz_miner.srcs/sources_1/bd/design_1/design_1.bd>
Upgrading 'C:/Users/Emerson/Documents/fpga/project_ebaz_miner/project_ebaz_miner.srcs/sources_1/bd/design_1/design_1.bd'
INFO: [IP_Flow 19-1972] Upgraded design_1_top_0_0 from top_v1_0 1.0 to top_v1_0 1.0
Wrote  : <C:/Users/Emerson/Documents/fpga/project_ebaz_miner/project_ebaz_miner.srcs/sources_1/bd/design_1/design_1.bd> 
validate_bd_design
save_bd_design
Wrote  : <C:/Users/Emerson/Documents/fpga/project_ebaz_miner/project_ebaz_miner.srcs/sources_1/bd/design_1/design_1.bd> 
close_bd_design [get_bd_designs design_1]
reset_run synth_1
launch_runs impl_1 -to_step write_bitstream -jobs 8
INFO: [BD 41-1662] The design 'design_1.bd' is already validated. Therefore parameter propagation will not be re-run.
VHDL Output written to : C:/Users/Emerson/Documents/fpga/project_ebaz_miner/project_ebaz_miner.srcs/sources_1/bd/design_1/synth/design_1.v
VHDL Output written to : C:/Users/Emerson/Documents/fpga/project_ebaz_miner/project_ebaz_miner.srcs/sources_1/bd/design_1/sim/design_1.v
VHDL Output written to : C:/Users/Emerson/Documents/fpga/project_ebaz_miner/project_ebaz_miner.srcs/sources_1/bd/design_1/hdl/design_1_wrapper.v
INFO: [BD 41-1029] Generation completed for the IP Integrator block processing_system7_0 .
INFO: [BD 41-1029] Generation completed for the IP Integrator block top_0 .
Exporting to file C:/Users/Emerson/Documents/fpga/project_ebaz_miner/project_ebaz_miner.srcs/sources_1/bd/design_1/hw_handoff/design_1.hwh
Generated Block Design Tcl file C:/Users/Emerson/Documents/fpga/project_ebaz_miner/project_ebaz_miner.srcs/sources_1/bd/design_1/hw_handoff/design_1_bd.tcl
Generated Hardware Definition File C:/Users/Emerson/Documents/fpga/project_ebaz_miner/project_ebaz_miner.srcs/sources_1/bd/design_1/synth/design_1.hwdef
[Thu Jul  2 13:50:45 2026] Launched design_1_top_0_0_synth_1, synth_1...
Run output will be captured here:
design_1_top_0_0_synth_1: C:/Users/Emerson/Documents/fpga/project_ebaz_miner/project_ebaz_miner.runs/design_1_top_0_0_synth_1/runme.log
synth_1: C:/Users/Emerson/Documents/fpga/project_ebaz_miner/project_ebaz_miner.runs/synth_1/runme.log
[Thu Jul  2 13:50:45 2026] Launched impl_1...
Run output will be captured here: C:/Users/Emerson/Documents/fpga/project_ebaz_miner/project_ebaz_miner.runs/impl_1/runme.log
launch_runs: Time (s): cpu = 00:00:01 ; elapsed = 00:00:08 . Memory (MB): peak = 1830.203 ; gain = 42.129
set_property PROBES.FILE {} [get_hw_devices xc7z010_1]
set_property FULL_PROBES.FILE {} [get_hw_devices xc7z010_1]
set_property PROGRAM.FILE {C:/Users/Emerson/Documents/fpga/project_ebaz_miner/project_ebaz_miner.runs/impl_1/design_1_wrapper.bit} [get_hw_devices xc7z010_1]
program_hw_devices [get_hw_devices xc7z010_1]
INFO: [Labtools 27-3164] End of startup status: HIGH
program_hw_devices: Time (s): cpu = 00:00:14 ; elapsed = 00:00:13 . Memory (MB): peak = 1836.043 ; gain = 0.000
refresh_hw_device [lindex [get_hw_devices xc7z010_1] 0]
INFO: [Labtools 27-1434] Device xc7z010 (JTAG device index = 1) is programmed with a design that has no supported debug core(s) in it.
WARNING: [Labtools 27-3361] The debug hub core was not detected.
Resolution: 
1. Make sure the clock connected to the debug hub (dbg_hub) core is a free running clock and is active.
2. Make sure the BSCAN_SWITCH_USER_MASK device property in Vivado Hardware Manager reflects the user scan chain setting in the design and refresh the device.  To determine the user scan chain setting in the design, open the implemented design and use 'get_property C_USER_SCAN_CHAIN [get_debug_cores dbg_hub]'.
For more details on setting the scan chain property, consult the Vivado Debug and Programming User Guide (UG908).
update_module_reference design_1_top_0_0
INFO: [IP_Flow 19-1976] HDL Parser: Replacing 'MAX_CORE' by 8 for port or parameter 'nonce'
INFO: [IP_Flow 19-1976] HDL Parser: Replacing 'BUFFER_SIZE' by 80 for port or parameter 'buffer'
INFO: [IP_Flow 19-1976] HDL Parser: Replacing 'MAX_CORE' by 8 for port or parameter 'MESSAGE_BLOCK'
INFO: [IP_Flow 19-1976] HDL Parser: Replacing 'MAX_CORE' by 8 for port or parameter 'sha1_digest'
INFO: [IP_Flow 19-1976] HDL Parser: Replacing 'MAX_CORE' by 8 for port or parameter 'sha1_digest_valid'
INFO: [IP_Flow 19-1976] HDL Parser: Replacing 'MAX_CORE' by 8 for port or parameter 'sha1_core_ready'
INFO: [IP_Flow 19-1976] HDL Parser: Replacing 'MAX_CORE' by 8 for port or parameter 'sha1_init'
INFO: [IP_Flow 19-1976] HDL Parser: Replacing 'MAX_CORE' by 8 for port or parameter 'sha1_next'
INFO: [IP_Flow 19-1976] HDL Parser: Replacing 'MAX_CORE' by 8 for port or parameter 'sha1_digest_reg'
INFO: [IP_Flow 19-1976] HDL Parser: Replacing 'MAX_CORE' by 8 for port or parameter 'sha1_digest_valid_reg'
INFO: [IP_Flow 19-1976] HDL Parser: Replacing 'MAX_CORE' by 8 for port or parameter 'digest_valid_array'
INFO: [IP_Flow 19-1976] HDL Parser: Replacing 'MAX_CORE' by 8 for port or parameter 'ready_array'
INFO: [IP_Flow 19-1976] HDL Parser: Replacing 'MAX_CORE' by 8 for port or parameter 'match_array'
INFO: [IP_Flow 19-5107] Inferred bus interface 'rst_n' of definition 'xilinx.com:signal:reset:1.0' (from Xilinx Repository).
INFO: [IP_Flow 19-5107] Inferred bus interface 'clk' of definition 'xilinx.com:signal:clock:1.0' (from Xilinx Repository).
INFO: [IP_Flow 19-4728] Bus Interface 'rst_n': Added interface parameter 'POLARITY' with value 'ACTIVE_LOW'.
WARNING: [IP_Flow 19-3153] Bus Interface 'clk': ASSOCIATED_BUSIF bus parameter is missing.
INFO: [IP_Flow 19-234] Refreshing IP repositories
INFO: [IP_Flow 19-1704] No user IP repositories specified
Adding cell -- xilinx.com:ip:processing_system7:5.5 - processing_system7_0
Adding cell -- xilinx.com:module_ref:top:1.0 - top_0
Successfully read diagram <design_1> from BD file <C:/Users/Emerson/Documents/fpga/project_ebaz_miner/project_ebaz_miner.srcs/sources_1/bd/design_1/design_1.bd>
Upgrading 'C:/Users/Emerson/Documents/fpga/project_ebaz_miner/project_ebaz_miner.srcs/sources_1/bd/design_1/design_1.bd'
INFO: [IP_Flow 19-1972] Upgraded design_1_top_0_0 from top_v1_0 1.0 to top_v1_0 1.0
Wrote  : <C:/Users/Emerson/Documents/fpga/project_ebaz_miner/project_ebaz_miner.srcs/sources_1/bd/design_1/design_1.bd> 
validate_bd_design
save_bd_design
Wrote  : <C:/Users/Emerson/Documents/fpga/project_ebaz_miner/project_ebaz_miner.srcs/sources_1/bd/design_1/design_1.bd> 
close_bd_design [get_bd_designs design_1]
reset_run synth_1
launch_runs impl_1 -to_step write_bitstream -jobs 8
INFO: [BD 41-1662] The design 'design_1.bd' is already validated. Therefore parameter propagation will not be re-run.
VHDL Output written to : C:/Users/Emerson/Documents/fpga/project_ebaz_miner/project_ebaz_miner.srcs/sources_1/bd/design_1/synth/design_1.v
VHDL Output written to : C:/Users/Emerson/Documents/fpga/project_ebaz_miner/project_ebaz_miner.srcs/sources_1/bd/design_1/sim/design_1.v
VHDL Output written to : C:/Users/Emerson/Documents/fpga/project_ebaz_miner/project_ebaz_miner.srcs/sources_1/bd/design_1/hdl/design_1_wrapper.v
INFO: [BD 41-1029] Generation completed for the IP Integrator block processing_system7_0 .
INFO: [BD 41-1029] Generation completed for the IP Integrator block top_0 .
Exporting to file C:/Users/Emerson/Documents/fpga/project_ebaz_miner/project_ebaz_miner.srcs/sources_1/bd/design_1/hw_handoff/design_1.hwh
Generated Block Design Tcl file C:/Users/Emerson/Documents/fpga/project_ebaz_miner/project_ebaz_miner.srcs/sources_1/bd/design_1/hw_handoff/design_1_bd.tcl
Generated Hardware Definition File C:/Users/Emerson/Documents/fpga/project_ebaz_miner/project_ebaz_miner.srcs/sources_1/bd/design_1/synth/design_1.hwdef
[Thu Jul  2 14:08:03 2026] Launched design_1_top_0_0_synth_1, synth_1...
Run output will be captured here:
design_1_top_0_0_synth_1: C:/Users/Emerson/Documents/fpga/project_ebaz_miner/project_ebaz_miner.runs/design_1_top_0_0_synth_1/runme.log
synth_1: C:/Users/Emerson/Documents/fpga/project_ebaz_miner/project_ebaz_miner.runs/synth_1/runme.log
[Thu Jul  2 14:08:04 2026] Launched impl_1...
Run output will be captured here: C:/Users/Emerson/Documents/fpga/project_ebaz_miner/project_ebaz_miner.runs/impl_1/runme.log
launch_runs: Time (s): cpu = 00:00:02 ; elapsed = 00:00:08 . Memory (MB): peak = 1878.285 ; gain = 41.746
set_property PROBES.FILE {} [get_hw_devices xc7z010_1]
set_property FULL_PROBES.FILE {} [get_hw_devices xc7z010_1]
set_property PROGRAM.FILE {C:/Users/Emerson/Documents/fpga/project_ebaz_miner/project_ebaz_miner.runs/impl_1/design_1_wrapper.bit} [get_hw_devices xc7z010_1]
program_hw_devices [get_hw_devices xc7z010_1]
INFO: [Labtools 27-3164] End of startup status: HIGH
program_hw_devices: Time (s): cpu = 00:00:13 ; elapsed = 00:00:13 . Memory (MB): peak = 1887.777 ; gain = 0.000
refresh_hw_device [lindex [get_hw_devices xc7z010_1] 0]
INFO: [Labtools 27-1434] Device xc7z010 (JTAG device index = 1) is programmed with a design that has no supported debug core(s) in it.
WARNING: [Labtools 27-3361] The debug hub core was not detected.
Resolution: 
1. Make sure the clock connected to the debug hub (dbg_hub) core is a free running clock and is active.
2. Make sure the BSCAN_SWITCH_USER_MASK device property in Vivado Hardware Manager reflects the user scan chain setting in the design and refresh the device.  To determine the user scan chain setting in the design, open the implemented design and use 'get_property C_USER_SCAN_CHAIN [get_debug_cores dbg_hub]'.
For more details on setting the scan chain property, consult the Vivado Debug and Programming User Guide (UG908).
open_run impl_1
INFO: [Netlist 29-17] Analyzing 1166 Unisim elements for replacement
INFO: [Netlist 29-28] Unisim Transformation completed in 0 CPU seconds
INFO: [Project 1-479] Netlist was created with Vivado 2018.2
INFO: [Device 21-403] Loading part xc7z010clg400-1
INFO: [Project 1-570] Preparing netlist for logic optimization
INFO: [Timing 38-478] Restoring timing data from binary archive.
INFO: [Timing 38-479] Binary timing data restore complete.
INFO: [Project 1-856] Restoring constraints from binary archive.
INFO: [Project 1-853] Binary constraint restore complete.
Reading XDEF placement.
Reading placer database...
Reading XDEF routing.
Read XDEF File: Time (s): cpu = 00:00:01 ; elapsed = 00:00:01 . Memory (MB): peak = 2737.660 ; gain = 5.922
Restored from archive | CPU: 1.000000 secs | Memory: 0.000000 MB |
Finished XDEF File Restore: Time (s): cpu = 00:00:01 ; elapsed = 00:00:01 . Memory (MB): peak = 2737.660 ; gain = 5.922
INFO: [Project 1-111] Unisim Transformation Summary:
No Unisim elements were transformed.

open_run: Time (s): cpu = 00:00:24 ; elapsed = 00:00:22 . Memory (MB): peak = 2816.586 ; gain = 928.809
report_utilization -name utilization_1
report_utilization: Time (s): cpu = 00:00:06 ; elapsed = 00:00:02 . Memory (MB): peak = 3030.832 ; gain = 0.000
close_design
update_module_reference design_1_top_0_0
INFO: [IP_Flow 19-1976] HDL Parser: Replacing 'MAX_CORE' by 14 for port or parameter 'nonce'
INFO: [IP_Flow 19-1976] HDL Parser: Replacing 'BUFFER_SIZE' by 80 for port or parameter 'buffer'
INFO: [IP_Flow 19-1976] HDL Parser: Replacing 'MAX_CORE' by 14 for port or parameter 'MESSAGE_BLOCK'
INFO: [IP_Flow 19-1976] HDL Parser: Replacing 'MAX_CORE' by 14 for port or parameter 'sha1_digest'
INFO: [IP_Flow 19-1976] HDL Parser: Replacing 'MAX_CORE' by 14 for port or parameter 'sha1_digest_valid'
INFO: [IP_Flow 19-1976] HDL Parser: Replacing 'MAX_CORE' by 14 for port or parameter 'sha1_core_ready'
INFO: [IP_Flow 19-1976] HDL Parser: Replacing 'MAX_CORE' by 14 for port or parameter 'sha1_init'
INFO: [IP_Flow 19-1976] HDL Parser: Replacing 'MAX_CORE' by 14 for port or parameter 'sha1_next'
INFO: [IP_Flow 19-1976] HDL Parser: Replacing 'MAX_CORE' by 14 for port or parameter 'sha1_digest_reg'
INFO: [IP_Flow 19-1976] HDL Parser: Replacing 'MAX_CORE' by 14 for port or parameter 'sha1_digest_valid_reg'
INFO: [IP_Flow 19-1976] HDL Parser: Replacing 'MAX_CORE' by 14 for port or parameter 'digest_valid_array'
INFO: [IP_Flow 19-1976] HDL Parser: Replacing 'MAX_CORE' by 14 for port or parameter 'ready_array'
INFO: [IP_Flow 19-1976] HDL Parser: Replacing 'MAX_CORE' by 14 for port or parameter 'match_array'
INFO: [IP_Flow 19-5107] Inferred bus interface 'rst_n' of definition 'xilinx.com:signal:reset:1.0' (from Xilinx Repository).
INFO: [IP_Flow 19-5107] Inferred bus interface 'clk' of definition 'xilinx.com:signal:clock:1.0' (from Xilinx Repository).
INFO: [IP_Flow 19-4728] Bus Interface 'rst_n': Added interface parameter 'POLARITY' with value 'ACTIVE_LOW'.
WARNING: [IP_Flow 19-3153] Bus Interface 'clk': ASSOCIATED_BUSIF bus parameter is missing.
INFO: [IP_Flow 19-234] Refreshing IP repositories
INFO: [IP_Flow 19-1704] No user IP repositories specified
Adding cell -- xilinx.com:ip:processing_system7:5.5 - processing_system7_0
Adding cell -- xilinx.com:module_ref:top:1.0 - top_0
Successfully read diagram <design_1> from BD file <C:/Users/Emerson/Documents/fpga/project_ebaz_miner/project_ebaz_miner.srcs/sources_1/bd/design_1/design_1.bd>
Upgrading 'C:/Users/Emerson/Documents/fpga/project_ebaz_miner/project_ebaz_miner.srcs/sources_1/bd/design_1/design_1.bd'
INFO: [IP_Flow 19-1972] Upgraded design_1_top_0_0 from top_v1_0 1.0 to top_v1_0 1.0
Wrote  : <C:/Users/Emerson/Documents/fpga/project_ebaz_miner/project_ebaz_miner.srcs/sources_1/bd/design_1/design_1.bd> 
validate_bd_design
save_bd_design
Wrote  : <C:/Users/Emerson/Documents/fpga/project_ebaz_miner/project_ebaz_miner.srcs/sources_1/bd/design_1/design_1.bd> 
close_bd_design [get_bd_designs design_1]
reset_run synth_1
launch_runs impl_1 -to_step write_bitstream -jobs 8
INFO: [BD 41-1662] The design 'design_1.bd' is already validated. Therefore parameter propagation will not be re-run.
VHDL Output written to : C:/Users/Emerson/Documents/fpga/project_ebaz_miner/project_ebaz_miner.srcs/sources_1/bd/design_1/synth/design_1.v
VHDL Output written to : C:/Users/Emerson/Documents/fpga/project_ebaz_miner/project_ebaz_miner.srcs/sources_1/bd/design_1/sim/design_1.v
VHDL Output written to : C:/Users/Emerson/Documents/fpga/project_ebaz_miner/project_ebaz_miner.srcs/sources_1/bd/design_1/hdl/design_1_wrapper.v
INFO: [BD 41-1029] Generation completed for the IP Integrator block processing_system7_0 .
INFO: [BD 41-1029] Generation completed for the IP Integrator block top_0 .
Exporting to file C:/Users/Emerson/Documents/fpga/project_ebaz_miner/project_ebaz_miner.srcs/sources_1/bd/design_1/hw_handoff/design_1.hwh
Generated Block Design Tcl file C:/Users/Emerson/Documents/fpga/project_ebaz_miner/project_ebaz_miner.srcs/sources_1/bd/design_1/hw_handoff/design_1_bd.tcl
Generated Hardware Definition File C:/Users/Emerson/Documents/fpga/project_ebaz_miner/project_ebaz_miner.srcs/sources_1/bd/design_1/synth/design_1.hwdef
[Thu Jul  2 14:23:15 2026] Launched design_1_top_0_0_synth_1, synth_1...
Run output will be captured here:
design_1_top_0_0_synth_1: C:/Users/Emerson/Documents/fpga/project_ebaz_miner/project_ebaz_miner.runs/design_1_top_0_0_synth_1/runme.log
synth_1: C:/Users/Emerson/Documents/fpga/project_ebaz_miner/project_ebaz_miner.runs/synth_1/runme.log
[Thu Jul  2 14:23:15 2026] Launched impl_1...
Run output will be captured here: C:/Users/Emerson/Documents/fpga/project_ebaz_miner/project_ebaz_miner.runs/impl_1/runme.log
launch_runs: Time (s): cpu = 00:00:01 ; elapsed = 00:00:08 . Memory (MB): peak = 3033.641 ; gain = 0.000
update_module_reference design_1_top_0_0
INFO: [IP_Flow 19-1976] HDL Parser: Replacing 'MAX_CORE' by 13 for port or parameter 'nonce'
INFO: [IP_Flow 19-1976] HDL Parser: Replacing 'BUFFER_SIZE' by 80 for port or parameter 'buffer'
INFO: [IP_Flow 19-1976] HDL Parser: Replacing 'MAX_CORE' by 13 for port or parameter 'MESSAGE_BLOCK'
INFO: [IP_Flow 19-1976] HDL Parser: Replacing 'MAX_CORE' by 13 for port or parameter 'sha1_digest'
INFO: [IP_Flow 19-1976] HDL Parser: Replacing 'MAX_CORE' by 13 for port or parameter 'sha1_digest_valid'
INFO: [IP_Flow 19-1976] HDL Parser: Replacing 'MAX_CORE' by 13 for port or parameter 'sha1_core_ready'
INFO: [IP_Flow 19-1976] HDL Parser: Replacing 'MAX_CORE' by 13 for port or parameter 'sha1_init'
INFO: [IP_Flow 19-1976] HDL Parser: Replacing 'MAX_CORE' by 13 for port or parameter 'sha1_next'
INFO: [IP_Flow 19-1976] HDL Parser: Replacing 'MAX_CORE' by 13 for port or parameter 'sha1_digest_reg'
INFO: [IP_Flow 19-1976] HDL Parser: Replacing 'MAX_CORE' by 13 for port or parameter 'sha1_digest_valid_reg'
INFO: [IP_Flow 19-1976] HDL Parser: Replacing 'MAX_CORE' by 13 for port or parameter 'digest_valid_array'
INFO: [IP_Flow 19-1976] HDL Parser: Replacing 'MAX_CORE' by 13 for port or parameter 'ready_array'
INFO: [IP_Flow 19-1976] HDL Parser: Replacing 'MAX_CORE' by 13 for port or parameter 'match_array'
INFO: [IP_Flow 19-5107] Inferred bus interface 'rst_n' of definition 'xilinx.com:signal:reset:1.0' (from Xilinx Repository).
INFO: [IP_Flow 19-5107] Inferred bus interface 'clk' of definition 'xilinx.com:signal:clock:1.0' (from Xilinx Repository).
INFO: [IP_Flow 19-4728] Bus Interface 'rst_n': Added interface parameter 'POLARITY' with value 'ACTIVE_LOW'.
WARNING: [IP_Flow 19-3153] Bus Interface 'clk': ASSOCIATED_BUSIF bus parameter is missing.
INFO: [IP_Flow 19-234] Refreshing IP repositories
INFO: [IP_Flow 19-1704] No user IP repositories specified
Adding cell -- xilinx.com:ip:processing_system7:5.5 - processing_system7_0
Adding cell -- xilinx.com:module_ref:top:1.0 - top_0
Successfully read diagram <design_1> from BD file <C:/Users/Emerson/Documents/fpga/project_ebaz_miner/project_ebaz_miner.srcs/sources_1/bd/design_1/design_1.bd>
Upgrading 'C:/Users/Emerson/Documents/fpga/project_ebaz_miner/project_ebaz_miner.srcs/sources_1/bd/design_1/design_1.bd'
INFO: [IP_Flow 19-1972] Upgraded design_1_top_0_0 from top_v1_0 1.0 to top_v1_0 1.0
Wrote  : <C:/Users/Emerson/Documents/fpga/project_ebaz_miner/project_ebaz_miner.srcs/sources_1/bd/design_1/design_1.bd> 
validate_bd_design
save_bd_design
Wrote  : <C:/Users/Emerson/Documents/fpga/project_ebaz_miner/project_ebaz_miner.srcs/sources_1/bd/design_1/design_1.bd> 
close_bd_design [get_bd_designs design_1]
reset_run synth_1
launch_runs impl_1 -to_step write_bitstream -jobs 8
INFO: [BD 41-1662] The design 'design_1.bd' is already validated. Therefore parameter propagation will not be re-run.
VHDL Output written to : C:/Users/Emerson/Documents/fpga/project_ebaz_miner/project_ebaz_miner.srcs/sources_1/bd/design_1/synth/design_1.v
VHDL Output written to : C:/Users/Emerson/Documents/fpga/project_ebaz_miner/project_ebaz_miner.srcs/sources_1/bd/design_1/sim/design_1.v
VHDL Output written to : C:/Users/Emerson/Documents/fpga/project_ebaz_miner/project_ebaz_miner.srcs/sources_1/bd/design_1/hdl/design_1_wrapper.v
INFO: [BD 41-1029] Generation completed for the IP Integrator block processing_system7_0 .
INFO: [BD 41-1029] Generation completed for the IP Integrator block top_0 .
Exporting to file C:/Users/Emerson/Documents/fpga/project_ebaz_miner/project_ebaz_miner.srcs/sources_1/bd/design_1/hw_handoff/design_1.hwh
Generated Block Design Tcl file C:/Users/Emerson/Documents/fpga/project_ebaz_miner/project_ebaz_miner.srcs/sources_1/bd/design_1/hw_handoff/design_1_bd.tcl
Generated Hardware Definition File C:/Users/Emerson/Documents/fpga/project_ebaz_miner/project_ebaz_miner.srcs/sources_1/bd/design_1/synth/design_1.hwdef
[Thu Jul  2 14:30:05 2026] Launched design_1_top_0_0_synth_1, synth_1...
Run output will be captured here:
design_1_top_0_0_synth_1: C:/Users/Emerson/Documents/fpga/project_ebaz_miner/project_ebaz_miner.runs/design_1_top_0_0_synth_1/runme.log
synth_1: C:/Users/Emerson/Documents/fpga/project_ebaz_miner/project_ebaz_miner.runs/synth_1/runme.log
[Thu Jul  2 14:30:05 2026] Launched impl_1...
Run output will be captured here: C:/Users/Emerson/Documents/fpga/project_ebaz_miner/project_ebaz_miner.runs/impl_1/runme.log
launch_runs: Time (s): cpu = 00:00:01 ; elapsed = 00:00:08 . Memory (MB): peak = 3033.641 ; gain = 0.000
set_property PROBES.FILE {} [get_hw_devices xc7z010_1]
set_property FULL_PROBES.FILE {} [get_hw_devices xc7z010_1]
set_property PROGRAM.FILE {C:/Users/Emerson/Documents/fpga/project_ebaz_miner/project_ebaz_miner.runs/impl_1/design_1_wrapper.bit} [get_hw_devices xc7z010_1]
program_hw_devices [get_hw_devices xc7z010_1]
INFO: [Labtools 27-3164] End of startup status: HIGH
program_hw_devices: Time (s): cpu = 00:00:13 ; elapsed = 00:00:13 . Memory (MB): peak = 3033.641 ; gain = 0.000
refresh_hw_device [lindex [get_hw_devices xc7z010_1] 0]
INFO: [Labtools 27-1434] Device xc7z010 (JTAG device index = 1) is programmed with a design that has no supported debug core(s) in it.
WARNING: [Labtools 27-3361] The debug hub core was not detected.
Resolution: 
1. Make sure the clock connected to the debug hub (dbg_hub) core is a free running clock and is active.
2. Make sure the BSCAN_SWITCH_USER_MASK device property in Vivado Hardware Manager reflects the user scan chain setting in the design and refresh the device.  To determine the user scan chain setting in the design, open the implemented design and use 'get_property C_USER_SCAN_CHAIN [get_debug_cores dbg_hub]'.
For more details on setting the scan chain property, consult the Vivado Debug and Programming User Guide (UG908).
open_run impl_1
INFO: [Netlist 29-17] Analyzing 1863 Unisim elements for replacement
INFO: [Netlist 29-28] Unisim Transformation completed in 0 CPU seconds
INFO: [Project 1-479] Netlist was created with Vivado 2018.2
INFO: [Project 1-570] Preparing netlist for logic optimization
INFO: [Timing 38-478] Restoring timing data from binary archive.
INFO: [Timing 38-479] Binary timing data restore complete.
INFO: [Project 1-856] Restoring constraints from binary archive.
INFO: [Project 1-853] Binary constraint restore complete.
Reading XDEF placement.
Reading placer database...
Reading XDEF routing.
Read XDEF File: Time (s): cpu = 00:00:02 ; elapsed = 00:00:02 . Memory (MB): peak = 3105.988 ; gain = 13.742
Restored from archive | CPU: 2.000000 secs | Memory: 0.000000 MB |
Finished XDEF File Restore: Time (s): cpu = 00:00:02 ; elapsed = 00:00:02 . Memory (MB): peak = 3105.988 ; gain = 13.742
INFO: [Project 1-111] Unisim Transformation Summary:
No Unisim elements were transformed.

open_run: Time (s): cpu = 00:00:09 ; elapsed = 00:00:06 . Memory (MB): peak = 3150.141 ; gain = 116.500
report_utilization -name utilization_1
report_utilization: Time (s): cpu = 00:00:04 ; elapsed = 00:00:02 . Memory (MB): peak = 3254.754 ; gain = 8.781
close_design
update_module_reference design_1_top_0_0
INFO: [IP_Flow 19-1976] HDL Parser: Replacing 'MAX_CORE' by 16 for port or parameter 'nonce'
INFO: [IP_Flow 19-1976] HDL Parser: Replacing 'BUFFER_SIZE' by 80 for port or parameter 'buffer'
INFO: [IP_Flow 19-1976] HDL Parser: Replacing 'MAX_CORE' by 16 for port or parameter 'MESSAGE_BLOCK'
INFO: [IP_Flow 19-1976] HDL Parser: Replacing 'MAX_CORE' by 16 for port or parameter 'sha1_digest'
INFO: [IP_Flow 19-1976] HDL Parser: Replacing 'MAX_CORE' by 16 for port or parameter 'sha1_digest_valid'
INFO: [IP_Flow 19-1976] HDL Parser: Replacing 'MAX_CORE' by 16 for port or parameter 'sha1_core_ready'
INFO: [IP_Flow 19-1976] HDL Parser: Replacing 'MAX_CORE' by 16 for port or parameter 'sha1_init'
INFO: [IP_Flow 19-1976] HDL Parser: Replacing 'MAX_CORE' by 16 for port or parameter 'sha1_digest_reg'
INFO: [IP_Flow 19-1976] HDL Parser: Replacing 'MAX_CORE' by 16 for port or parameter 'digest_valid_array'
INFO: [IP_Flow 19-1976] HDL Parser: Replacing 'MAX_CORE' by 16 for port or parameter 'ready_array'
INFO: [IP_Flow 19-1976] HDL Parser: Replacing 'MAX_CORE' by 16 for port or parameter 'match_array'
INFO: [IP_Flow 19-5107] Inferred bus interface 'rst_n' of definition 'xilinx.com:signal:reset:1.0' (from Xilinx Repository).
INFO: [IP_Flow 19-5107] Inferred bus interface 'clk' of definition 'xilinx.com:signal:clock:1.0' (from Xilinx Repository).
INFO: [IP_Flow 19-4728] Bus Interface 'rst_n': Added interface parameter 'POLARITY' with value 'ACTIVE_LOW'.
WARNING: [IP_Flow 19-3153] Bus Interface 'clk': ASSOCIATED_BUSIF bus parameter is missing.
INFO: [IP_Flow 19-234] Refreshing IP repositories
INFO: [IP_Flow 19-1704] No user IP repositories specified
Adding cell -- xilinx.com:ip:processing_system7:5.5 - processing_system7_0
Adding cell -- xilinx.com:module_ref:top:1.0 - top_0
Successfully read diagram <design_1> from BD file <C:/Users/Emerson/Documents/fpga/project_ebaz_miner/project_ebaz_miner.srcs/sources_1/bd/design_1/design_1.bd>
Upgrading 'C:/Users/Emerson/Documents/fpga/project_ebaz_miner/project_ebaz_miner.srcs/sources_1/bd/design_1/design_1.bd'
INFO: [IP_Flow 19-1972] Upgraded design_1_top_0_0 from top_v1_0 1.0 to top_v1_0 1.0
Wrote  : <C:/Users/Emerson/Documents/fpga/project_ebaz_miner/project_ebaz_miner.srcs/sources_1/bd/design_1/design_1.bd> 
validate_bd_design
save_bd_design
Wrote  : <C:/Users/Emerson/Documents/fpga/project_ebaz_miner/project_ebaz_miner.srcs/sources_1/bd/design_1/design_1.bd> 
close_bd_design [get_bd_designs design_1]
reset_run synth_1
launch_runs impl_1 -to_step write_bitstream -jobs 8
INFO: [BD 41-1662] The design 'design_1.bd' is already validated. Therefore parameter propagation will not be re-run.
VHDL Output written to : C:/Users/Emerson/Documents/fpga/project_ebaz_miner/project_ebaz_miner.srcs/sources_1/bd/design_1/synth/design_1.v
VHDL Output written to : C:/Users/Emerson/Documents/fpga/project_ebaz_miner/project_ebaz_miner.srcs/sources_1/bd/design_1/sim/design_1.v
VHDL Output written to : C:/Users/Emerson/Documents/fpga/project_ebaz_miner/project_ebaz_miner.srcs/sources_1/bd/design_1/hdl/design_1_wrapper.v
INFO: [BD 41-1029] Generation completed for the IP Integrator block processing_system7_0 .
INFO: [BD 41-1029] Generation completed for the IP Integrator block top_0 .
Exporting to file C:/Users/Emerson/Documents/fpga/project_ebaz_miner/project_ebaz_miner.srcs/sources_1/bd/design_1/hw_handoff/design_1.hwh
Generated Block Design Tcl file C:/Users/Emerson/Documents/fpga/project_ebaz_miner/project_ebaz_miner.srcs/sources_1/bd/design_1/hw_handoff/design_1_bd.tcl
Generated Hardware Definition File C:/Users/Emerson/Documents/fpga/project_ebaz_miner/project_ebaz_miner.srcs/sources_1/bd/design_1/synth/design_1.hwdef
[Thu Jul  2 15:05:28 2026] Launched design_1_top_0_0_synth_1, synth_1...
Run output will be captured here:
design_1_top_0_0_synth_1: C:/Users/Emerson/Documents/fpga/project_ebaz_miner/project_ebaz_miner.runs/design_1_top_0_0_synth_1/runme.log
synth_1: C:/Users/Emerson/Documents/fpga/project_ebaz_miner/project_ebaz_miner.runs/synth_1/runme.log
[Thu Jul  2 15:05:28 2026] Launched impl_1...
Run output will be captured here: C:/Users/Emerson/Documents/fpga/project_ebaz_miner/project_ebaz_miner.runs/impl_1/runme.log
launch_runs: Time (s): cpu = 00:00:01 ; elapsed = 00:00:08 . Memory (MB): peak = 3255.906 ; gain = 0.000
CRITICAL WARNING: [HDL 9-849] Syntax error : file ended before end of clause. [c:/Users/Emerson/Documents/fpga/project_ebaz_miner/project_ebaz_miner.srcs/sources_1/bd/design_1/ip/design_1_top_0_0/design_1_top_0_0_sim_netlist.vhdl:142015]
set_property PROBES.FILE {} [get_hw_devices xc7z010_1]
set_property FULL_PROBES.FILE {} [get_hw_devices xc7z010_1]
set_property PROGRAM.FILE {C:/Users/Emerson/Documents/fpga/project_ebaz_miner/project_ebaz_miner.runs/impl_1/design_1_wrapper.bit} [get_hw_devices xc7z010_1]
program_hw_devices [get_hw_devices xc7z010_1]
INFO: [Labtools 27-3164] End of startup status: HIGH
program_hw_devices: Time (s): cpu = 00:00:13 ; elapsed = 00:00:13 . Memory (MB): peak = 3255.906 ; gain = 0.000
refresh_hw_device [lindex [get_hw_devices xc7z010_1] 0]
INFO: [Labtools 27-1434] Device xc7z010 (JTAG device index = 1) is programmed with a design that has no supported debug core(s) in it.
WARNING: [Labtools 27-3361] The debug hub core was not detected.
Resolution: 
1. Make sure the clock connected to the debug hub (dbg_hub) core is a free running clock and is active.
2. Make sure the BSCAN_SWITCH_USER_MASK device property in Vivado Hardware Manager reflects the user scan chain setting in the design and refresh the device.  To determine the user scan chain setting in the design, open the implemented design and use 'get_property C_USER_SCAN_CHAIN [get_debug_cores dbg_hub]'.
For more details on setting the scan chain property, consult the Vivado Debug and Programming User Guide (UG908).
open_run impl_1
INFO: [Netlist 29-17] Analyzing 1228 Unisim elements for replacement
INFO: [Netlist 29-28] Unisim Transformation completed in 0 CPU seconds
INFO: [Project 1-479] Netlist was created with Vivado 2018.2
INFO: [Project 1-570] Preparing netlist for logic optimization
INFO: [Timing 38-478] Restoring timing data from binary archive.
INFO: [Timing 38-479] Binary timing data restore complete.
INFO: [Project 1-856] Restoring constraints from binary archive.
INFO: [Project 1-853] Binary constraint restore complete.
Reading XDEF placement.
Reading placer database...
Reading XDEF routing.
Read XDEF File: Time (s): cpu = 00:00:02 ; elapsed = 00:00:02 . Memory (MB): peak = 3276.055 ; gain = 5.574
Restored from archive | CPU: 2.000000 secs | Memory: 0.000000 MB |
Finished XDEF File Restore: Time (s): cpu = 00:00:02 ; elapsed = 00:00:02 . Memory (MB): peak = 3276.055 ; gain = 5.574
INFO: [Project 1-111] Unisim Transformation Summary:
No Unisim elements were transformed.

open_run: Time (s): cpu = 00:00:09 ; elapsed = 00:00:06 . Memory (MB): peak = 3312.121 ; gain = 56.215
report_utilization -name utilization_1
report_utilization: Time (s): cpu = 00:00:05 ; elapsed = 00:00:02 . Memory (MB): peak = 3397.320 ; gain = 9.672
close_design
update_module_reference design_1_top_0_0
INFO: [IP_Flow 19-1976] HDL Parser: Replacing 'MAX_CORE' by 18 for port or parameter 'nonce'
INFO: [IP_Flow 19-1976] HDL Parser: Replacing 'BUFFER_SIZE' by 80 for port or parameter 'buffer'
INFO: [IP_Flow 19-1976] HDL Parser: Replacing 'MAX_CORE' by 18 for port or parameter 'MESSAGE_BLOCK'
INFO: [IP_Flow 19-1976] HDL Parser: Replacing 'MAX_CORE' by 18 for port or parameter 'sha1_digest'
INFO: [IP_Flow 19-1976] HDL Parser: Replacing 'MAX_CORE' by 18 for port or parameter 'sha1_digest_valid'
INFO: [IP_Flow 19-1976] HDL Parser: Replacing 'MAX_CORE' by 18 for port or parameter 'sha1_core_ready'
INFO: [IP_Flow 19-1976] HDL Parser: Replacing 'MAX_CORE' by 18 for port or parameter 'sha1_init'
INFO: [IP_Flow 19-1976] HDL Parser: Replacing 'MAX_CORE' by 18 for port or parameter 'sha1_digest_reg'
INFO: [IP_Flow 19-1976] HDL Parser: Replacing 'MAX_CORE' by 18 for port or parameter 'digest_valid_array'
INFO: [IP_Flow 19-1976] HDL Parser: Replacing 'MAX_CORE' by 18 for port or parameter 'ready_array'
INFO: [IP_Flow 19-1976] HDL Parser: Replacing 'MAX_CORE' by 18 for port or parameter 'match_array'
INFO: [IP_Flow 19-5107] Inferred bus interface 'rst_n' of definition 'xilinx.com:signal:reset:1.0' (from Xilinx Repository).
INFO: [IP_Flow 19-5107] Inferred bus interface 'clk' of definition 'xilinx.com:signal:clock:1.0' (from Xilinx Repository).
INFO: [IP_Flow 19-4728] Bus Interface 'rst_n': Added interface parameter 'POLARITY' with value 'ACTIVE_LOW'.
WARNING: [IP_Flow 19-3153] Bus Interface 'clk': ASSOCIATED_BUSIF bus parameter is missing.
INFO: [IP_Flow 19-234] Refreshing IP repositories
INFO: [IP_Flow 19-1704] No user IP repositories specified
Adding cell -- xilinx.com:ip:processing_system7:5.5 - processing_system7_0
Adding cell -- xilinx.com:module_ref:top:1.0 - top_0
Successfully read diagram <design_1> from BD file <C:/Users/Emerson/Documents/fpga/project_ebaz_miner/project_ebaz_miner.srcs/sources_1/bd/design_1/design_1.bd>
Upgrading 'C:/Users/Emerson/Documents/fpga/project_ebaz_miner/project_ebaz_miner.srcs/sources_1/bd/design_1/design_1.bd'
INFO: [IP_Flow 19-1972] Upgraded design_1_top_0_0 from top_v1_0 1.0 to top_v1_0 1.0
Wrote  : <C:/Users/Emerson/Documents/fpga/project_ebaz_miner/project_ebaz_miner.srcs/sources_1/bd/design_1/design_1.bd> 
validate_bd_design
save_bd_design
Wrote  : <C:/Users/Emerson/Documents/fpga/project_ebaz_miner/project_ebaz_miner.srcs/sources_1/bd/design_1/design_1.bd> 
close_bd_design [get_bd_designs design_1]
update_module_reference design_1_top_0_0
INFO: [IP_Flow 19-1976] HDL Parser: Replacing 'MAX_CORE' by 18 for port or parameter 'nonce'
INFO: [IP_Flow 19-1976] HDL Parser: Replacing 'BUFFER_SIZE' by 80 for port or parameter 'buffer'
INFO: [IP_Flow 19-1976] HDL Parser: Replacing 'MAX_CORE' by 18 for port or parameter 'MESSAGE_BLOCK'
INFO: [IP_Flow 19-1976] HDL Parser: Replacing 'MAX_CORE' by 18 for port or parameter 'sha1_digest'
INFO: [IP_Flow 19-1976] HDL Parser: Replacing 'MAX_CORE' by 18 for port or parameter 'sha1_digest_valid'
INFO: [IP_Flow 19-1976] HDL Parser: Replacing 'MAX_CORE' by 18 for port or parameter 'sha1_core_ready'
INFO: [IP_Flow 19-1976] HDL Parser: Replacing 'MAX_CORE' by 18 for port or parameter 'sha1_init'
INFO: [IP_Flow 19-1976] HDL Parser: Replacing 'MAX_CORE' by 18 for port or parameter 'sha1_digest_reg'
INFO: [IP_Flow 19-1976] HDL Parser: Replacing 'MAX_CORE' by 18 for port or parameter 'digest_valid_array'
INFO: [IP_Flow 19-1976] HDL Parser: Replacing 'MAX_CORE' by 18 for port or parameter 'ready_array'
INFO: [IP_Flow 19-1976] HDL Parser: Replacing 'MAX_CORE' by 18 for port or parameter 'match_array'
INFO: [IP_Flow 19-5107] Inferred bus interface 'rst_n' of definition 'xilinx.com:signal:reset:1.0' (from Xilinx Repository).
INFO: [IP_Flow 19-5107] Inferred bus interface 'clk' of definition 'xilinx.com:signal:clock:1.0' (from Xilinx Repository).
INFO: [IP_Flow 19-4728] Bus Interface 'rst_n': Added interface parameter 'POLARITY' with value 'ACTIVE_LOW'.
WARNING: [IP_Flow 19-3153] Bus Interface 'clk': ASSOCIATED_BUSIF bus parameter is missing.
INFO: [IP_Flow 19-234] Refreshing IP repositories
INFO: [IP_Flow 19-1704] No user IP repositories specified
Adding cell -- xilinx.com:ip:processing_system7:5.5 - processing_system7_0
Adding cell -- xilinx.com:module_ref:top:1.0 - top_0
Successfully read diagram <design_1> from BD file <C:/Users/Emerson/Documents/fpga/project_ebaz_miner/project_ebaz_miner.srcs/sources_1/bd/design_1/design_1.bd>
Upgrading 'C:/Users/Emerson/Documents/fpga/project_ebaz_miner/project_ebaz_miner.srcs/sources_1/bd/design_1/design_1.bd'
INFO: [IP_Flow 19-1972] Upgraded design_1_top_0_0 from top_v1_0 1.0 to top_v1_0 1.0
Wrote  : <C:/Users/Emerson/Documents/fpga/project_ebaz_miner/project_ebaz_miner.srcs/sources_1/bd/design_1/design_1.bd> 
validate_bd_design
save_bd_design
Wrote  : <C:/Users/Emerson/Documents/fpga/project_ebaz_miner/project_ebaz_miner.srcs/sources_1/bd/design_1/design_1.bd> 
close_bd_design [get_bd_designs design_1]
reset_run synth_1
launch_runs impl_1 -to_step write_bitstream -jobs 8
INFO: [BD 41-1662] The design 'design_1.bd' is already validated. Therefore parameter propagation will not be re-run.
VHDL Output written to : C:/Users/Emerson/Documents/fpga/project_ebaz_miner/project_ebaz_miner.srcs/sources_1/bd/design_1/synth/design_1.v
VHDL Output written to : C:/Users/Emerson/Documents/fpga/project_ebaz_miner/project_ebaz_miner.srcs/sources_1/bd/design_1/sim/design_1.v
VHDL Output written to : C:/Users/Emerson/Documents/fpga/project_ebaz_miner/project_ebaz_miner.srcs/sources_1/bd/design_1/hdl/design_1_wrapper.v
INFO: [BD 41-1029] Generation completed for the IP Integrator block processing_system7_0 .
INFO: [BD 41-1029] Generation completed for the IP Integrator block top_0 .
Exporting to file C:/Users/Emerson/Documents/fpga/project_ebaz_miner/project_ebaz_miner.srcs/sources_1/bd/design_1/hw_handoff/design_1.hwh
Generated Block Design Tcl file C:/Users/Emerson/Documents/fpga/project_ebaz_miner/project_ebaz_miner.srcs/sources_1/bd/design_1/hw_handoff/design_1_bd.tcl
Generated Hardware Definition File C:/Users/Emerson/Documents/fpga/project_ebaz_miner/project_ebaz_miner.srcs/sources_1/bd/design_1/synth/design_1.hwdef
[Thu Jul  2 15:26:59 2026] Launched design_1_top_0_0_synth_1, synth_1...
Run output will be captured here:
design_1_top_0_0_synth_1: C:/Users/Emerson/Documents/fpga/project_ebaz_miner/project_ebaz_miner.runs/design_1_top_0_0_synth_1/runme.log
synth_1: C:/Users/Emerson/Documents/fpga/project_ebaz_miner/project_ebaz_miner.runs/synth_1/runme.log
[Thu Jul  2 15:26:59 2026] Launched impl_1...
Run output will be captured here: C:/Users/Emerson/Documents/fpga/project_ebaz_miner/project_ebaz_miner.runs/impl_1/runme.log
launch_runs: Time (s): cpu = 00:00:01 ; elapsed = 00:00:08 . Memory (MB): peak = 3397.320 ; gain = 0.000
set_property PROBES.FILE {} [get_hw_devices xc7z010_1]
set_property FULL_PROBES.FILE {} [get_hw_devices xc7z010_1]
set_property PROGRAM.FILE {C:/Users/Emerson/Documents/fpga/project_ebaz_miner/project_ebaz_miner.runs/impl_1/design_1_wrapper.bit} [get_hw_devices xc7z010_1]
program_hw_devices [get_hw_devices xc7z010_1]
INFO: [Labtools 27-3164] End of startup status: HIGH
program_hw_devices: Time (s): cpu = 00:00:14 ; elapsed = 00:00:14 . Memory (MB): peak = 3397.320 ; gain = 0.000
refresh_hw_device [lindex [get_hw_devices xc7z010_1] 0]
INFO: [Labtools 27-1434] Device xc7z010 (JTAG device index = 1) is programmed with a design that has no supported debug core(s) in it.
WARNING: [Labtools 27-3361] The debug hub core was not detected.
Resolution: 
1. Make sure the clock connected to the debug hub (dbg_hub) core is a free running clock and is active.
2. Make sure the BSCAN_SWITCH_USER_MASK device property in Vivado Hardware Manager reflects the user scan chain setting in the design and refresh the device.  To determine the user scan chain setting in the design, open the implemented design and use 'get_property C_USER_SCAN_CHAIN [get_debug_cores dbg_hub]'.
For more details on setting the scan chain property, consult the Vivado Debug and Programming User Guide (UG908).
