#-----------------------------------------------------------
# Vivado v2018.2 (64-bit)
# SW Build 2258646 on Thu Jun 14 20:03:12 MDT 2018
# IP Build 2256618 on Thu Jun 14 22:10:49 MDT 2018
# Start of session at: Sat May 23 15:36:17 2026
# Process ID: 14544
# Current directory: C:/Users/Emerson/Documents/fpga/project_ebaz_miner
# Command line: vivado.exe -gui_launcher_event rodinguilauncherevent2336 C:\Users\Emerson\Documents\fpga\project_ebaz_miner\project_ebaz_miner.xpr
# Log file: C:/Users/Emerson/Documents/fpga/project_ebaz_miner/vivado.log
# Journal file: C:/Users/Emerson/Documents/fpga/project_ebaz_miner\vivado.jou
#-----------------------------------------------------------
start_gui
open_project C:/Users/Emerson/Documents/fpga/project_ebaz_miner/project_ebaz_miner.xpr
Scanning sources...
Finished scanning sources
WARNING: [filemgmt 56-3] IPUserFilesDir: Could not find the directory 'C:/Users/Emerson/Documents/fpga/project_ebaz_miner/project_ebaz_miner.ip_user_files'.
INFO: [IP_Flow 19-234] Refreshing IP repositories
INFO: [IP_Flow 19-1704] No user IP repositories specified
INFO: [IP_Flow 19-2313] Loaded Vivado IP repository 'C:/Xilinx/Vivado/2018.2/data/ip'.
open_project: Time (s): cpu = 00:00:09 ; elapsed = 00:00:05 . Memory (MB): peak = 946.066 ; gain = 187.379
update_compile_order -fileset sources_1
open_hw
connect_hw_server
INFO: [Labtools 27-2285] Connecting to hw_server url TCP:localhost:3121
INFO: [Labtools 27-2222] Launching hw_server...
INFO: [Labtools 27-2221] Launch Output:

****** Xilinx hw_server v2018.2
  **** Build date : Jun 14 2018-20:42:52
    ** Copyright 1986-2018 Xilinx, Inc. All Rights Reserved.


open_hw_target -xvc_url localhost:2542
INFO: [Labtools 27-2285] Connecting to hw_server url TCP:localhost:3121
INFO: [Labtoolstcl 44-466] Opening hw_target localhost:3121/xilinx_tcf/Xilinx/localhost:2542
launch_sdk -workspace C:/Users/Emerson/Documents/fpga/project_ebaz_miner/project_ebaz_miner.sdk -hwspec C:/Users/Emerson/Documents/fpga/project_ebaz_miner/project_ebaz_miner.sdk/design_1_wrapper.hdf
INFO: [Vivado 12-393] Launching SDK...
INFO: [Vivado 12-417] Running xsdk -workspace C:/Users/Emerson/Documents/fpga/project_ebaz_miner/project_ebaz_miner.sdk -hwspec C:/Users/Emerson/Documents/fpga/project_ebaz_miner/project_ebaz_miner.sdk/design_1_wrapper.hdf
INFO: [Vivado 12-3157] SDK launch initiated. Please check console for any further messages.
exit
INFO: [Common 17-206] Exiting Vivado at Sat May 23 15:48:00 2026...
