Copyright 1986-2018 Xilinx, Inc. All Rights Reserved.
---------------------------------------------------------------------------------------------
| Tool Version : Vivado v.2018.2 (win64) Build 2258646 Thu Jun 14 20:03:12 MDT 2018
| Date         : Tue May 12 17:18:38 2026
| Host         : DESKTOP-HM5HD61 running 64-bit major release  (build 9200)
| Command      : report_control_sets -verbose -file design_1_wrapper_control_sets_placed.rpt
| Design       : design_1_wrapper
| Device       : xc7z010
---------------------------------------------------------------------------------------------

Control Set Information

Table of Contents
-----------------
1. Summary
2. Histogram
3. Flip-Flop Distribution
4. Detailed Control Set Information

1. Summary
----------

+----------------------------------------------------------+-------+
|                          Status                          | Count |
+----------------------------------------------------------+-------+
| Number of unique control sets                            |   114 |
| Unused register locations in slices containing registers |    54 |
+----------------------------------------------------------+-------+


2. Histogram
------------

+--------+--------------+
| Fanout | Control Sets |
+--------+--------------+
|     14 |            2 |
|    16+ |          112 |
+--------+--------------+


3. Flip-Flop Distribution
-------------------------

+--------------+-----------------------+------------------------+-----------------+--------------+
| Clock Enable | Synchronous Set/Reset | Asynchronous Set/Reset | Total Registers | Total Slices |
+--------------+-----------------------+------------------------+-----------------+--------------+
| No           | No                    | No                     |              14 |            5 |
| No           | No                    | Yes                    |             178 |           39 |
| No           | Yes                   | No                     |               0 |            0 |
| Yes          | No                    | No                     |            3888 |          655 |
| Yes          | No                    | Yes                    |           13608 |         1615 |
| Yes          | Yes                   | No                     |             106 |           21 |
+--------------+-----------------------+------------------------+-----------------+--------------+


4. Detailed Control Set Information
-----------------------------------

+-------------------------------------------------+-------------------------------------------------------------------+---------------------------------------------------------------------------+------------------+----------------+
|                   Clock Signal                  |                           Enable Signal                           |                              Set/Reset Signal                             | Slice Load Count | Bel Load Count |
+-------------------------------------------------+-------------------------------------------------------------------+---------------------------------------------------------------------------+------------------+----------------+
|  design_1_i/processing_system7_0/inst/FCLK_CLK0 |                                                                   |                                                                           |                5 |             14 |
|  design_1_i/processing_system7_0/inst/FCLK_CLK0 | design_1_i/top_0/inst/byte_count[6]_i_1_n_0                       | design_1_i/top_0/inst/sha1_loop[6].sha1_inst/w_mem_inst/w_mem_reg[1][0]_1 |                4 |             14 |
|  design_1_i/processing_system7_0/inst/FCLK_CLK0 | design_1_i/top_0/inst/buffer[49][7]_i_1_n_0                       |                                                                           |                3 |             16 |
|  design_1_i/processing_system7_0/inst/FCLK_CLK0 | design_1_i/top_0/inst/buffer[5][7]_i_1_n_0                        |                                                                           |                5 |             16 |
|  design_1_i/processing_system7_0/inst/FCLK_CLK0 | design_1_i/top_0/inst/buffer[6][7]_i_1_n_0                        |                                                                           |                5 |             16 |
|  design_1_i/processing_system7_0/inst/FCLK_CLK0 | design_1_i/top_0/inst/buffer[67][7]_i_1_n_0                       |                                                                           |                1 |             16 |
|  design_1_i/processing_system7_0/inst/FCLK_CLK0 | design_1_i/top_0/inst/buffer[70][7]_i_1_n_0                       |                                                                           |                2 |             16 |
|  design_1_i/processing_system7_0/inst/FCLK_CLK0 | design_1_i/top_0/inst/buffer[71][7]_i_1_n_0                       |                                                                           |                1 |             16 |
|  design_1_i/processing_system7_0/inst/FCLK_CLK0 | design_1_i/top_0/inst/buffer[72][7]_i_1_n_0                       |                                                                           |                2 |             16 |
|  design_1_i/processing_system7_0/inst/FCLK_CLK0 | design_1_i/top_0/inst/buffer[40][7]_i_1_n_0                       |                                                                           |                2 |             16 |
|  design_1_i/processing_system7_0/inst/FCLK_CLK0 | design_1_i/top_0/inst/buffer[2][7]_i_1_n_0                        |                                                                           |                4 |             16 |
|  design_1_i/processing_system7_0/inst/FCLK_CLK0 | design_1_i/top_0/inst/buffer[43][7]_i_1_n_0                       |                                                                           |                1 |             16 |
|  design_1_i/processing_system7_0/inst/FCLK_CLK0 | design_1_i/top_0/inst/buffer[44][7]_i_1_n_0                       |                                                                           |                1 |             16 |
|  design_1_i/processing_system7_0/inst/FCLK_CLK0 | design_1_i/top_0/inst/buffer[45][7]_i_1_n_0                       |                                                                           |                2 |             16 |
|  design_1_i/processing_system7_0/inst/FCLK_CLK0 | design_1_i/top_0/inst/buffer[47][7]_i_1_n_0                       |                                                                           |                2 |             16 |
|  design_1_i/processing_system7_0/inst/FCLK_CLK0 | design_1_i/top_0/inst/buffer[27][7]_i_1_n_0                       |                                                                           |                3 |             16 |
|  design_1_i/processing_system7_0/inst/FCLK_CLK0 | design_1_i/top_0/inst/buffer[39][7]_i_1_n_0                       |                                                                           |                3 |             16 |
|  design_1_i/processing_system7_0/inst/FCLK_CLK0 | design_1_i/top_0/inst/buffer[28][7]_i_1_n_0                       |                                                                           |                2 |             16 |
|  design_1_i/processing_system7_0/inst/FCLK_CLK0 | design_1_i/top_0/inst/buffer[31][7]_i_1_n_0                       |                                                                           |                5 |             16 |
|  design_1_i/processing_system7_0/inst/FCLK_CLK0 | design_1_i/top_0/inst/buffer[57][7]_i_1_n_0                       |                                                                           |                2 |             16 |
|  design_1_i/processing_system7_0/inst/FCLK_CLK0 | design_1_i/top_0/inst/buffer[63][7]_i_1_n_0                       |                                                                           |                1 |             16 |
|  design_1_i/processing_system7_0/inst/FCLK_CLK0 | design_1_i/top_0/inst/buffer[64][7]_i_1_n_0                       |                                                                           |                1 |             16 |
|  design_1_i/processing_system7_0/inst/FCLK_CLK0 | design_1_i/top_0/inst/buffer[77][7]_i_1_n_0                       |                                                                           |                2 |             16 |
|  design_1_i/processing_system7_0/inst/FCLK_CLK0 | design_1_i/top_0/inst/buffer[78][7]_i_1_n_0                       |                                                                           |                3 |             16 |
|  design_1_i/processing_system7_0/inst/FCLK_CLK0 | design_1_i/top_0/inst/buffer[79][7]_i_1_n_0                       |                                                                           |                4 |             16 |
|  design_1_i/processing_system7_0/inst/FCLK_CLK0 | design_1_i/top_0/inst/buffer[7][7]_i_1_n_0                        |                                                                           |                4 |             16 |
|  design_1_i/processing_system7_0/inst/FCLK_CLK0 | design_1_i/top_0/inst/buffer[76][7]_i_1_n_0                       |                                                                           |                3 |             16 |
|  design_1_i/processing_system7_0/inst/FCLK_CLK0 | design_1_i/top_0/inst/buffer[75][7]_i_1_n_0                       |                                                                           |                1 |             16 |
|  design_1_i/processing_system7_0/inst/FCLK_CLK0 | design_1_i/top_0/inst/buffer[73][7]_i_1_n_0                       |                                                                           |                2 |             16 |
|  design_1_i/processing_system7_0/inst/FCLK_CLK0 | design_1_i/top_0/inst/buffer[8][7]_i_1_n_0                        |                                                                           |                5 |             16 |
|  design_1_i/processing_system7_0/inst/FCLK_CLK0 | design_1_i/top_0/inst/uart_rx_inst/rx_data_valid01_out            | design_1_i/top_0/inst/sha1_loop[6].sha1_inst/w_mem_inst/w_mem_reg[1][0]_1 |                4 |             16 |
|  design_1_i/processing_system7_0/inst/FCLK_CLK0 | design_1_i/top_0/inst/buffer[9][7]_i_1_n_0                        |                                                                           |                6 |             16 |
|  design_1_i/processing_system7_0/inst/FCLK_CLK0 | design_1_i/top_0/inst/uart_tx_inst/tx_data_latch0                 | design_1_i/top_0/inst/sha1_loop[6].sha1_inst/w_mem_inst/w_mem_reg[1][0]_1 |                4 |             16 |
|  design_1_i/processing_system7_0/inst/FCLK_CLK0 | design_1_i/top_0/inst/buffer[74][7]_i_1_n_0                       |                                                                           |                5 |             16 |
|  design_1_i/processing_system7_0/inst/FCLK_CLK0 | design_1_i/top_0/inst/buffer[0][7]_i_1_n_0                        |                                                                           |                6 |             16 |
|  design_1_i/processing_system7_0/inst/FCLK_CLK0 | design_1_i/top_0/inst/buffer[11][7]_i_1_n_0                       |                                                                           |                4 |             16 |
|  design_1_i/processing_system7_0/inst/FCLK_CLK0 | design_1_i/top_0/inst/buffer[17][7]_i_1_n_0                       |                                                                           |                6 |             16 |
|  design_1_i/processing_system7_0/inst/FCLK_CLK0 | design_1_i/top_0/inst/buffer[13][7]_i_1_n_0                       |                                                                           |                4 |             16 |
|  design_1_i/processing_system7_0/inst/FCLK_CLK0 | design_1_i/top_0/inst/buffer[10][7]_i_1_n_0                       |                                                                           |                3 |             16 |
|  design_1_i/processing_system7_0/inst/FCLK_CLK0 | design_1_i/top_0/inst/buffer[12][7]_i_1_n_0                       |                                                                           |                3 |             16 |
|  design_1_i/processing_system7_0/inst/FCLK_CLK0 | design_1_i/top_0/inst/buffer[14][7]_i_1_n_0                       |                                                                           |                5 |             16 |
|  design_1_i/processing_system7_0/inst/FCLK_CLK0 | design_1_i/top_0/inst/buffer[16][7]_i_1_n_0                       |                                                                           |                3 |             16 |
|  design_1_i/processing_system7_0/inst/FCLK_CLK0 | design_1_i/top_0/inst/buffer[18][7]_i_1_n_0                       |                                                                           |                6 |             16 |
|  design_1_i/processing_system7_0/inst/FCLK_CLK0 | design_1_i/top_0/inst/buffer[15][7]_i_1_n_0                       |                                                                           |                2 |             16 |
|  design_1_i/processing_system7_0/inst/FCLK_CLK0 | design_1_i/top_0/inst/buffer[19][7]_i_1_n_0                       |                                                                           |                5 |             16 |
|  design_1_i/processing_system7_0/inst/FCLK_CLK0 | design_1_i/top_0/inst/buffer[1][7]_i_1_n_0                        |                                                                           |                8 |             16 |
|  design_1_i/processing_system7_0/inst/FCLK_CLK0 | design_1_i/top_0/inst/buffer[20][7]_i_1_n_0                       |                                                                           |                7 |             16 |
|  design_1_i/processing_system7_0/inst/FCLK_CLK0 | design_1_i/top_0/inst/buffer[21][7]_i_1_n_0                       |                                                                           |                3 |             16 |
|  design_1_i/processing_system7_0/inst/FCLK_CLK0 | design_1_i/top_0/inst/buffer[46][7]_i_1_n_0                       |                                                                           |                2 |             16 |
|  design_1_i/processing_system7_0/inst/FCLK_CLK0 | design_1_i/top_0/inst/buffer[30][7]_i_1_n_0                       |                                                                           |                4 |             16 |
|  design_1_i/processing_system7_0/inst/FCLK_CLK0 | design_1_i/top_0/inst/buffer[32][7]_i_1_n_0                       |                                                                           |                6 |             16 |
|  design_1_i/processing_system7_0/inst/FCLK_CLK0 | design_1_i/top_0/inst/buffer[34][7]_i_1_n_0                       |                                                                           |                7 |             16 |
|  design_1_i/processing_system7_0/inst/FCLK_CLK0 | design_1_i/top_0/inst/buffer[35][7]_i_1_n_0                       |                                                                           |                5 |             16 |
|  design_1_i/processing_system7_0/inst/FCLK_CLK0 | design_1_i/top_0/inst/buffer[29][7]_i_1_n_0                       |                                                                           |                5 |             16 |
|  design_1_i/processing_system7_0/inst/FCLK_CLK0 | design_1_i/top_0/inst/buffer[36][7]_i_1_n_0                       |                                                                           |                3 |             16 |
|  design_1_i/processing_system7_0/inst/FCLK_CLK0 | design_1_i/top_0/inst/buffer[26][7]_i_1_n_0                       |                                                                           |                5 |             16 |
|  design_1_i/processing_system7_0/inst/FCLK_CLK0 | design_1_i/top_0/inst/buffer[24][7]_i_1_n_0                       |                                                                           |                5 |             16 |
|  design_1_i/processing_system7_0/inst/FCLK_CLK0 | design_1_i/top_0/inst/buffer[48][7]_i_1_n_0                       |                                                                           |                3 |             16 |
|  design_1_i/processing_system7_0/inst/FCLK_CLK0 | design_1_i/top_0/inst/buffer[3][7]_i_1_n_0                        |                                                                           |                5 |             16 |
|  design_1_i/processing_system7_0/inst/FCLK_CLK0 | design_1_i/top_0/inst/buffer[41][7]_i_1_n_0                       |                                                                           |                4 |             16 |
|  design_1_i/processing_system7_0/inst/FCLK_CLK0 | design_1_i/top_0/inst/buffer[42][7]_i_1_n_0                       |                                                                           |                3 |             16 |
|  design_1_i/processing_system7_0/inst/FCLK_CLK0 | design_1_i/top_0/inst/buffer[50][7]_i_1_n_0                       |                                                                           |                3 |             16 |
|  design_1_i/processing_system7_0/inst/FCLK_CLK0 | design_1_i/top_0/inst/buffer[51][7]_i_1_n_0                       |                                                                           |                1 |             16 |
|  design_1_i/processing_system7_0/inst/FCLK_CLK0 | design_1_i/top_0/inst/buffer[22][7]_i_1_n_0                       |                                                                           |                3 |             16 |
|  design_1_i/processing_system7_0/inst/FCLK_CLK0 | design_1_i/top_0/inst/buffer[4][7]_i_1_n_0                        |                                                                           |                5 |             16 |
|  design_1_i/processing_system7_0/inst/FCLK_CLK0 | design_1_i/top_0/inst/buffer[52][7]_i_1_n_0                       |                                                                           |                1 |             16 |
|  design_1_i/processing_system7_0/inst/FCLK_CLK0 | design_1_i/top_0/inst/buffer[53][7]_i_1_n_0                       |                                                                           |                2 |             16 |
|  design_1_i/processing_system7_0/inst/FCLK_CLK0 | design_1_i/top_0/inst/buffer[55][7]_i_1_n_0                       |                                                                           |                2 |             16 |
|  design_1_i/processing_system7_0/inst/FCLK_CLK0 | design_1_i/top_0/inst/buffer[56][7]_i_1_n_0                       |                                                                           |                2 |             16 |
|  design_1_i/processing_system7_0/inst/FCLK_CLK0 | design_1_i/top_0/inst/buffer[58][7]_i_1_n_0                       |                                                                           |                2 |             16 |
|  design_1_i/processing_system7_0/inst/FCLK_CLK0 | design_1_i/top_0/inst/buffer[59][7]_i_1_n_0                       |                                                                           |                2 |             16 |
|  design_1_i/processing_system7_0/inst/FCLK_CLK0 | design_1_i/top_0/inst/buffer[60][7]_i_1_n_0                       |                                                                           |                2 |             16 |
|  design_1_i/processing_system7_0/inst/FCLK_CLK0 | design_1_i/top_0/inst/buffer[37][7]_i_1_n_0                       |                                                                           |                5 |             16 |
|  design_1_i/processing_system7_0/inst/FCLK_CLK0 | design_1_i/top_0/inst/buffer[62][7]_i_1_n_0                       |                                                                           |                2 |             16 |
|  design_1_i/processing_system7_0/inst/FCLK_CLK0 | design_1_i/top_0/inst/buffer[65][7]_i_1_n_0                       |                                                                           |                1 |             16 |
|  design_1_i/processing_system7_0/inst/FCLK_CLK0 | design_1_i/top_0/inst/buffer[66][7]_i_1_n_0                       |                                                                           |                1 |             16 |
|  design_1_i/processing_system7_0/inst/FCLK_CLK0 | design_1_i/top_0/inst/buffer[25][7]_i_1_n_0                       |                                                                           |                2 |             16 |
|  design_1_i/processing_system7_0/inst/FCLK_CLK0 | design_1_i/top_0/inst/buffer[68][7]_i_1_n_0                       |                                                                           |                2 |             16 |
|  design_1_i/processing_system7_0/inst/FCLK_CLK0 | design_1_i/top_0/inst/buffer[54][7]_i_1_n_0                       |                                                                           |                2 |             16 |
|  design_1_i/processing_system7_0/inst/FCLK_CLK0 | design_1_i/top_0/inst/buffer[61][7]_i_1_n_0                       |                                                                           |                2 |             16 |
|  design_1_i/processing_system7_0/inst/FCLK_CLK0 | design_1_i/top_0/inst/buffer[69][7]_i_1_n_0                       |                                                                           |                1 |             16 |
|  design_1_i/processing_system7_0/inst/FCLK_CLK0 | design_1_i/top_0/inst/buffer[23][7]_i_1_n_0                       |                                                                           |                4 |             16 |
|  design_1_i/processing_system7_0/inst/FCLK_CLK0 | design_1_i/top_0/inst/buffer[33][7]_i_1_n_0                       |                                                                           |                1 |             16 |
|  design_1_i/processing_system7_0/inst/FCLK_CLK0 | design_1_i/top_0/inst/buffer[38][7]_i_1_n_0                       |                                                                           |                5 |             16 |
|  design_1_i/processing_system7_0/inst/FCLK_CLK0 | design_1_i/top_0/inst/uart_tx_inst/tx_data_reg[0][0]              | design_1_i/top_0/inst/sha1_loop[6].sha1_inst/w_mem_inst/w_mem_reg[1][0]_1 |                8 |             26 |
|  design_1_i/processing_system7_0/inst/FCLK_CLK0 | design_1_i/top_0/inst/uart_tx_inst/E[0]                           |                                                                           |               15 |             48 |
|  design_1_i/processing_system7_0/inst/FCLK_CLK0 | design_1_i/top_0/inst/sha1_loop[3].sha1_inst/nonce_0_reg[2]       | design_1_i/top_0/inst/sha1_loop[3].sha1_inst/nonce_0_reg[26]              |               14 |             50 |
|  design_1_i/processing_system7_0/inst/FCLK_CLK0 | design_1_i/top_0/inst/sha1_loop[3].sha1_inst/clock_counter_reg[0] | design_1_i/top_0/inst/sha1_loop[3].sha1_inst/clock_counter_reg[27]        |                7 |             56 |
|  design_1_i/processing_system7_0/inst/FCLK_CLK0 |                                                                   | design_1_i/top_0/inst/sha1_loop[6].sha1_inst/w_mem_inst/w_mem_reg[1][0]_1 |               39 |            178 |
|  design_1_i/processing_system7_0/inst/FCLK_CLK0 | design_1_i/top_0/inst/sha1_loop[0].sha1_inst/H_we                 | design_1_i/top_0/inst/sha1_loop[6].sha1_inst/w_mem_inst/w_mem_reg[1][0]_1 |               40 |            320 |
|  design_1_i/processing_system7_0/inst/FCLK_CLK0 | design_1_i/top_0/inst/sha1_loop[1].sha1_inst/H_we                 | design_1_i/top_0/inst/sha1_loop[6].sha1_inst/w_mem_inst/w_mem_reg[1][0]_1 |               40 |            320 |
|  design_1_i/processing_system7_0/inst/FCLK_CLK0 | design_1_i/top_0/inst/sha1_loop[2].sha1_inst/H_we                 | design_1_i/top_0/inst/sha1_loop[6].sha1_inst/w_mem_inst/w_mem_reg[1][0]_1 |               40 |            320 |
|  design_1_i/processing_system7_0/inst/FCLK_CLK0 | design_1_i/top_0/inst/sha1_loop[4].sha1_inst/H_we                 | design_1_i/top_0/inst/sha1_loop[6].sha1_inst/w_mem_inst/w_mem_reg[1][0]_1 |               40 |            320 |
|  design_1_i/processing_system7_0/inst/FCLK_CLK0 | design_1_i/top_0/inst/sha1_loop[5].sha1_inst/H_we                 | design_1_i/top_0/inst/sha1_loop[6].sha1_inst/w_mem_inst/w_mem_reg[1][0]_1 |               40 |            320 |
|  design_1_i/processing_system7_0/inst/FCLK_CLK0 | design_1_i/top_0/inst/sha1_loop[6].sha1_inst/H_we                 | design_1_i/top_0/inst/sha1_loop[6].sha1_inst/w_mem_inst/w_mem_reg[1][0]_1 |               40 |            320 |
|  design_1_i/processing_system7_0/inst/FCLK_CLK0 | design_1_i/top_0/inst/sha1_loop[7].sha1_inst/H_we                 | design_1_i/top_0/inst/sha1_loop[6].sha1_inst/w_mem_inst/w_mem_reg[1][0]_1 |               40 |            320 |
|  design_1_i/processing_system7_0/inst/FCLK_CLK0 | design_1_i/top_0/inst/sha1_loop[3].sha1_inst/H_we                 | design_1_i/top_0/inst/sha1_loop[6].sha1_inst/w_mem_inst/w_mem_reg[1][0]_1 |               40 |            320 |
|  design_1_i/processing_system7_0/inst/FCLK_CLK0 | design_1_i/top_0/inst/sha1_loop[1].sha1_inst/w_mem_inst/E[0]      | design_1_i/top_0/inst/sha1_loop[6].sha1_inst/w_mem_inst/w_mem_reg[1][0]_1 |               30 |            348 |
|  design_1_i/processing_system7_0/inst/FCLK_CLK0 | design_1_i/top_0/inst/sha1_loop[0].sha1_inst/w_mem_inst/E[0]      | design_1_i/top_0/inst/sha1_loop[6].sha1_inst/w_mem_inst/w_mem_reg[1][0]_1 |               28 |            348 |
|  design_1_i/processing_system7_0/inst/FCLK_CLK0 | design_1_i/top_0/inst/sha1_loop[2].sha1_inst/w_mem_inst/E[0]      | design_1_i/top_0/inst/sha1_loop[6].sha1_inst/w_mem_inst/w_mem_reg[1][0]_1 |               32 |            348 |
|  design_1_i/processing_system7_0/inst/FCLK_CLK0 | design_1_i/top_0/inst/sha1_loop[3].sha1_inst/w_mem_inst/E[0]      | design_1_i/top_0/inst/sha1_loop[6].sha1_inst/w_mem_inst/w_mem_reg[1][0]_1 |               31 |            348 |
|  design_1_i/processing_system7_0/inst/FCLK_CLK0 | design_1_i/top_0/inst/sha1_loop[4].sha1_inst/w_mem_inst/E[0]      | design_1_i/top_0/inst/sha1_loop[6].sha1_inst/w_mem_inst/w_mem_reg[1][0]_1 |               29 |            348 |
|  design_1_i/processing_system7_0/inst/FCLK_CLK0 | design_1_i/top_0/inst/sha1_loop[5].sha1_inst/w_mem_inst/E[0]      | design_1_i/top_0/inst/sha1_loop[6].sha1_inst/w_mem_inst/w_mem_reg[1][0]_1 |               34 |            348 |
|  design_1_i/processing_system7_0/inst/FCLK_CLK0 | design_1_i/top_0/inst/sha1_loop[6].sha1_inst/w_mem_inst/E[0]      | design_1_i/top_0/inst/sha1_loop[6].sha1_inst/w_mem_inst/w_mem_reg[1][0]_1 |               32 |            348 |
|  design_1_i/processing_system7_0/inst/FCLK_CLK0 | design_1_i/top_0/inst/sha1_loop[7].sha1_inst/w_mem_inst/E[0]      | design_1_i/top_0/inst/sha1_loop[6].sha1_inst/w_mem_inst/w_mem_reg[1][0]_1 |               34 |            348 |
|  design_1_i/processing_system7_0/inst/FCLK_CLK0 | design_1_i/top_0/inst/sha1_loop[1].sha1_inst/w_mem_inst/w_mem_we  | design_1_i/top_0/inst/sha1_loop[6].sha1_inst/w_mem_inst/w_mem_reg[1][0]_1 |              122 |           1024 |
|  design_1_i/processing_system7_0/inst/FCLK_CLK0 | design_1_i/top_0/inst/sha1_loop[0].sha1_inst/w_mem_inst/w_mem_we  | design_1_i/top_0/inst/sha1_loop[6].sha1_inst/w_mem_inst/w_mem_reg[1][0]_1 |              130 |           1024 |
|  design_1_i/processing_system7_0/inst/FCLK_CLK0 | design_1_i/top_0/inst/sha1_loop[2].sha1_inst/w_mem_inst/w_mem_we  | design_1_i/top_0/inst/sha1_loop[6].sha1_inst/w_mem_inst/w_mem_reg[1][0]_1 |              128 |           1024 |
|  design_1_i/processing_system7_0/inst/FCLK_CLK0 | design_1_i/top_0/inst/sha1_loop[3].sha1_inst/w_mem_inst/w_mem_we  | design_1_i/top_0/inst/sha1_loop[6].sha1_inst/w_mem_inst/w_mem_reg[1][0]_1 |              128 |           1024 |
|  design_1_i/processing_system7_0/inst/FCLK_CLK0 | design_1_i/top_0/inst/sha1_loop[4].sha1_inst/w_mem_inst/w_mem_we  | design_1_i/top_0/inst/sha1_loop[6].sha1_inst/w_mem_inst/w_mem_reg[1][0]_1 |              134 |           1024 |
|  design_1_i/processing_system7_0/inst/FCLK_CLK0 | design_1_i/top_0/inst/sha1_loop[5].sha1_inst/w_mem_inst/w_mem_we  | design_1_i/top_0/inst/sha1_loop[6].sha1_inst/w_mem_inst/w_mem_reg[1][0]_1 |              130 |           1024 |
|  design_1_i/processing_system7_0/inst/FCLK_CLK0 | design_1_i/top_0/inst/sha1_loop[6].sha1_inst/w_mem_inst/w_mem_we  | design_1_i/top_0/inst/sha1_loop[6].sha1_inst/w_mem_inst/w_mem_reg[1][0]_1 |              119 |           1024 |
|  design_1_i/processing_system7_0/inst/FCLK_CLK0 | design_1_i/top_0/inst/sha1_loop[7].sha1_inst/w_mem_inst/w_mem_we  | design_1_i/top_0/inst/sha1_loop[6].sha1_inst/w_mem_inst/w_mem_reg[1][0]_1 |              134 |           1024 |
|  design_1_i/processing_system7_0/inst/FCLK_CLK0 | design_1_i/top_0/inst/sha1_loop[2].sha1_inst/E[0]                 |                                                                           |              382 |           2560 |
+-------------------------------------------------+-------------------------------------------------------------------+---------------------------------------------------------------------------+------------------+----------------+


