Copyright 1986-2018 Xilinx, Inc. All Rights Reserved.
------------------------------------------------------------------------------------------------------------------------------------------
| Tool Version : Vivado v.2018.2 (win64) Build 2258646 Thu Jun 14 20:03:12 MDT 2018
| Date         : Thu Jul  2 16:47:04 2026
| Host         : DESKTOP-HM5HD61 running 64-bit major release  (build 9200)
| Command      : report_drc -file design_1_wrapper_drc_routed.rpt -pb design_1_wrapper_drc_routed.pb -rpx design_1_wrapper_drc_routed.rpx
| Design       : design_1_wrapper
| Device       : xc7z010clg400-1
| Speed File   : -1
| Design State : Routed
------------------------------------------------------------------------------------------------------------------------------------------

Report DRC

Table of Contents
-----------------
1. REPORT SUMMARY
2. REPORT DETAILS

1. REPORT SUMMARY
-----------------
            Netlist: netlist
          Floorplan: design_1
      Design limits: <entire design considered>
           Ruledeck: default
             Max violations: <unlimited>
             Violations found: 180
+--------+----------+------------------------+------------+
| Rule   | Severity | Description            | Violations |
+--------+----------+------------------------+------------+
| DPIP-1 | Warning  | Input pipelining       | 160        |
| DPOP-1 | Warning  | PREG Output pipelining | 20         |
+--------+----------+------------------------+------------+

2. REPORT DETAILS
-----------------
DPIP-1#1 Warning
Input pipelining  
DSP design_1_i/top_0/inst/sha1_loop[0].sha1_inst/a_new0 input design_1_i/top_0/inst/sha1_loop[0].sha1_inst/a_new0/A[29:0] is not pipelined. Pipelining DSP48 input will improve performance.
Related violations: <none>

DPIP-1#2 Warning
Input pipelining  
DSP design_1_i/top_0/inst/sha1_loop[0].sha1_inst/a_new0 input design_1_i/top_0/inst/sha1_loop[0].sha1_inst/a_new0/B[17:0] is not pipelined. Pipelining DSP48 input will improve performance.
Related violations: <none>

DPIP-1#3 Warning
Input pipelining  
DSP design_1_i/top_0/inst/sha1_loop[0].sha1_inst/a_new0 input design_1_i/top_0/inst/sha1_loop[0].sha1_inst/a_new0/C[47:0] is not pipelined. Pipelining DSP48 input will improve performance.
Related violations: <none>

DPIP-1#4 Warning
Input pipelining  
DSP design_1_i/top_0/inst/sha1_loop[0].sha1_inst/a_new0__0 input design_1_i/top_0/inst/sha1_loop[0].sha1_inst/a_new0__0/A[29:0] is not pipelined. Pipelining DSP48 input will improve performance.
Related violations: <none>

DPIP-1#5 Warning
Input pipelining  
DSP design_1_i/top_0/inst/sha1_loop[0].sha1_inst/a_new0__0 input design_1_i/top_0/inst/sha1_loop[0].sha1_inst/a_new0__0/B[17:0] is not pipelined. Pipelining DSP48 input will improve performance.
Related violations: <none>

DPIP-1#6 Warning
Input pipelining  
DSP design_1_i/top_0/inst/sha1_loop[0].sha1_inst/a_new0__0 input design_1_i/top_0/inst/sha1_loop[0].sha1_inst/a_new0__0/C[47:0] is not pipelined. Pipelining DSP48 input will improve performance.
Related violations: <none>

DPIP-1#7 Warning
Input pipelining  
DSP design_1_i/top_0/inst/sha1_loop[0].sha1_inst/a_new0__1 input design_1_i/top_0/inst/sha1_loop[0].sha1_inst/a_new0__1/A[29:0] is not pipelined. Pipelining DSP48 input will improve performance.
Related violations: <none>

DPIP-1#8 Warning
Input pipelining  
DSP design_1_i/top_0/inst/sha1_loop[0].sha1_inst/a_new0__1 input design_1_i/top_0/inst/sha1_loop[0].sha1_inst/a_new0__1/B[17:0] is not pipelined. Pipelining DSP48 input will improve performance.
Related violations: <none>

DPIP-1#9 Warning
Input pipelining  
DSP design_1_i/top_0/inst/sha1_loop[10].sha1_inst/a_new0 input design_1_i/top_0/inst/sha1_loop[10].sha1_inst/a_new0/A[29:0] is not pipelined. Pipelining DSP48 input will improve performance.
Related violations: <none>

DPIP-1#10 Warning
Input pipelining  
DSP design_1_i/top_0/inst/sha1_loop[10].sha1_inst/a_new0 input design_1_i/top_0/inst/sha1_loop[10].sha1_inst/a_new0/B[17:0] is not pipelined. Pipelining DSP48 input will improve performance.
Related violations: <none>

DPIP-1#11 Warning
Input pipelining  
DSP design_1_i/top_0/inst/sha1_loop[10].sha1_inst/a_new0 input design_1_i/top_0/inst/sha1_loop[10].sha1_inst/a_new0/C[47:0] is not pipelined. Pipelining DSP48 input will improve performance.
Related violations: <none>

DPIP-1#12 Warning
Input pipelining  
DSP design_1_i/top_0/inst/sha1_loop[10].sha1_inst/a_new0__0 input design_1_i/top_0/inst/sha1_loop[10].sha1_inst/a_new0__0/A[29:0] is not pipelined. Pipelining DSP48 input will improve performance.
Related violations: <none>

DPIP-1#13 Warning
Input pipelining  
DSP design_1_i/top_0/inst/sha1_loop[10].sha1_inst/a_new0__0 input design_1_i/top_0/inst/sha1_loop[10].sha1_inst/a_new0__0/B[17:0] is not pipelined. Pipelining DSP48 input will improve performance.
Related violations: <none>

DPIP-1#14 Warning
Input pipelining  
DSP design_1_i/top_0/inst/sha1_loop[10].sha1_inst/a_new0__0 input design_1_i/top_0/inst/sha1_loop[10].sha1_inst/a_new0__0/C[47:0] is not pipelined. Pipelining DSP48 input will improve performance.
Related violations: <none>

DPIP-1#15 Warning
Input pipelining  
DSP design_1_i/top_0/inst/sha1_loop[10].sha1_inst/a_new0__1 input design_1_i/top_0/inst/sha1_loop[10].sha1_inst/a_new0__1/A[29:0] is not pipelined. Pipelining DSP48 input will improve performance.
Related violations: <none>

DPIP-1#16 Warning
Input pipelining  
DSP design_1_i/top_0/inst/sha1_loop[10].sha1_inst/a_new0__1 input design_1_i/top_0/inst/sha1_loop[10].sha1_inst/a_new0__1/B[17:0] is not pipelined. Pipelining DSP48 input will improve performance.
Related violations: <none>

DPIP-1#17 Warning
Input pipelining  
DSP design_1_i/top_0/inst/sha1_loop[11].sha1_inst/a_new0 input design_1_i/top_0/inst/sha1_loop[11].sha1_inst/a_new0/A[29:0] is not pipelined. Pipelining DSP48 input will improve performance.
Related violations: <none>

DPIP-1#18 Warning
Input pipelining  
DSP design_1_i/top_0/inst/sha1_loop[11].sha1_inst/a_new0 input design_1_i/top_0/inst/sha1_loop[11].sha1_inst/a_new0/B[17:0] is not pipelined. Pipelining DSP48 input will improve performance.
Related violations: <none>

DPIP-1#19 Warning
Input pipelining  
DSP design_1_i/top_0/inst/sha1_loop[11].sha1_inst/a_new0 input design_1_i/top_0/inst/sha1_loop[11].sha1_inst/a_new0/C[47:0] is not pipelined. Pipelining DSP48 input will improve performance.
Related violations: <none>

DPIP-1#20 Warning
Input pipelining  
DSP design_1_i/top_0/inst/sha1_loop[11].sha1_inst/a_new0__0 input design_1_i/top_0/inst/sha1_loop[11].sha1_inst/a_new0__0/A[29:0] is not pipelined. Pipelining DSP48 input will improve performance.
Related violations: <none>

DPIP-1#21 Warning
Input pipelining  
DSP design_1_i/top_0/inst/sha1_loop[11].sha1_inst/a_new0__0 input design_1_i/top_0/inst/sha1_loop[11].sha1_inst/a_new0__0/B[17:0] is not pipelined. Pipelining DSP48 input will improve performance.
Related violations: <none>

DPIP-1#22 Warning
Input pipelining  
DSP design_1_i/top_0/inst/sha1_loop[11].sha1_inst/a_new0__0 input design_1_i/top_0/inst/sha1_loop[11].sha1_inst/a_new0__0/C[47:0] is not pipelined. Pipelining DSP48 input will improve performance.
Related violations: <none>

DPIP-1#23 Warning
Input pipelining  
DSP design_1_i/top_0/inst/sha1_loop[11].sha1_inst/a_new0__1 input design_1_i/top_0/inst/sha1_loop[11].sha1_inst/a_new0__1/A[29:0] is not pipelined. Pipelining DSP48 input will improve performance.
Related violations: <none>

DPIP-1#24 Warning
Input pipelining  
DSP design_1_i/top_0/inst/sha1_loop[11].sha1_inst/a_new0__1 input design_1_i/top_0/inst/sha1_loop[11].sha1_inst/a_new0__1/B[17:0] is not pipelined. Pipelining DSP48 input will improve performance.
Related violations: <none>

DPIP-1#25 Warning
Input pipelining  
DSP design_1_i/top_0/inst/sha1_loop[12].sha1_inst/a_new0 input design_1_i/top_0/inst/sha1_loop[12].sha1_inst/a_new0/A[29:0] is not pipelined. Pipelining DSP48 input will improve performance.
Related violations: <none>

DPIP-1#26 Warning
Input pipelining  
DSP design_1_i/top_0/inst/sha1_loop[12].sha1_inst/a_new0 input design_1_i/top_0/inst/sha1_loop[12].sha1_inst/a_new0/B[17:0] is not pipelined. Pipelining DSP48 input will improve performance.
Related violations: <none>

DPIP-1#27 Warning
Input pipelining  
DSP design_1_i/top_0/inst/sha1_loop[12].sha1_inst/a_new0 input design_1_i/top_0/inst/sha1_loop[12].sha1_inst/a_new0/C[47:0] is not pipelined. Pipelining DSP48 input will improve performance.
Related violations: <none>

DPIP-1#28 Warning
Input pipelining  
DSP design_1_i/top_0/inst/sha1_loop[12].sha1_inst/a_new0__0 input design_1_i/top_0/inst/sha1_loop[12].sha1_inst/a_new0__0/A[29:0] is not pipelined. Pipelining DSP48 input will improve performance.
Related violations: <none>

DPIP-1#29 Warning
Input pipelining  
DSP design_1_i/top_0/inst/sha1_loop[12].sha1_inst/a_new0__0 input design_1_i/top_0/inst/sha1_loop[12].sha1_inst/a_new0__0/B[17:0] is not pipelined. Pipelining DSP48 input will improve performance.
Related violations: <none>

DPIP-1#30 Warning
Input pipelining  
DSP design_1_i/top_0/inst/sha1_loop[12].sha1_inst/a_new0__0 input design_1_i/top_0/inst/sha1_loop[12].sha1_inst/a_new0__0/C[47:0] is not pipelined. Pipelining DSP48 input will improve performance.
Related violations: <none>

DPIP-1#31 Warning
Input pipelining  
DSP design_1_i/top_0/inst/sha1_loop[12].sha1_inst/a_new0__1 input design_1_i/top_0/inst/sha1_loop[12].sha1_inst/a_new0__1/A[29:0] is not pipelined. Pipelining DSP48 input will improve performance.
Related violations: <none>

DPIP-1#32 Warning
Input pipelining  
DSP design_1_i/top_0/inst/sha1_loop[12].sha1_inst/a_new0__1 input design_1_i/top_0/inst/sha1_loop[12].sha1_inst/a_new0__1/B[17:0] is not pipelined. Pipelining DSP48 input will improve performance.
Related violations: <none>

DPIP-1#33 Warning
Input pipelining  
DSP design_1_i/top_0/inst/sha1_loop[13].sha1_inst/a_new0 input design_1_i/top_0/inst/sha1_loop[13].sha1_inst/a_new0/A[29:0] is not pipelined. Pipelining DSP48 input will improve performance.
Related violations: <none>

DPIP-1#34 Warning
Input pipelining  
DSP design_1_i/top_0/inst/sha1_loop[13].sha1_inst/a_new0 input design_1_i/top_0/inst/sha1_loop[13].sha1_inst/a_new0/B[17:0] is not pipelined. Pipelining DSP48 input will improve performance.
Related violations: <none>

DPIP-1#35 Warning
Input pipelining  
DSP design_1_i/top_0/inst/sha1_loop[13].sha1_inst/a_new0 input design_1_i/top_0/inst/sha1_loop[13].sha1_inst/a_new0/C[47:0] is not pipelined. Pipelining DSP48 input will improve performance.
Related violations: <none>

DPIP-1#36 Warning
Input pipelining  
DSP design_1_i/top_0/inst/sha1_loop[13].sha1_inst/a_new0__0 input design_1_i/top_0/inst/sha1_loop[13].sha1_inst/a_new0__0/A[29:0] is not pipelined. Pipelining DSP48 input will improve performance.
Related violations: <none>

DPIP-1#37 Warning
Input pipelining  
DSP design_1_i/top_0/inst/sha1_loop[13].sha1_inst/a_new0__0 input design_1_i/top_0/inst/sha1_loop[13].sha1_inst/a_new0__0/B[17:0] is not pipelined. Pipelining DSP48 input will improve performance.
Related violations: <none>

DPIP-1#38 Warning
Input pipelining  
DSP design_1_i/top_0/inst/sha1_loop[13].sha1_inst/a_new0__0 input design_1_i/top_0/inst/sha1_loop[13].sha1_inst/a_new0__0/C[47:0] is not pipelined. Pipelining DSP48 input will improve performance.
Related violations: <none>

DPIP-1#39 Warning
Input pipelining  
DSP design_1_i/top_0/inst/sha1_loop[13].sha1_inst/a_new0__1 input design_1_i/top_0/inst/sha1_loop[13].sha1_inst/a_new0__1/A[29:0] is not pipelined. Pipelining DSP48 input will improve performance.
Related violations: <none>

DPIP-1#40 Warning
Input pipelining  
DSP design_1_i/top_0/inst/sha1_loop[13].sha1_inst/a_new0__1 input design_1_i/top_0/inst/sha1_loop[13].sha1_inst/a_new0__1/B[17:0] is not pipelined. Pipelining DSP48 input will improve performance.
Related violations: <none>

DPIP-1#41 Warning
Input pipelining  
DSP design_1_i/top_0/inst/sha1_loop[14].sha1_inst/a_new0 input design_1_i/top_0/inst/sha1_loop[14].sha1_inst/a_new0/A[29:0] is not pipelined. Pipelining DSP48 input will improve performance.
Related violations: <none>

DPIP-1#42 Warning
Input pipelining  
DSP design_1_i/top_0/inst/sha1_loop[14].sha1_inst/a_new0 input design_1_i/top_0/inst/sha1_loop[14].sha1_inst/a_new0/B[17:0] is not pipelined. Pipelining DSP48 input will improve performance.
Related violations: <none>

DPIP-1#43 Warning
Input pipelining  
DSP design_1_i/top_0/inst/sha1_loop[14].sha1_inst/a_new0 input design_1_i/top_0/inst/sha1_loop[14].sha1_inst/a_new0/C[47:0] is not pipelined. Pipelining DSP48 input will improve performance.
Related violations: <none>

DPIP-1#44 Warning
Input pipelining  
DSP design_1_i/top_0/inst/sha1_loop[14].sha1_inst/a_new0__0 input design_1_i/top_0/inst/sha1_loop[14].sha1_inst/a_new0__0/A[29:0] is not pipelined. Pipelining DSP48 input will improve performance.
Related violations: <none>

DPIP-1#45 Warning
Input pipelining  
DSP design_1_i/top_0/inst/sha1_loop[14].sha1_inst/a_new0__0 input design_1_i/top_0/inst/sha1_loop[14].sha1_inst/a_new0__0/B[17:0] is not pipelined. Pipelining DSP48 input will improve performance.
Related violations: <none>

DPIP-1#46 Warning
Input pipelining  
DSP design_1_i/top_0/inst/sha1_loop[14].sha1_inst/a_new0__0 input design_1_i/top_0/inst/sha1_loop[14].sha1_inst/a_new0__0/C[47:0] is not pipelined. Pipelining DSP48 input will improve performance.
Related violations: <none>

DPIP-1#47 Warning
Input pipelining  
DSP design_1_i/top_0/inst/sha1_loop[14].sha1_inst/a_new0__1 input design_1_i/top_0/inst/sha1_loop[14].sha1_inst/a_new0__1/A[29:0] is not pipelined. Pipelining DSP48 input will improve performance.
Related violations: <none>

DPIP-1#48 Warning
Input pipelining  
DSP design_1_i/top_0/inst/sha1_loop[14].sha1_inst/a_new0__1 input design_1_i/top_0/inst/sha1_loop[14].sha1_inst/a_new0__1/B[17:0] is not pipelined. Pipelining DSP48 input will improve performance.
Related violations: <none>

DPIP-1#49 Warning
Input pipelining  
DSP design_1_i/top_0/inst/sha1_loop[15].sha1_inst/a_new0 input design_1_i/top_0/inst/sha1_loop[15].sha1_inst/a_new0/A[29:0] is not pipelined. Pipelining DSP48 input will improve performance.
Related violations: <none>

DPIP-1#50 Warning
Input pipelining  
DSP design_1_i/top_0/inst/sha1_loop[15].sha1_inst/a_new0 input design_1_i/top_0/inst/sha1_loop[15].sha1_inst/a_new0/B[17:0] is not pipelined. Pipelining DSP48 input will improve performance.
Related violations: <none>

DPIP-1#51 Warning
Input pipelining  
DSP design_1_i/top_0/inst/sha1_loop[15].sha1_inst/a_new0 input design_1_i/top_0/inst/sha1_loop[15].sha1_inst/a_new0/C[47:0] is not pipelined. Pipelining DSP48 input will improve performance.
Related violations: <none>

DPIP-1#52 Warning
Input pipelining  
DSP design_1_i/top_0/inst/sha1_loop[15].sha1_inst/a_new0__0 input design_1_i/top_0/inst/sha1_loop[15].sha1_inst/a_new0__0/A[29:0] is not pipelined. Pipelining DSP48 input will improve performance.
Related violations: <none>

DPIP-1#53 Warning
Input pipelining  
DSP design_1_i/top_0/inst/sha1_loop[15].sha1_inst/a_new0__0 input design_1_i/top_0/inst/sha1_loop[15].sha1_inst/a_new0__0/B[17:0] is not pipelined. Pipelining DSP48 input will improve performance.
Related violations: <none>

DPIP-1#54 Warning
Input pipelining  
DSP design_1_i/top_0/inst/sha1_loop[15].sha1_inst/a_new0__0 input design_1_i/top_0/inst/sha1_loop[15].sha1_inst/a_new0__0/C[47:0] is not pipelined. Pipelining DSP48 input will improve performance.
Related violations: <none>

DPIP-1#55 Warning
Input pipelining  
DSP design_1_i/top_0/inst/sha1_loop[15].sha1_inst/a_new0__1 input design_1_i/top_0/inst/sha1_loop[15].sha1_inst/a_new0__1/A[29:0] is not pipelined. Pipelining DSP48 input will improve performance.
Related violations: <none>

DPIP-1#56 Warning
Input pipelining  
DSP design_1_i/top_0/inst/sha1_loop[15].sha1_inst/a_new0__1 input design_1_i/top_0/inst/sha1_loop[15].sha1_inst/a_new0__1/B[17:0] is not pipelined. Pipelining DSP48 input will improve performance.
Related violations: <none>

DPIP-1#57 Warning
Input pipelining  
DSP design_1_i/top_0/inst/sha1_loop[16].sha1_inst/a_new0 input design_1_i/top_0/inst/sha1_loop[16].sha1_inst/a_new0/A[29:0] is not pipelined. Pipelining DSP48 input will improve performance.
Related violations: <none>

DPIP-1#58 Warning
Input pipelining  
DSP design_1_i/top_0/inst/sha1_loop[16].sha1_inst/a_new0 input design_1_i/top_0/inst/sha1_loop[16].sha1_inst/a_new0/B[17:0] is not pipelined. Pipelining DSP48 input will improve performance.
Related violations: <none>

DPIP-1#59 Warning
Input pipelining  
DSP design_1_i/top_0/inst/sha1_loop[16].sha1_inst/a_new0 input design_1_i/top_0/inst/sha1_loop[16].sha1_inst/a_new0/C[47:0] is not pipelined. Pipelining DSP48 input will improve performance.
Related violations: <none>

DPIP-1#60 Warning
Input pipelining  
DSP design_1_i/top_0/inst/sha1_loop[16].sha1_inst/a_new0__0 input design_1_i/top_0/inst/sha1_loop[16].sha1_inst/a_new0__0/A[29:0] is not pipelined. Pipelining DSP48 input will improve performance.
Related violations: <none>

DPIP-1#61 Warning
Input pipelining  
DSP design_1_i/top_0/inst/sha1_loop[16].sha1_inst/a_new0__0 input design_1_i/top_0/inst/sha1_loop[16].sha1_inst/a_new0__0/B[17:0] is not pipelined. Pipelining DSP48 input will improve performance.
Related violations: <none>

DPIP-1#62 Warning
Input pipelining  
DSP design_1_i/top_0/inst/sha1_loop[16].sha1_inst/a_new0__0 input design_1_i/top_0/inst/sha1_loop[16].sha1_inst/a_new0__0/C[47:0] is not pipelined. Pipelining DSP48 input will improve performance.
Related violations: <none>

DPIP-1#63 Warning
Input pipelining  
DSP design_1_i/top_0/inst/sha1_loop[16].sha1_inst/a_new0__1 input design_1_i/top_0/inst/sha1_loop[16].sha1_inst/a_new0__1/A[29:0] is not pipelined. Pipelining DSP48 input will improve performance.
Related violations: <none>

DPIP-1#64 Warning
Input pipelining  
DSP design_1_i/top_0/inst/sha1_loop[16].sha1_inst/a_new0__1 input design_1_i/top_0/inst/sha1_loop[16].sha1_inst/a_new0__1/B[17:0] is not pipelined. Pipelining DSP48 input will improve performance.
Related violations: <none>

DPIP-1#65 Warning
Input pipelining  
DSP design_1_i/top_0/inst/sha1_loop[17].sha1_inst/a_new0 input design_1_i/top_0/inst/sha1_loop[17].sha1_inst/a_new0/A[29:0] is not pipelined. Pipelining DSP48 input will improve performance.
Related violations: <none>

DPIP-1#66 Warning
Input pipelining  
DSP design_1_i/top_0/inst/sha1_loop[17].sha1_inst/a_new0 input design_1_i/top_0/inst/sha1_loop[17].sha1_inst/a_new0/B[17:0] is not pipelined. Pipelining DSP48 input will improve performance.
Related violations: <none>

DPIP-1#67 Warning
Input pipelining  
DSP design_1_i/top_0/inst/sha1_loop[17].sha1_inst/a_new0 input design_1_i/top_0/inst/sha1_loop[17].sha1_inst/a_new0/C[47:0] is not pipelined. Pipelining DSP48 input will improve performance.
Related violations: <none>

DPIP-1#68 Warning
Input pipelining  
DSP design_1_i/top_0/inst/sha1_loop[17].sha1_inst/a_new0__0 input design_1_i/top_0/inst/sha1_loop[17].sha1_inst/a_new0__0/A[29:0] is not pipelined. Pipelining DSP48 input will improve performance.
Related violations: <none>

DPIP-1#69 Warning
Input pipelining  
DSP design_1_i/top_0/inst/sha1_loop[17].sha1_inst/a_new0__0 input design_1_i/top_0/inst/sha1_loop[17].sha1_inst/a_new0__0/B[17:0] is not pipelined. Pipelining DSP48 input will improve performance.
Related violations: <none>

DPIP-1#70 Warning
Input pipelining  
DSP design_1_i/top_0/inst/sha1_loop[17].sha1_inst/a_new0__0 input design_1_i/top_0/inst/sha1_loop[17].sha1_inst/a_new0__0/C[47:0] is not pipelined. Pipelining DSP48 input will improve performance.
Related violations: <none>

DPIP-1#71 Warning
Input pipelining  
DSP design_1_i/top_0/inst/sha1_loop[17].sha1_inst/a_new0__1 input design_1_i/top_0/inst/sha1_loop[17].sha1_inst/a_new0__1/A[29:0] is not pipelined. Pipelining DSP48 input will improve performance.
Related violations: <none>

DPIP-1#72 Warning
Input pipelining  
DSP design_1_i/top_0/inst/sha1_loop[17].sha1_inst/a_new0__1 input design_1_i/top_0/inst/sha1_loop[17].sha1_inst/a_new0__1/B[17:0] is not pipelined. Pipelining DSP48 input will improve performance.
Related violations: <none>

DPIP-1#73 Warning
Input pipelining  
DSP design_1_i/top_0/inst/sha1_loop[18].sha1_inst/a_new0 input design_1_i/top_0/inst/sha1_loop[18].sha1_inst/a_new0/A[29:0] is not pipelined. Pipelining DSP48 input will improve performance.
Related violations: <none>

DPIP-1#74 Warning
Input pipelining  
DSP design_1_i/top_0/inst/sha1_loop[18].sha1_inst/a_new0 input design_1_i/top_0/inst/sha1_loop[18].sha1_inst/a_new0/B[17:0] is not pipelined. Pipelining DSP48 input will improve performance.
Related violations: <none>

DPIP-1#75 Warning
Input pipelining  
DSP design_1_i/top_0/inst/sha1_loop[18].sha1_inst/a_new0 input design_1_i/top_0/inst/sha1_loop[18].sha1_inst/a_new0/C[47:0] is not pipelined. Pipelining DSP48 input will improve performance.
Related violations: <none>

DPIP-1#76 Warning
Input pipelining  
DSP design_1_i/top_0/inst/sha1_loop[18].sha1_inst/a_new0__0 input design_1_i/top_0/inst/sha1_loop[18].sha1_inst/a_new0__0/A[29:0] is not pipelined. Pipelining DSP48 input will improve performance.
Related violations: <none>

DPIP-1#77 Warning
Input pipelining  
DSP design_1_i/top_0/inst/sha1_loop[18].sha1_inst/a_new0__0 input design_1_i/top_0/inst/sha1_loop[18].sha1_inst/a_new0__0/B[17:0] is not pipelined. Pipelining DSP48 input will improve performance.
Related violations: <none>

DPIP-1#78 Warning
Input pipelining  
DSP design_1_i/top_0/inst/sha1_loop[18].sha1_inst/a_new0__0 input design_1_i/top_0/inst/sha1_loop[18].sha1_inst/a_new0__0/C[47:0] is not pipelined. Pipelining DSP48 input will improve performance.
Related violations: <none>

DPIP-1#79 Warning
Input pipelining  
DSP design_1_i/top_0/inst/sha1_loop[18].sha1_inst/a_new0__1 input design_1_i/top_0/inst/sha1_loop[18].sha1_inst/a_new0__1/A[29:0] is not pipelined. Pipelining DSP48 input will improve performance.
Related violations: <none>

DPIP-1#80 Warning
Input pipelining  
DSP design_1_i/top_0/inst/sha1_loop[18].sha1_inst/a_new0__1 input design_1_i/top_0/inst/sha1_loop[18].sha1_inst/a_new0__1/B[17:0] is not pipelined. Pipelining DSP48 input will improve performance.
Related violations: <none>

DPIP-1#81 Warning
Input pipelining  
DSP design_1_i/top_0/inst/sha1_loop[19].sha1_inst/a_new0 input design_1_i/top_0/inst/sha1_loop[19].sha1_inst/a_new0/A[29:0] is not pipelined. Pipelining DSP48 input will improve performance.
Related violations: <none>

DPIP-1#82 Warning
Input pipelining  
DSP design_1_i/top_0/inst/sha1_loop[19].sha1_inst/a_new0 input design_1_i/top_0/inst/sha1_loop[19].sha1_inst/a_new0/B[17:0] is not pipelined. Pipelining DSP48 input will improve performance.
Related violations: <none>

DPIP-1#83 Warning
Input pipelining  
DSP design_1_i/top_0/inst/sha1_loop[19].sha1_inst/a_new0 input design_1_i/top_0/inst/sha1_loop[19].sha1_inst/a_new0/C[47:0] is not pipelined. Pipelining DSP48 input will improve performance.
Related violations: <none>

DPIP-1#84 Warning
Input pipelining  
DSP design_1_i/top_0/inst/sha1_loop[19].sha1_inst/a_new0__0 input design_1_i/top_0/inst/sha1_loop[19].sha1_inst/a_new0__0/A[29:0] is not pipelined. Pipelining DSP48 input will improve performance.
Related violations: <none>

DPIP-1#85 Warning
Input pipelining  
DSP design_1_i/top_0/inst/sha1_loop[19].sha1_inst/a_new0__0 input design_1_i/top_0/inst/sha1_loop[19].sha1_inst/a_new0__0/B[17:0] is not pipelined. Pipelining DSP48 input will improve performance.
Related violations: <none>

DPIP-1#86 Warning
Input pipelining  
DSP design_1_i/top_0/inst/sha1_loop[19].sha1_inst/a_new0__0 input design_1_i/top_0/inst/sha1_loop[19].sha1_inst/a_new0__0/C[47:0] is not pipelined. Pipelining DSP48 input will improve performance.
Related violations: <none>

DPIP-1#87 Warning
Input pipelining  
DSP design_1_i/top_0/inst/sha1_loop[19].sha1_inst/a_new0__1 input design_1_i/top_0/inst/sha1_loop[19].sha1_inst/a_new0__1/A[29:0] is not pipelined. Pipelining DSP48 input will improve performance.
Related violations: <none>

DPIP-1#88 Warning
Input pipelining  
DSP design_1_i/top_0/inst/sha1_loop[19].sha1_inst/a_new0__1 input design_1_i/top_0/inst/sha1_loop[19].sha1_inst/a_new0__1/B[17:0] is not pipelined. Pipelining DSP48 input will improve performance.
Related violations: <none>

DPIP-1#89 Warning
Input pipelining  
DSP design_1_i/top_0/inst/sha1_loop[1].sha1_inst/a_new0 input design_1_i/top_0/inst/sha1_loop[1].sha1_inst/a_new0/A[29:0] is not pipelined. Pipelining DSP48 input will improve performance.
Related violations: <none>

DPIP-1#90 Warning
Input pipelining  
DSP design_1_i/top_0/inst/sha1_loop[1].sha1_inst/a_new0 input design_1_i/top_0/inst/sha1_loop[1].sha1_inst/a_new0/B[17:0] is not pipelined. Pipelining DSP48 input will improve performance.
Related violations: <none>

DPIP-1#91 Warning
Input pipelining  
DSP design_1_i/top_0/inst/sha1_loop[1].sha1_inst/a_new0 input design_1_i/top_0/inst/sha1_loop[1].sha1_inst/a_new0/C[47:0] is not pipelined. Pipelining DSP48 input will improve performance.
Related violations: <none>

DPIP-1#92 Warning
Input pipelining  
DSP design_1_i/top_0/inst/sha1_loop[1].sha1_inst/a_new0__0 input design_1_i/top_0/inst/sha1_loop[1].sha1_inst/a_new0__0/A[29:0] is not pipelined. Pipelining DSP48 input will improve performance.
Related violations: <none>

DPIP-1#93 Warning
Input pipelining  
DSP design_1_i/top_0/inst/sha1_loop[1].sha1_inst/a_new0__0 input design_1_i/top_0/inst/sha1_loop[1].sha1_inst/a_new0__0/B[17:0] is not pipelined. Pipelining DSP48 input will improve performance.
Related violations: <none>

DPIP-1#94 Warning
Input pipelining  
DSP design_1_i/top_0/inst/sha1_loop[1].sha1_inst/a_new0__0 input design_1_i/top_0/inst/sha1_loop[1].sha1_inst/a_new0__0/C[47:0] is not pipelined. Pipelining DSP48 input will improve performance.
Related violations: <none>

DPIP-1#95 Warning
Input pipelining  
DSP design_1_i/top_0/inst/sha1_loop[1].sha1_inst/a_new0__1 input design_1_i/top_0/inst/sha1_loop[1].sha1_inst/a_new0__1/A[29:0] is not pipelined. Pipelining DSP48 input will improve performance.
Related violations: <none>

DPIP-1#96 Warning
Input pipelining  
DSP design_1_i/top_0/inst/sha1_loop[1].sha1_inst/a_new0__1 input design_1_i/top_0/inst/sha1_loop[1].sha1_inst/a_new0__1/B[17:0] is not pipelined. Pipelining DSP48 input will improve performance.
Related violations: <none>

DPIP-1#97 Warning
Input pipelining  
DSP design_1_i/top_0/inst/sha1_loop[2].sha1_inst/a_new0 input design_1_i/top_0/inst/sha1_loop[2].sha1_inst/a_new0/A[29:0] is not pipelined. Pipelining DSP48 input will improve performance.
Related violations: <none>

DPIP-1#98 Warning
Input pipelining  
DSP design_1_i/top_0/inst/sha1_loop[2].sha1_inst/a_new0 input design_1_i/top_0/inst/sha1_loop[2].sha1_inst/a_new0/B[17:0] is not pipelined. Pipelining DSP48 input will improve performance.
Related violations: <none>

DPIP-1#99 Warning
Input pipelining  
DSP design_1_i/top_0/inst/sha1_loop[2].sha1_inst/a_new0 input design_1_i/top_0/inst/sha1_loop[2].sha1_inst/a_new0/C[47:0] is not pipelined. Pipelining DSP48 input will improve performance.
Related violations: <none>

DPIP-1#100 Warning
Input pipelining  
DSP design_1_i/top_0/inst/sha1_loop[2].sha1_inst/a_new0__0 input design_1_i/top_0/inst/sha1_loop[2].sha1_inst/a_new0__0/A[29:0] is not pipelined. Pipelining DSP48 input will improve performance.
Related violations: <none>

DPIP-1#101 Warning
Input pipelining  
DSP design_1_i/top_0/inst/sha1_loop[2].sha1_inst/a_new0__0 input design_1_i/top_0/inst/sha1_loop[2].sha1_inst/a_new0__0/B[17:0] is not pipelined. Pipelining DSP48 input will improve performance.
Related violations: <none>

DPIP-1#102 Warning
Input pipelining  
DSP design_1_i/top_0/inst/sha1_loop[2].sha1_inst/a_new0__0 input design_1_i/top_0/inst/sha1_loop[2].sha1_inst/a_new0__0/C[47:0] is not pipelined. Pipelining DSP48 input will improve performance.
Related violations: <none>

DPIP-1#103 Warning
Input pipelining  
DSP design_1_i/top_0/inst/sha1_loop[2].sha1_inst/a_new0__1 input design_1_i/top_0/inst/sha1_loop[2].sha1_inst/a_new0__1/A[29:0] is not pipelined. Pipelining DSP48 input will improve performance.
Related violations: <none>

DPIP-1#104 Warning
Input pipelining  
DSP design_1_i/top_0/inst/sha1_loop[2].sha1_inst/a_new0__1 input design_1_i/top_0/inst/sha1_loop[2].sha1_inst/a_new0__1/B[17:0] is not pipelined. Pipelining DSP48 input will improve performance.
Related violations: <none>

DPIP-1#105 Warning
Input pipelining  
DSP design_1_i/top_0/inst/sha1_loop[3].sha1_inst/a_new0 input design_1_i/top_0/inst/sha1_loop[3].sha1_inst/a_new0/A[29:0] is not pipelined. Pipelining DSP48 input will improve performance.
Related violations: <none>

DPIP-1#106 Warning
Input pipelining  
DSP design_1_i/top_0/inst/sha1_loop[3].sha1_inst/a_new0 input design_1_i/top_0/inst/sha1_loop[3].sha1_inst/a_new0/B[17:0] is not pipelined. Pipelining DSP48 input will improve performance.
Related violations: <none>

DPIP-1#107 Warning
Input pipelining  
DSP design_1_i/top_0/inst/sha1_loop[3].sha1_inst/a_new0 input design_1_i/top_0/inst/sha1_loop[3].sha1_inst/a_new0/C[47:0] is not pipelined. Pipelining DSP48 input will improve performance.
Related violations: <none>

DPIP-1#108 Warning
Input pipelining  
DSP design_1_i/top_0/inst/sha1_loop[3].sha1_inst/a_new0__0 input design_1_i/top_0/inst/sha1_loop[3].sha1_inst/a_new0__0/A[29:0] is not pipelined. Pipelining DSP48 input will improve performance.
Related violations: <none>

DPIP-1#109 Warning
Input pipelining  
DSP design_1_i/top_0/inst/sha1_loop[3].sha1_inst/a_new0__0 input design_1_i/top_0/inst/sha1_loop[3].sha1_inst/a_new0__0/B[17:0] is not pipelined. Pipelining DSP48 input will improve performance.
Related violations: <none>

DPIP-1#110 Warning
Input pipelining  
DSP design_1_i/top_0/inst/sha1_loop[3].sha1_inst/a_new0__0 input design_1_i/top_0/inst/sha1_loop[3].sha1_inst/a_new0__0/C[47:0] is not pipelined. Pipelining DSP48 input will improve performance.
Related violations: <none>

DPIP-1#111 Warning
Input pipelining  
DSP design_1_i/top_0/inst/sha1_loop[3].sha1_inst/a_new0__1 input design_1_i/top_0/inst/sha1_loop[3].sha1_inst/a_new0__1/A[29:0] is not pipelined. Pipelining DSP48 input will improve performance.
Related violations: <none>

DPIP-1#112 Warning
Input pipelining  
DSP design_1_i/top_0/inst/sha1_loop[3].sha1_inst/a_new0__1 input design_1_i/top_0/inst/sha1_loop[3].sha1_inst/a_new0__1/B[17:0] is not pipelined. Pipelining DSP48 input will improve performance.
Related violations: <none>

DPIP-1#113 Warning
Input pipelining  
DSP design_1_i/top_0/inst/sha1_loop[4].sha1_inst/a_new0 input design_1_i/top_0/inst/sha1_loop[4].sha1_inst/a_new0/A[29:0] is not pipelined. Pipelining DSP48 input will improve performance.
Related violations: <none>

DPIP-1#114 Warning
Input pipelining  
DSP design_1_i/top_0/inst/sha1_loop[4].sha1_inst/a_new0 input design_1_i/top_0/inst/sha1_loop[4].sha1_inst/a_new0/B[17:0] is not pipelined. Pipelining DSP48 input will improve performance.
Related violations: <none>

DPIP-1#115 Warning
Input pipelining  
DSP design_1_i/top_0/inst/sha1_loop[4].sha1_inst/a_new0 input design_1_i/top_0/inst/sha1_loop[4].sha1_inst/a_new0/C[47:0] is not pipelined. Pipelining DSP48 input will improve performance.
Related violations: <none>

DPIP-1#116 Warning
Input pipelining  
DSP design_1_i/top_0/inst/sha1_loop[4].sha1_inst/a_new0__0 input design_1_i/top_0/inst/sha1_loop[4].sha1_inst/a_new0__0/A[29:0] is not pipelined. Pipelining DSP48 input will improve performance.
Related violations: <none>

DPIP-1#117 Warning
Input pipelining  
DSP design_1_i/top_0/inst/sha1_loop[4].sha1_inst/a_new0__0 input design_1_i/top_0/inst/sha1_loop[4].sha1_inst/a_new0__0/B[17:0] is not pipelined. Pipelining DSP48 input will improve performance.
Related violations: <none>

DPIP-1#118 Warning
Input pipelining  
DSP design_1_i/top_0/inst/sha1_loop[4].sha1_inst/a_new0__0 input design_1_i/top_0/inst/sha1_loop[4].sha1_inst/a_new0__0/C[47:0] is not pipelined. Pipelining DSP48 input will improve performance.
Related violations: <none>

DPIP-1#119 Warning
Input pipelining  
DSP design_1_i/top_0/inst/sha1_loop[4].sha1_inst/a_new0__1 input design_1_i/top_0/inst/sha1_loop[4].sha1_inst/a_new0__1/A[29:0] is not pipelined. Pipelining DSP48 input will improve performance.
Related violations: <none>

DPIP-1#120 Warning
Input pipelining  
DSP design_1_i/top_0/inst/sha1_loop[4].sha1_inst/a_new0__1 input design_1_i/top_0/inst/sha1_loop[4].sha1_inst/a_new0__1/B[17:0] is not pipelined. Pipelining DSP48 input will improve performance.
Related violations: <none>

DPIP-1#121 Warning
Input pipelining  
DSP design_1_i/top_0/inst/sha1_loop[5].sha1_inst/a_new0 input design_1_i/top_0/inst/sha1_loop[5].sha1_inst/a_new0/A[29:0] is not pipelined. Pipelining DSP48 input will improve performance.
Related violations: <none>

DPIP-1#122 Warning
Input pipelining  
DSP design_1_i/top_0/inst/sha1_loop[5].sha1_inst/a_new0 input design_1_i/top_0/inst/sha1_loop[5].sha1_inst/a_new0/B[17:0] is not pipelined. Pipelining DSP48 input will improve performance.
Related violations: <none>

DPIP-1#123 Warning
Input pipelining  
DSP design_1_i/top_0/inst/sha1_loop[5].sha1_inst/a_new0 input design_1_i/top_0/inst/sha1_loop[5].sha1_inst/a_new0/C[47:0] is not pipelined. Pipelining DSP48 input will improve performance.
Related violations: <none>

DPIP-1#124 Warning
Input pipelining  
DSP design_1_i/top_0/inst/sha1_loop[5].sha1_inst/a_new0__0 input design_1_i/top_0/inst/sha1_loop[5].sha1_inst/a_new0__0/A[29:0] is not pipelined. Pipelining DSP48 input will improve performance.
Related violations: <none>

DPIP-1#125 Warning
Input pipelining  
DSP design_1_i/top_0/inst/sha1_loop[5].sha1_inst/a_new0__0 input design_1_i/top_0/inst/sha1_loop[5].sha1_inst/a_new0__0/B[17:0] is not pipelined. Pipelining DSP48 input will improve performance.
Related violations: <none>

DPIP-1#126 Warning
Input pipelining  
DSP design_1_i/top_0/inst/sha1_loop[5].sha1_inst/a_new0__0 input design_1_i/top_0/inst/sha1_loop[5].sha1_inst/a_new0__0/C[47:0] is not pipelined. Pipelining DSP48 input will improve performance.
Related violations: <none>

DPIP-1#127 Warning
Input pipelining  
DSP design_1_i/top_0/inst/sha1_loop[5].sha1_inst/a_new0__1 input design_1_i/top_0/inst/sha1_loop[5].sha1_inst/a_new0__1/A[29:0] is not pipelined. Pipelining DSP48 input will improve performance.
Related violations: <none>

DPIP-1#128 Warning
Input pipelining  
DSP design_1_i/top_0/inst/sha1_loop[5].sha1_inst/a_new0__1 input design_1_i/top_0/inst/sha1_loop[5].sha1_inst/a_new0__1/B[17:0] is not pipelined. Pipelining DSP48 input will improve performance.
Related violations: <none>

DPIP-1#129 Warning
Input pipelining  
DSP design_1_i/top_0/inst/sha1_loop[6].sha1_inst/a_new0 input design_1_i/top_0/inst/sha1_loop[6].sha1_inst/a_new0/A[29:0] is not pipelined. Pipelining DSP48 input will improve performance.
Related violations: <none>

DPIP-1#130 Warning
Input pipelining  
DSP design_1_i/top_0/inst/sha1_loop[6].sha1_inst/a_new0 input design_1_i/top_0/inst/sha1_loop[6].sha1_inst/a_new0/B[17:0] is not pipelined. Pipelining DSP48 input will improve performance.
Related violations: <none>

DPIP-1#131 Warning
Input pipelining  
DSP design_1_i/top_0/inst/sha1_loop[6].sha1_inst/a_new0 input design_1_i/top_0/inst/sha1_loop[6].sha1_inst/a_new0/C[47:0] is not pipelined. Pipelining DSP48 input will improve performance.
Related violations: <none>

DPIP-1#132 Warning
Input pipelining  
DSP design_1_i/top_0/inst/sha1_loop[6].sha1_inst/a_new0__0 input design_1_i/top_0/inst/sha1_loop[6].sha1_inst/a_new0__0/A[29:0] is not pipelined. Pipelining DSP48 input will improve performance.
Related violations: <none>

DPIP-1#133 Warning
Input pipelining  
DSP design_1_i/top_0/inst/sha1_loop[6].sha1_inst/a_new0__0 input design_1_i/top_0/inst/sha1_loop[6].sha1_inst/a_new0__0/B[17:0] is not pipelined. Pipelining DSP48 input will improve performance.
Related violations: <none>

DPIP-1#134 Warning
Input pipelining  
DSP design_1_i/top_0/inst/sha1_loop[6].sha1_inst/a_new0__0 input design_1_i/top_0/inst/sha1_loop[6].sha1_inst/a_new0__0/C[47:0] is not pipelined. Pipelining DSP48 input will improve performance.
Related violations: <none>

DPIP-1#135 Warning
Input pipelining  
DSP design_1_i/top_0/inst/sha1_loop[6].sha1_inst/a_new0__1 input design_1_i/top_0/inst/sha1_loop[6].sha1_inst/a_new0__1/A[29:0] is not pipelined. Pipelining DSP48 input will improve performance.
Related violations: <none>

DPIP-1#136 Warning
Input pipelining  
DSP design_1_i/top_0/inst/sha1_loop[6].sha1_inst/a_new0__1 input design_1_i/top_0/inst/sha1_loop[6].sha1_inst/a_new0__1/B[17:0] is not pipelined. Pipelining DSP48 input will improve performance.
Related violations: <none>

DPIP-1#137 Warning
Input pipelining  
DSP design_1_i/top_0/inst/sha1_loop[7].sha1_inst/a_new0 input design_1_i/top_0/inst/sha1_loop[7].sha1_inst/a_new0/A[29:0] is not pipelined. Pipelining DSP48 input will improve performance.
Related violations: <none>

DPIP-1#138 Warning
Input pipelining  
DSP design_1_i/top_0/inst/sha1_loop[7].sha1_inst/a_new0 input design_1_i/top_0/inst/sha1_loop[7].sha1_inst/a_new0/B[17:0] is not pipelined. Pipelining DSP48 input will improve performance.
Related violations: <none>

DPIP-1#139 Warning
Input pipelining  
DSP design_1_i/top_0/inst/sha1_loop[7].sha1_inst/a_new0 input design_1_i/top_0/inst/sha1_loop[7].sha1_inst/a_new0/C[47:0] is not pipelined. Pipelining DSP48 input will improve performance.
Related violations: <none>

DPIP-1#140 Warning
Input pipelining  
DSP design_1_i/top_0/inst/sha1_loop[7].sha1_inst/a_new0__0 input design_1_i/top_0/inst/sha1_loop[7].sha1_inst/a_new0__0/A[29:0] is not pipelined. Pipelining DSP48 input will improve performance.
Related violations: <none>

DPIP-1#141 Warning
Input pipelining  
DSP design_1_i/top_0/inst/sha1_loop[7].sha1_inst/a_new0__0 input design_1_i/top_0/inst/sha1_loop[7].sha1_inst/a_new0__0/B[17:0] is not pipelined. Pipelining DSP48 input will improve performance.
Related violations: <none>

DPIP-1#142 Warning
Input pipelining  
DSP design_1_i/top_0/inst/sha1_loop[7].sha1_inst/a_new0__0 input design_1_i/top_0/inst/sha1_loop[7].sha1_inst/a_new0__0/C[47:0] is not pipelined. Pipelining DSP48 input will improve performance.
Related violations: <none>

DPIP-1#143 Warning
Input pipelining  
DSP design_1_i/top_0/inst/sha1_loop[7].sha1_inst/a_new0__1 input design_1_i/top_0/inst/sha1_loop[7].sha1_inst/a_new0__1/A[29:0] is not pipelined. Pipelining DSP48 input will improve performance.
Related violations: <none>

DPIP-1#144 Warning
Input pipelining  
DSP design_1_i/top_0/inst/sha1_loop[7].sha1_inst/a_new0__1 input design_1_i/top_0/inst/sha1_loop[7].sha1_inst/a_new0__1/B[17:0] is not pipelined. Pipelining DSP48 input will improve performance.
Related violations: <none>

DPIP-1#145 Warning
Input pipelining  
DSP design_1_i/top_0/inst/sha1_loop[8].sha1_inst/a_new0 input design_1_i/top_0/inst/sha1_loop[8].sha1_inst/a_new0/A[29:0] is not pipelined. Pipelining DSP48 input will improve performance.
Related violations: <none>

DPIP-1#146 Warning
Input pipelining  
DSP design_1_i/top_0/inst/sha1_loop[8].sha1_inst/a_new0 input design_1_i/top_0/inst/sha1_loop[8].sha1_inst/a_new0/B[17:0] is not pipelined. Pipelining DSP48 input will improve performance.
Related violations: <none>

DPIP-1#147 Warning
Input pipelining  
DSP design_1_i/top_0/inst/sha1_loop[8].sha1_inst/a_new0 input design_1_i/top_0/inst/sha1_loop[8].sha1_inst/a_new0/C[47:0] is not pipelined. Pipelining DSP48 input will improve performance.
Related violations: <none>

DPIP-1#148 Warning
Input pipelining  
DSP design_1_i/top_0/inst/sha1_loop[8].sha1_inst/a_new0__0 input design_1_i/top_0/inst/sha1_loop[8].sha1_inst/a_new0__0/A[29:0] is not pipelined. Pipelining DSP48 input will improve performance.
Related violations: <none>

DPIP-1#149 Warning
Input pipelining  
DSP design_1_i/top_0/inst/sha1_loop[8].sha1_inst/a_new0__0 input design_1_i/top_0/inst/sha1_loop[8].sha1_inst/a_new0__0/B[17:0] is not pipelined. Pipelining DSP48 input will improve performance.
Related violations: <none>

DPIP-1#150 Warning
Input pipelining  
DSP design_1_i/top_0/inst/sha1_loop[8].sha1_inst/a_new0__0 input design_1_i/top_0/inst/sha1_loop[8].sha1_inst/a_new0__0/C[47:0] is not pipelined. Pipelining DSP48 input will improve performance.
Related violations: <none>

DPIP-1#151 Warning
Input pipelining  
DSP design_1_i/top_0/inst/sha1_loop[8].sha1_inst/a_new0__1 input design_1_i/top_0/inst/sha1_loop[8].sha1_inst/a_new0__1/A[29:0] is not pipelined. Pipelining DSP48 input will improve performance.
Related violations: <none>

DPIP-1#152 Warning
Input pipelining  
DSP design_1_i/top_0/inst/sha1_loop[8].sha1_inst/a_new0__1 input design_1_i/top_0/inst/sha1_loop[8].sha1_inst/a_new0__1/B[17:0] is not pipelined. Pipelining DSP48 input will improve performance.
Related violations: <none>

DPIP-1#153 Warning
Input pipelining  
DSP design_1_i/top_0/inst/sha1_loop[9].sha1_inst/a_new0 input design_1_i/top_0/inst/sha1_loop[9].sha1_inst/a_new0/A[29:0] is not pipelined. Pipelining DSP48 input will improve performance.
Related violations: <none>

DPIP-1#154 Warning
Input pipelining  
DSP design_1_i/top_0/inst/sha1_loop[9].sha1_inst/a_new0 input design_1_i/top_0/inst/sha1_loop[9].sha1_inst/a_new0/B[17:0] is not pipelined. Pipelining DSP48 input will improve performance.
Related violations: <none>

DPIP-1#155 Warning
Input pipelining  
DSP design_1_i/top_0/inst/sha1_loop[9].sha1_inst/a_new0 input design_1_i/top_0/inst/sha1_loop[9].sha1_inst/a_new0/C[47:0] is not pipelined. Pipelining DSP48 input will improve performance.
Related violations: <none>

DPIP-1#156 Warning
Input pipelining  
DSP design_1_i/top_0/inst/sha1_loop[9].sha1_inst/a_new0__0 input design_1_i/top_0/inst/sha1_loop[9].sha1_inst/a_new0__0/A[29:0] is not pipelined. Pipelining DSP48 input will improve performance.
Related violations: <none>

DPIP-1#157 Warning
Input pipelining  
DSP design_1_i/top_0/inst/sha1_loop[9].sha1_inst/a_new0__0 input design_1_i/top_0/inst/sha1_loop[9].sha1_inst/a_new0__0/B[17:0] is not pipelined. Pipelining DSP48 input will improve performance.
Related violations: <none>

DPIP-1#158 Warning
Input pipelining  
DSP design_1_i/top_0/inst/sha1_loop[9].sha1_inst/a_new0__0 input design_1_i/top_0/inst/sha1_loop[9].sha1_inst/a_new0__0/C[47:0] is not pipelined. Pipelining DSP48 input will improve performance.
Related violations: <none>

DPIP-1#159 Warning
Input pipelining  
DSP design_1_i/top_0/inst/sha1_loop[9].sha1_inst/a_new0__1 input design_1_i/top_0/inst/sha1_loop[9].sha1_inst/a_new0__1/A[29:0] is not pipelined. Pipelining DSP48 input will improve performance.
Related violations: <none>

DPIP-1#160 Warning
Input pipelining  
DSP design_1_i/top_0/inst/sha1_loop[9].sha1_inst/a_new0__1 input design_1_i/top_0/inst/sha1_loop[9].sha1_inst/a_new0__1/B[17:0] is not pipelined. Pipelining DSP48 input will improve performance.
Related violations: <none>

DPOP-1#1 Warning
PREG Output pipelining  
DSP design_1_i/top_0/inst/sha1_loop[0].sha1_inst/a_new0__1 output design_1_i/top_0/inst/sha1_loop[0].sha1_inst/a_new0__1/P[47:0] is not pipelined (PREG=0). Pipelining the DSP48 output will improve performance and often saves power so it is suggested whenever possible to fully pipeline this function.  If this DSP48 function was inferred, it is suggested to describe an additional register stage after this function.  If the DSP48 was instantiated in the design, it is suggested to set the PREG attribute to 1.
Related violations: <none>

DPOP-1#2 Warning
PREG Output pipelining  
DSP design_1_i/top_0/inst/sha1_loop[10].sha1_inst/a_new0__1 output design_1_i/top_0/inst/sha1_loop[10].sha1_inst/a_new0__1/P[47:0] is not pipelined (PREG=0). Pipelining the DSP48 output will improve performance and often saves power so it is suggested whenever possible to fully pipeline this function.  If this DSP48 function was inferred, it is suggested to describe an additional register stage after this function.  If the DSP48 was instantiated in the design, it is suggested to set the PREG attribute to 1.
Related violations: <none>

DPOP-1#3 Warning
PREG Output pipelining  
DSP design_1_i/top_0/inst/sha1_loop[11].sha1_inst/a_new0__1 output design_1_i/top_0/inst/sha1_loop[11].sha1_inst/a_new0__1/P[47:0] is not pipelined (PREG=0). Pipelining the DSP48 output will improve performance and often saves power so it is suggested whenever possible to fully pipeline this function.  If this DSP48 function was inferred, it is suggested to describe an additional register stage after this function.  If the DSP48 was instantiated in the design, it is suggested to set the PREG attribute to 1.
Related violations: <none>

DPOP-1#4 Warning
PREG Output pipelining  
DSP design_1_i/top_0/inst/sha1_loop[12].sha1_inst/a_new0__1 output design_1_i/top_0/inst/sha1_loop[12].sha1_inst/a_new0__1/P[47:0] is not pipelined (PREG=0). Pipelining the DSP48 output will improve performance and often saves power so it is suggested whenever possible to fully pipeline this function.  If this DSP48 function was inferred, it is suggested to describe an additional register stage after this function.  If the DSP48 was instantiated in the design, it is suggested to set the PREG attribute to 1.
Related violations: <none>

DPOP-1#5 Warning
PREG Output pipelining  
DSP design_1_i/top_0/inst/sha1_loop[13].sha1_inst/a_new0__1 output design_1_i/top_0/inst/sha1_loop[13].sha1_inst/a_new0__1/P[47:0] is not pipelined (PREG=0). Pipelining the DSP48 output will improve performance and often saves power so it is suggested whenever possible to fully pipeline this function.  If this DSP48 function was inferred, it is suggested to describe an additional register stage after this function.  If the DSP48 was instantiated in the design, it is suggested to set the PREG attribute to 1.
Related violations: <none>

DPOP-1#6 Warning
PREG Output pipelining  
DSP design_1_i/top_0/inst/sha1_loop[14].sha1_inst/a_new0__1 output design_1_i/top_0/inst/sha1_loop[14].sha1_inst/a_new0__1/P[47:0] is not pipelined (PREG=0). Pipelining the DSP48 output will improve performance and often saves power so it is suggested whenever possible to fully pipeline this function.  If this DSP48 function was inferred, it is suggested to describe an additional register stage after this function.  If the DSP48 was instantiated in the design, it is suggested to set the PREG attribute to 1.
Related violations: <none>

DPOP-1#7 Warning
PREG Output pipelining  
DSP design_1_i/top_0/inst/sha1_loop[15].sha1_inst/a_new0__1 output design_1_i/top_0/inst/sha1_loop[15].sha1_inst/a_new0__1/P[47:0] is not pipelined (PREG=0). Pipelining the DSP48 output will improve performance and often saves power so it is suggested whenever possible to fully pipeline this function.  If this DSP48 function was inferred, it is suggested to describe an additional register stage after this function.  If the DSP48 was instantiated in the design, it is suggested to set the PREG attribute to 1.
Related violations: <none>

DPOP-1#8 Warning
PREG Output pipelining  
DSP design_1_i/top_0/inst/sha1_loop[16].sha1_inst/a_new0__1 output design_1_i/top_0/inst/sha1_loop[16].sha1_inst/a_new0__1/P[47:0] is not pipelined (PREG=0). Pipelining the DSP48 output will improve performance and often saves power so it is suggested whenever possible to fully pipeline this function.  If this DSP48 function was inferred, it is suggested to describe an additional register stage after this function.  If the DSP48 was instantiated in the design, it is suggested to set the PREG attribute to 1.
Related violations: <none>

DPOP-1#9 Warning
PREG Output pipelining  
DSP design_1_i/top_0/inst/sha1_loop[17].sha1_inst/a_new0__1 output design_1_i/top_0/inst/sha1_loop[17].sha1_inst/a_new0__1/P[47:0] is not pipelined (PREG=0). Pipelining the DSP48 output will improve performance and often saves power so it is suggested whenever possible to fully pipeline this function.  If this DSP48 function was inferred, it is suggested to describe an additional register stage after this function.  If the DSP48 was instantiated in the design, it is suggested to set the PREG attribute to 1.
Related violations: <none>

DPOP-1#10 Warning
PREG Output pipelining  
DSP design_1_i/top_0/inst/sha1_loop[18].sha1_inst/a_new0__1 output design_1_i/top_0/inst/sha1_loop[18].sha1_inst/a_new0__1/P[47:0] is not pipelined (PREG=0). Pipelining the DSP48 output will improve performance and often saves power so it is suggested whenever possible to fully pipeline this function.  If this DSP48 function was inferred, it is suggested to describe an additional register stage after this function.  If the DSP48 was instantiated in the design, it is suggested to set the PREG attribute to 1.
Related violations: <none>

DPOP-1#11 Warning
PREG Output pipelining  
DSP design_1_i/top_0/inst/sha1_loop[19].sha1_inst/a_new0__1 output design_1_i/top_0/inst/sha1_loop[19].sha1_inst/a_new0__1/P[47:0] is not pipelined (PREG=0). Pipelining the DSP48 output will improve performance and often saves power so it is suggested whenever possible to fully pipeline this function.  If this DSP48 function was inferred, it is suggested to describe an additional register stage after this function.  If the DSP48 was instantiated in the design, it is suggested to set the PREG attribute to 1.
Related violations: <none>

DPOP-1#12 Warning
PREG Output pipelining  
DSP design_1_i/top_0/inst/sha1_loop[1].sha1_inst/a_new0__1 output design_1_i/top_0/inst/sha1_loop[1].sha1_inst/a_new0__1/P[47:0] is not pipelined (PREG=0). Pipelining the DSP48 output will improve performance and often saves power so it is suggested whenever possible to fully pipeline this function.  If this DSP48 function was inferred, it is suggested to describe an additional register stage after this function.  If the DSP48 was instantiated in the design, it is suggested to set the PREG attribute to 1.
Related violations: <none>

DPOP-1#13 Warning
PREG Output pipelining  
DSP design_1_i/top_0/inst/sha1_loop[2].sha1_inst/a_new0__1 output design_1_i/top_0/inst/sha1_loop[2].sha1_inst/a_new0__1/P[47:0] is not pipelined (PREG=0). Pipelining the DSP48 output will improve performance and often saves power so it is suggested whenever possible to fully pipeline this function.  If this DSP48 function was inferred, it is suggested to describe an additional register stage after this function.  If the DSP48 was instantiated in the design, it is suggested to set the PREG attribute to 1.
Related violations: <none>

DPOP-1#14 Warning
PREG Output pipelining  
DSP design_1_i/top_0/inst/sha1_loop[3].sha1_inst/a_new0__1 output design_1_i/top_0/inst/sha1_loop[3].sha1_inst/a_new0__1/P[47:0] is not pipelined (PREG=0). Pipelining the DSP48 output will improve performance and often saves power so it is suggested whenever possible to fully pipeline this function.  If this DSP48 function was inferred, it is suggested to describe an additional register stage after this function.  If the DSP48 was instantiated in the design, it is suggested to set the PREG attribute to 1.
Related violations: <none>

DPOP-1#15 Warning
PREG Output pipelining  
DSP design_1_i/top_0/inst/sha1_loop[4].sha1_inst/a_new0__1 output design_1_i/top_0/inst/sha1_loop[4].sha1_inst/a_new0__1/P[47:0] is not pipelined (PREG=0). Pipelining the DSP48 output will improve performance and often saves power so it is suggested whenever possible to fully pipeline this function.  If this DSP48 function was inferred, it is suggested to describe an additional register stage after this function.  If the DSP48 was instantiated in the design, it is suggested to set the PREG attribute to 1.
Related violations: <none>

DPOP-1#16 Warning
PREG Output pipelining  
DSP design_1_i/top_0/inst/sha1_loop[5].sha1_inst/a_new0__1 output design_1_i/top_0/inst/sha1_loop[5].sha1_inst/a_new0__1/P[47:0] is not pipelined (PREG=0). Pipelining the DSP48 output will improve performance and often saves power so it is suggested whenever possible to fully pipeline this function.  If this DSP48 function was inferred, it is suggested to describe an additional register stage after this function.  If the DSP48 was instantiated in the design, it is suggested to set the PREG attribute to 1.
Related violations: <none>

DPOP-1#17 Warning
PREG Output pipelining  
DSP design_1_i/top_0/inst/sha1_loop[6].sha1_inst/a_new0__1 output design_1_i/top_0/inst/sha1_loop[6].sha1_inst/a_new0__1/P[47:0] is not pipelined (PREG=0). Pipelining the DSP48 output will improve performance and often saves power so it is suggested whenever possible to fully pipeline this function.  If this DSP48 function was inferred, it is suggested to describe an additional register stage after this function.  If the DSP48 was instantiated in the design, it is suggested to set the PREG attribute to 1.
Related violations: <none>

DPOP-1#18 Warning
PREG Output pipelining  
DSP design_1_i/top_0/inst/sha1_loop[7].sha1_inst/a_new0__1 output design_1_i/top_0/inst/sha1_loop[7].sha1_inst/a_new0__1/P[47:0] is not pipelined (PREG=0). Pipelining the DSP48 output will improve performance and often saves power so it is suggested whenever possible to fully pipeline this function.  If this DSP48 function was inferred, it is suggested to describe an additional register stage after this function.  If the DSP48 was instantiated in the design, it is suggested to set the PREG attribute to 1.
Related violations: <none>

DPOP-1#19 Warning
PREG Output pipelining  
DSP design_1_i/top_0/inst/sha1_loop[8].sha1_inst/a_new0__1 output design_1_i/top_0/inst/sha1_loop[8].sha1_inst/a_new0__1/P[47:0] is not pipelined (PREG=0). Pipelining the DSP48 output will improve performance and often saves power so it is suggested whenever possible to fully pipeline this function.  If this DSP48 function was inferred, it is suggested to describe an additional register stage after this function.  If the DSP48 was instantiated in the design, it is suggested to set the PREG attribute to 1.
Related violations: <none>

DPOP-1#20 Warning
PREG Output pipelining  
DSP design_1_i/top_0/inst/sha1_loop[9].sha1_inst/a_new0__1 output design_1_i/top_0/inst/sha1_loop[9].sha1_inst/a_new0__1/P[47:0] is not pipelined (PREG=0). Pipelining the DSP48 output will improve performance and often saves power so it is suggested whenever possible to fully pipeline this function.  If this DSP48 function was inferred, it is suggested to describe an additional register stage after this function.  If the DSP48 was instantiated in the design, it is suggested to set the PREG attribute to 1.
Related violations: <none>


