case__102: top__GB2, 
logic__344: top__GB2, 
logic__186: top__GB3, top__GB1, top__GB0, 
logic__274: top__GB2, 
logic__882: top__GB2, 
case__3: top__GB3, top__GB1, top__GB0, 
case__104: top__GB2, 
reg__36: top__GB2, 
case: top__GB3, top__GB2, top__GB0, 
logic__254: top__GB2, 
logic__527: top__GB2, 
logic__791: top__GB2, 
reg__131: top__GB1, 
logic__79: top__GB3, top__GB2, top__GB0, 
muxpart__120: top__GB2, 
datapath__23: top__GB3, 
datapath__140: top__GB3, 
case__39: top__GB3, top__GB1, top__GB0, 
datapath__44: top__GB2, 
case__228: top__GB2, 
logic__21: top__GB3, top__GB2, top__GB0, 
case__75: top__GB2, 
keep__1: top__GB3, top__GB1, top__GB0, 
case__254: top__GB2, 
logic__891: top__GB2, 
datapath__170: top__GB1, 
logic__972: top__GB2, 
reg: top__GB3, top__GB1, top__GB0, 
logic__258: top__GB2, 
case__313: top__GB2, 
logic__199: top__GB3, top__GB1, top__GB0, 
case__109: top__GB2, 
case__368: top__GB2, 
logic__958: top__GB2, 
case__288: top__GB2, 
logic__529: top__GB2, 
case__23: top__GB3, top__GB1, top__GB0, 
reg__63: top__GB2, 
logic__4: top__GB3, top__GB2, top__GB0, 
muxpart__100: top__GB2, 
muxpart__70: top__GB2, 
case__215: top__GB2, 
logic__179: top__GB3, top__GB1, top__GB0, 
case__232: top__GB2, 
case__77: top__GB2, 
datapath__67: top__GB2, 
logic__358: top__GB2, 
reg__43: top__GB2, 
logic__855: top__GB2, 
logic__93: top__GB3, top__GB2, top__GB0, 
datapath__54: top__GB2, 
logic__408: top__GB2, 
muxpart__4: top__GB3, top__GB2, top__GB0, 
logic__192: top__GB3, top__GB1, top__GB0, 
reg__85: top__GB2, 
logic__265: top__GB2, 
case__41: top__GB3, top__GB1, top__GB0, 
reg__33: top__GB2, 
case__212: top__GB2, 
logic__850: top__GB2, 
top__GB1: top__GB1, 
logic__327: top__GB2, 
case__343: top__GB2, 
logic__908: top__GB2, 
logic__801: top__GB2, 
logic__437: top__GB2, 
logic__188: top__GB3, top__GB1, top__GB0, 
logic__24: top__GB3, top__GB2, top__GB0, 
logic__889: top__GB2, 
logic__390: top__GB2, 
logic__518: top__GB2, 
logic__279: top__GB2, 
case__308: top__GB2, 
case__220: top__GB2, 
logic__86: top__GB3, top__GB2, top__GB0, 
datapath__13: top__GB3, 
logic__785: top__GB2, 
reg__109: top__GB1, 
logic__495: top__GB2, 
logic__870: top__GB2, 
logic__539: top__GB2, 
muxpart__252: top__GB0, 
logic__875: top__GB2, 
reg__82: top__GB2, 
reg__77: top__GB2, 
case__316: top__GB2, 
logic__787: top__GB2, 
logic__523: top__GB2, 
logic__28: top__GB3, top__GB2, top__GB0, 
reg__117: top__GB1, 
logic__903: top__GB2, 
reg__25: top__GB3, top__GB1, top__GB0, 
logic__76: top__GB3, top__GB2, top__GB0, 
logic__792: top__GB2, 
case__373: top__GB2, 
reg__65: top__GB2, 
muxpart__10: top__GB3, top__GB1, top__GB0, 
reg__115: top__GB1, 
logic__372: top__GB2, 
datapath__9: top__GB2, 
counter__6: top__GB3, top__GB1, top__GB0, 
case__286: top__GB2, 
logic__526: top__GB2, 
dsp48e1__8: top__GB3, top__GB2, top__GB0, 
case__40: top__GB3, top__GB1, top__GB0, 
logic__346: top__GB2, 
case__312: top__GB2, 
logic__769: top__GB2, 
logic__30: top__GB3, top__GB2, top__GB0, 
logic__535: top__GB2, 
logic__8: top__GB3, top__GB2, top__GB0, 
logic__570: top__GB2, 
muxpart__124: top__GB2, 
reg__12: top__GB3, top__GB1, top__GB0, 
datapath__26: top__GB2, 
logic__834: top__GB2, 
reg__86: top__GB2, 
logic__40: top__GB3, top__GB2, top__GB0, 
datapath__59: top__GB2, 
case__272: top__GB2, 
datapath__72: top__GB2, 
logic__885: top__GB2, 
logic__90: top__GB3, top__GB2, top__GB0, 
logic__777: top__GB2, 
muxpart__111: top__GB2, 
logic__1: top__GB3, top__GB2, top__GB0, 
datapath__20: top__GB2, 
logic__860: top__GB2, 
datapath__37: top__GB2, 
case__326: top__GB2, 
logic__820: top__GB2, 
muxpart__84: top__GB2, 
logic__343: top__GB2, 
case__217: top__GB2, 
logic__498: top__GB2, 
datapath__29: top__GB2, 
logic__533: top__GB2, 
reg__46: top__GB2, 
datapath__92: top__GB2, 
logic__34: top__GB3, top__GB2, top__GB0, 
reg__93: top__GB2, 
reg__50: top__GB0, 
reg__90: top__GB2, 
logic__780: top__GB2, 
logic__83: top__GB3, top__GB2, top__GB0, 
logic__808: top__GB2, 
muxpart__109: top__GB2, 
case__82: top__GB2, 
logic__794: top__GB2, 
reg__52: top__GB1, 
case__20: top__GB3, top__GB1, top__GB0, 
reg__1: top__GB3, top__GB1, top__GB0, 
logic__455: top__GB2, 
logic__500: top__GB2, 
keep__6: top__GB2, 
muxpart__87: top__GB2, 
case__80: top__GB2, 
logic__840: top__GB2, 
logic__786: top__GB2, 
logic__270: top__GB2, 
datapath__101: top__GB2, 
logic__799: top__GB2, 
muxpart__107: top__GB2, 
muxpart__7: top__GB3, top__GB2, top__GB0, 
muxpart__127: top__GB2, 
case__341: top__GB2, 
logic__356: top__GB2, 
muxpart__82: top__GB2, 
logic__45: top__GB3, top__GB2, top__GB0, 
datapath__1: top__GB3, top__GB1, top__GB0, 
logic__413: top__GB2, 
reg__28: top__GB2, 
case__361: top__GB2, 
logic__897: top__GB2, 
logic__450: top__GB2, 
reg__17: top__GB3, top__GB1, top__GB0, 
case__292: top__GB2, 
counter__4: top__GB3, top__GB1, top__GB0, 
case__371: top__GB2, 
logic__524: top__GB2, 
datapath__80: top__GB2, 
case__265: top__GB2, 
muxpart__128: top__GB2, 
case__81: top__GB2, 
case__12: top__GB3, top__GB1, top__GB0, 
datapath__61: top__GB2, 
logic__813: top__GB2, 
reg__127: top__GB1, 
logic__482: top__GB2, 
muxpart__129: top__GB2, 
reg__113: top__GB1, 
logic__986: top__GB2, 
case__365: top__GB2, 
reg__120: top__GB1, 
reg__116: top__GB2, 
datapath__109: top__GB2, 
logic__811: top__GB2, 
logic__434: top__GB2, 
logic__347: top__GB2, 
logic__856: top__GB2, 
logic__763: top__GB2, 
reg__47: top__GB3, 
case__338: top__GB2, 
logic__829: top__GB2, 
logic__784: top__GB2, 
case__278: top__GB2, 
reg__128: top__GB1, 
reg__7: top__GB3, top__GB1, top__GB0, 
logic__221: top__GB2, 
muxpart__249: top__GB3, 
logic__896: top__GB2, 
case__280: top__GB2, 
logic__548: top__GB2, 
logic__477: top__GB2, 
case__245: top__GB2, 
case__78: top__GB2, 
dsp48e1__1: top__GB3, top__GB2, top__GB0, 
logic__91: top__GB3, top__GB2, top__GB0, 
logic__509: top__GB2, 
reg__2: top__GB3, top__GB1, top__GB0, 
case__334: top__GB2, 
datapath__39: top__GB2, 
reg__114: top__GB1, 
reg__32: top__GB2, 
case__283: top__GB2, 
logic__828: top__GB2, 
logic__431: top__GB2, 
logic__35: top__GB3, top__GB2, top__GB0, 
logic__899: top__GB2, 
case__274: top__GB2, 
logic__571: top__GB2, 
logic__313: top__GB2, 
logic__17: top__GB3, top__GB2, top__GB0, 
logic__453: top__GB2, 
logic__196: top__GB3, top__GB1, top__GB0, 
logic__895: top__GB2, 
logic__818: top__GB2, 
logic__960: top__GB2, 
logic__422: top__GB2, 
muxpart__244: top__GB0, 
dsp48e1: top__GB3, top__GB2, top__GB0, 
muxpart__52: top__GB2, 
case__285: top__GB2, 
case__293: top__GB2, 
muxpart__79: top__GB2, 
logic__989: top__GB2, 
logic__387: top__GB2, 
case__16: top__GB3, top__GB1, top__GB0, 
datapath__102: top__GB2, 
muxpart__110: top__GB2, 
case__305: top__GB2, 
logic__47: top__GB3, top__GB2, top__GB0, 
case__8: top__GB3, top__GB1, top__GB0, 
datapath__70: top__GB2, 
logic__511: top__GB2, 
datapath__15: top__GB1, 
logic__545: top__GB2, 
top__GB2: top__GB2, 
reg__79: top__GB2, 
logic__87: top__GB3, top__GB2, top__GB0, 
logic__476: top__GB2, 
logic__23: top__GB3, top__GB2, top__GB0, 
case__42: top__GB3, top__GB1, top__GB0, 
case__76: top__GB2, 
muxpart__63: top__GB2, 
reg__134: top__GB1, 
datapath__16: top__GB1, 
logic__839: top__GB2, 
case__207: top__GB2, 
logic__53: top__GB3, top__GB2, top__GB0, 
case__339: top__GB2, 
logic__538: top__GB2, 
reg__91: top__GB2, 
reg__54: top__GB2, 
logic__956: top__GB2, 
logic__106: top__GB3, top__GB2, top__GB0, 
logic__449: top__GB2, 
case__282: top__GB2, 
logic__762: top__GB2, 
case__258: top__GB2, 
datapath__180: top__GB3, 
datapath__88: top__GB2, 
case__26: top__GB3, top__GB1, top__GB0, 
reg__49: top__GB3, 
logic__361: top__GB2, 
datapath__57: top__GB2, 
case__264: top__GB2, 
logic__333: top__GB2, 
muxpart__21: top__GB3, top__GB1, top__GB0, 
logic__541: top__GB2, 
logic__842: top__GB2, 
logic__95: top__GB3, top__GB2, top__GB0, 
logic__65: top__GB3, top__GB2, top__GB0, 
reg__20: top__GB3, top__GB1, top__GB0, 
datapath__31: top__GB2, 
case__319: top__GB2, 
case__309: top__GB2, 
logic__353: top__GB2, 
logic__328: top__GB2, 
logic__314: top__GB1, 
case__333: top__GB2, 
logic__969: top__GB2, 
datapath__99: top__GB2, 
logic__14: top__GB3, top__GB2, top__GB0, 
logic__569: top__GB2, 
logic__323: top__GB2, 
muxpart__35: top__GB2, 
datapath__83: top__GB2, 
case__222: top__GB2, 
logic__15: top__GB3, top__GB2, top__GB0, 
case__369: top__GB2, 
datapath__105: top__GB2, 
logic__779: top__GB2, 
logic__985: top__GB2, 
datapath__22: top__GB2, 
case__52: top__GB3, top__GB1, top__GB0, 
logic__411: top__GB2, 
muxpart__258: top__GB3, 
keep__9: top__GB2, 
logic__812: top__GB2, 
case__218: top__GB2, 
muxpart__255: top__GB1, 
logic__465: top__GB2, 
datapath__77: top__GB2, 
reg__42: top__GB2, 
logic__846: top__GB2, 
reg__27: top__GB2, 
case__105: top__GB2, 
reg__140: top__GB1, 
dsp48e1__3: top__GB3, top__GB2, top__GB0, 
logic__800: top__GB2, 
muxpart__55: top__GB2, 
reg__10: top__GB3, top__GB1, top__GB0, 
logic__552: top__GB2, 
logic__863: top__GB2, 
muxpart__93: top__GB2, 
logic__984: top__GB2, 
logic__363: top__GB2, 
reg__129: top__GB1, 
reg__105: top__GB2, 
logic__771: top__GB2, 
counter__1: top__GB3, top__GB1, top__GB0, 
dsp48e1__5: top__GB3, top__GB2, top__GB0, 
logic__341: top__GB2, 
muxpart__248: top__GB0, 
logic__59: top__GB3, top__GB2, top__GB0, 
muxpart__24: top__GB2, 
logic__461: top__GB2, 
muxpart__245: top__GB3, 
logic__992: top__GB2, 
datapath__40: top__GB2, 
case__241: top__GB2, 
case__36: top__GB3, top__GB1, top__GB0, 
case__226: top__GB2, 
logic__867: top__GB2, 
case__317: top__GB2, 
case__277: top__GB2, 
reg__44: top__GB2, 
reg__99: top__GB0, 
datapath__10: top__GB2, 
logic__765: top__GB2, 
logic__94: top__GB3, top__GB2, top__GB0, 
muxpart__74: top__GB2, 
muxpart__133: top__GB2, 
logic__995: top__GB2, 
logic__425: top__GB2, 
reg__108: top__GB3, 
case__342: top__GB2, 
reg__74: top__GB2, 
reg__72: top__GB2, 
logic__391: top__GB2, 
case__322: top__GB2, 
counter__2: top__GB3, top__GB1, top__GB0, 
logic__517: top__GB2, 
case__43: top__GB3, top__GB1, top__GB0, 
datapath__25: top__GB3, 
datapath__108: top__GB2, 
logic__41: top__GB3, top__GB2, top__GB0, 
case__261: top__GB2, 
case__255: top__GB2, 
case__229: top__GB2, 
logic__336: top__GB2, 
logic__69: top__GB3, top__GB2, top__GB0, 
logic__2: top__GB3, top__GB2, top__GB0, 
datapath__42: top__GB2, 
reg__126: top__GB1, 
logic__181: top__GB3, top__GB1, top__GB0, 
muxpart__81: top__GB2, 
logic__890: top__GB2, 
logic__913: top__GB2, 
logic__964: top__GB2, 
logic__970: top__GB1, 
logic__6: top__GB3, top__GB2, top__GB0, 
logic__263: top__GB2, 
logic__973: top__GB2, 
case__318: top__GB2, 
muxpart__122: top__GB2, 
muxpart__89: top__GB2, 
datapath__160: top__GB1, 
logic__370: top__GB2, 
logic__977: top__GB2, 
logic__883: top__GB2, 
case__268: top__GB2, 
logic__981: top__GB2, 
logic__426: top__GB2, 
logic__874: top__GB2, 
muxpart__126: top__GB2, 
logic__108: top__GB3, top__GB1, top__GB0, 
logic__49: top__GB3, top__GB2, top__GB0, 
reg__107: top__GB2, 
case__58: top__GB2, 
logic__898: top__GB2, 
case__9: top__GB3, top__GB1, top__GB0, 
logic__70: top__GB3, top__GB2, top__GB0, 
logic__819: top__GB2, 
reg__16: top__GB3, top__GB1, top__GB0, 
datapath__14: top__GB0, 
case__223: top__GB2, 
reg__132: top__GB1, 
logic__975: top__GB2, 
datapath__89: top__GB2, 
case__302: top__GB2, 
logic__350: top__GB2, 
logic__71: top__GB3, top__GB2, top__GB0, 
datapath__38: top__GB2, 
datapath__79: top__GB2, 
logic__480: top__GB2, 
case__1: top__GB3, top__GB1, top__GB0, 
datapath__150: top__GB0, 
logic__324: top__GB2, 
logic__821: top__GB2, 
case__363: top__GB2, 
reg__123: top__GB1, 
logic__29: top__GB3, top__GB2, top__GB0, 
logic__423: top__GB2, 
counter__5: top__GB3, top__GB1, top__GB0, 
logic__871: top__GB2, 
case__55: top__GB3, top__GB1, top__GB0, 
muxpart__62: top__GB2, 
reg__148: top__GB2, 
muxpart__64: top__GB2, 
logic__410: top__GB2, 
logic__177: top__GB3, top__GB1, top__GB0, 
logic__46: top__GB3, top__GB2, top__GB0, 
case__366: top__GB2, 
logic__278: top__GB2, 
logic__489: top__GB2, 
logic__396: top__GB2, 
logic__486: top__GB2, 
logic__376: top__GB2, 
logic__12: top__GB3, top__GB2, top__GB0, 
datapath__18: top__GB2, 
case__208: top__GB2, 
datapath__8: top__GB2, 
case__290: top__GB2, 
case__297: top__GB2, 
case__270: top__GB2, 
case__367: top__GB2, 
reg__6: top__GB3, top__GB1, top__GB0, 
case__6: top__GB3, top__GB1, top__GB0, 
case__244: top__GB2, 
case__362: top__GB2, 
logic__505: top__GB2, 
datapath: top__GB3, top__GB2, top__GB0, 
datapath__100: top__GB2, 
case__256: top__GB2, 
logic__868: top__GB2, 
uart_rx: top__GB2, 
logic__917: top__GB2, 
datapath__90: top__GB2, 
datapath__65: top__GB2, 
case__231: top__GB2, 
logic__462: top__GB2, 
logic__16: top__GB3, top__GB2, top__GB0, 
case__323: top__GB2, 
logic: top__GB3, top__GB2, top__GB0, 
case__210: top__GB2, 
muxpart__98: top__GB2, 
datapath__107: top__GB0, 
case__304: top__GB2, 
logic__881: top__GB2, 
datapath__7: top__GB2, 
logic__835: top__GB2, 
case__72: top__GB2, 
uart_tx: top__GB2, 
logic__963: top__GB2, 
dsp48e1__4: top__GB3, top__GB2, top__GB0, 
case__260: top__GB2, 
logic__382: top__GB2, 
logic__536: top__GB2, 
logic__783: top__GB2, 
keep: top__GB3, top__GB1, top__GB0, 
logic__107: top__GB3, top__GB1, top__GB0, 
muxpart__69: top__GB2, 
case__269: top__GB2, 
case__281: top__GB2, 
logic__375: top__GB2, 
logic__42: top__GB3, top__GB2, top__GB0, 
logic__982: top__GB2, 
logic__335: top__GB2, 
logic__467: top__GB2, 
reg__104: top__GB2, 
case__2: top__GB3, top__GB1, top__GB0, 
reg__29: top__GB2, 
logic__974: top__GB2, 
logic__833: top__GB2, 
logic__405: top__GB2, 
datapath__104: top__GB2, 
logic__797: top__GB2, 
logic__190: top__GB3, top__GB1, top__GB0, 
logic__892: top__GB2, 
top__GB0: top__GB0, 
logic__275: top__GB2, 
muxpart__59: top__GB2, 
logic__74: top__GB3, top__GB2, top__GB0, 
datapath__30: top__GB2, 
case__332: top__GB2, 
reg__138: top__GB1, 
logic__26: top__GB3, top__GB2, top__GB0, 
reg__59: top__GB2, 
datapath__58: top__GB2, 
reg__53: top__GB3, 
logic__993: top__GB2, 
case__324: top__GB2, 
muxpart__76: top__GB2, 
logic__542: top__GB2, 
muxpart__96: top__GB2, 
muxpart__22: top__GB2, 
reg__88: top__GB2, 
logic__64: top__GB3, top__GB2, top__GB0, 
case__267: top__GB2, 
logic__822: top__GB2, 
logic__81: top__GB3, top__GB2, top__GB0, 
logic__464: top__GB2, 
reg__24: top__GB3, top__GB1, top__GB0, 
case__56: top__GB2, 
reg__121: top__GB1, 
datapath__81: top__GB2, 
logic__109: top__GB3, top__GB1, top__GB0, 
case__253: top__GB2, 
logic__84: top__GB3, top__GB2, top__GB0, 
keep__8: top__GB2, 
datapath__98: top__GB2, 
case__321: top__GB2, 
logic__397: top__GB2, 
muxpart__36: top__GB2, 
datapath__130: top__GB0, 
logic__861: top__GB2, 
muxpart__78: top__GB2, 
muxpart__61: top__GB2, 
logic__3: top__GB3, top__GB2, top__GB0, 
logic__994: top__GB1, 
muxpart__73: top__GB2, 
case__59: top__GB2, 
muxpart__115: top__GB2, 
logic__479: top__GB2, 
muxpart__94: top__GB2, 
logic__366: top__GB2, 
datapath__43: top__GB2, 
reg__11: top__GB3, top__GB1, top__GB0, 
logic__968: top__GB2, 
logic__515: top__GB2, 
logic__385: top__GB2, 
case__372: top__GB2, 
case__303: top__GB2, 
datapath__11: top__GB3, 
case__233: top__GB2, 
dsp48e1__2: top__GB3, top__GB2, top__GB0, 
reg__106: top__GB2, 
logic__862: top__GB2, 
case__311: top__GB2, 
reg__142: top__GB1, 
case__243: top__GB2, 
reg__110: top__GB1, 
logic__78: top__GB3, top__GB2, top__GB0, 
datapath__49: top__GB2, 
sha1_w_mem: top__GB3, top__GB1, top__GB0, 
muxpart__106: top__GB2, 
logic__905: top__GB2, 
logic__435: top__GB2, 
logic__381: top__GB2, 
logic__979: top__GB2, 
case__294: top__GB2, 
logic__506: top__GB2, 
logic__429: top__GB2, 
muxpart__53: top__GB2, 
logic__877: top__GB2, 
case__344: top__GB2, 
case__14: top__GB3, top__GB1, top__GB0, 
datapath__3: top__GB3, top__GB1, top__GB0, 
case__25: top__GB3, top__GB1, top__GB0, 
logic__468: top__GB2, 
datapath__27: top__GB2, 
reg__35: top__GB2, 
case__273: top__GB2, 
case__209: top__GB2, 
logic__32: top__GB3, top__GB2, top__GB0, 
dsp48e1__7: top__GB3, top__GB2, top__GB0, 
counter__3: top__GB3, top__GB1, top__GB0, 
logic__864: top__GB2, 
logic__367: top__GB2, 
logic__182: top__GB3, top__GB1, top__GB0, 
logic__191: top__GB3, top__GB1, top__GB0, 
case__329: top__GB2, 
logic__991: top__GB2, 
logic__276: top__GB2, 
reg__75: top__GB2, 
case__284: top__GB2, 
logic__92: top__GB3, top__GB2, top__GB0, 
case__240: top__GB2, 
datapath__35: top__GB2, 
logic__504: top__GB2, 
logic__483: top__GB2, 
reg__67: top__GB2, 
logic__980: top__GB2, 
reg__144: top__GB1, 
keep__5: top__GB2, 
reg__145: top__GB1, 
logic__220: top__GB2, 
logic__971: top__GB2, 
datapath__56: top__GB2, 
logic__187: top__GB3, top__GB1, top__GB0, 
case__22: top__GB3, top__GB1, top__GB0, 
case__19: top__GB3, top__GB1, top__GB0, 
logic__474: top__GB2, 
case__111: top__GB2, 
reg__118: top__GB1, 
logic__444: top__GB2, 
datapath__32: top__GB2, 
muxpart__90: top__GB2, 
logic__43: top__GB3, top__GB2, top__GB0, 
reg__5: top__GB3, top__GB1, top__GB0, 
datapath__36: top__GB2, 
datapath__71: top__GB2, 
reg__51: top__GB1, 
logic__217: top__GB2, 
logic__990: top__GB2, 
logic__459: top__GB2, 
nonce_bcd_simple: top__GB3, top__GB2, top__GB0, 
reg__97: top__GB2, 
logic__521: top__GB2, 
muxpart__91: top__GB2, 
case__100: top__GB2, 
logic__180: top__GB3, top__GB1, top__GB0, 
logic__978: top__GB2, 
logic__532: top__GB2, 
case__275: top__GB2, 
muxpart__37: top__GB2, 
logic__349: top__GB2, 
reg__23: top__GB3, top__GB1, top__GB0, 
muxpart__66: top__GB2, 
reg__21: top__GB3, top__GB1, top__GB0, 
datapath__66: top__GB2, 
datapath__55: top__GB2, 
reg__125: top__GB1, 
case__79: top__GB2, 
case__266: top__GB2, 
logic__876: top__GB2, 
logic__440: top__GB2, 
logic__325: top__GB2, 
logic__417: top__GB2, 
logic__378: top__GB2, 
case__276: top__GB2, 
logic__443: top__GB2, 
logic__869: top__GB2, 
datapath__47: top__GB2, 
logic__402: top__GB2, 
logic__416: top__GB2, 
logic__904: top__GB2, 
datapath__97: top__GB2, 
logic__97: top__GB3, top__GB2, top__GB0, 
muxpart__60: top__GB2, 
datapath__76: top__GB2, 
muxpart__23: top__GB2, 
logic__770: top__GB2, 
logic__193: top__GB3, top__GB1, top__GB0, 
muxpart__56: top__GB2, 
logic__338: top__GB2, 
case__252: top__GB2, 
case__325: top__GB2, 
logic__825: top__GB2, 
muxpart__80: top__GB2, 
logic__488: top__GB2, 
muxpart__97: top__GB2, 
muxpart__125: top__GB2, 
case__57: top__GB2, 
reg__78: top__GB2, 
datapath__51: top__GB2, 
datapath__2: top__GB3, top__GB1, top__GB0, 
reg__71: top__GB2, 
logic__399: top__GB2, 
muxpart__246: top__GB3, 
logic__38: top__GB3, top__GB2, top__GB0, 
muxpart__247: top__GB0, 
reg__147: top__GB1, 
logic__406: top__GB2, 
reg__37: top__GB2, 
datapath__12: top__GB0, 
case__24: top__GB3, top__GB1, top__GB0, 
reg__92: top__GB2, 
logic__73: top__GB3, top__GB2, top__GB0, 
logic__230: top__GB2, 
logic__80: top__GB3, top__GB2, top__GB0, 
muxpart__71: top__GB2, 
datapath__52: top__GB2, 
logic__555: top__GB2, 
muxpart__250: top__GB3, 
logic__384: top__GB2, 
case__53: top__GB3, top__GB1, top__GB0, 
logic__269: top__GB2, 
reg__101: top__GB2, 
case__18: top__GB3, top__GB1, top__GB0, 
logic__232: top__GB2, 
muxpart__5: top__GB3, top__GB2, top__GB0, 
reg__40: top__GB2, 
logic__965: top__GB2, 
reg__98: top__GB2, 
keep__4: top__GB2, 
muxpart__123: top__GB2, 
reg__60: top__GB2, 
muxpart__1: top__GB3, top__GB2, top__GB0, 
case__74: top__GB2, 
logic__420: top__GB2, 
reg__139: top__GB1, 
logic__446: top__GB2, 
reg__9: top__GB3, top__GB1, top__GB0, 
datapath__93: top__GB2, 
logic__547: top__GB2, 
logic__189: top__GB3, top__GB1, top__GB0, 
logic__888: top__GB2, 
logic__428: top__GB2, 
logic__916: top__GB2, 
reg__143: top__GB1, 
logic__976: top__GB2, 
case__370: top__GB2, 
case__239: top__GB2, 
case__83: top__GB2, 
muxpart__119: top__GB2, 
reg__137: top__GB1, 
case__246: top__GB2, 
logic__773: top__GB2, 
case__103: top__GB2, 
datapath__86: top__GB2, 
logic__54: top__GB3, top__GB2, top__GB0, 
muxpart__83: top__GB2, 
reg__141: top__GB1, 
muxpart__102: top__GB2, 
logic__441: top__GB2, 
logic__369: top__GB2, 
datapath__78: top__GB2, 
reg__80: top__GB2, 
reg__70: top__GB2, 
case__307: top__GB2, 
logic__27: top__GB3, top__GB2, top__GB0, 
muxpart__105: top__GB2, 
case__219: top__GB2, 
logic__96: top__GB3, top__GB2, top__GB0, 
case__206: top__GB2, 
muxpart__86: top__GB2, 
muxpart__85: top__GB2, 
logic__827: top__GB2, 
reg__45: top__GB2, 
case__5: top__GB3, top__GB1, top__GB0, 
muxpart__253: top__GB1, 
logic__848: top__GB2, 
muxpart__112: top__GB2, 
case__15: top__GB3, top__GB1, top__GB0, 
muxpart__103: top__GB2, 
logic__826: top__GB2, 
case__287: top__GB2, 
muxpart__77: top__GB2, 
datapath__19: top__GB2, 
case__110: top__GB2, 
datapath__82: top__GB2, 
reg__119: top__GB1, 
logic__494: top__GB2, 
reg__124: top__GB1, 
datapath__63: top__GB2, 
logic__48: top__GB3, top__GB2, top__GB0, 
logic__419: top__GB2, 
case__320: top__GB2, 
case__271: top__GB2, 
reg__135: top__GB1, 
reg__64: top__GB2, 
case__327: top__GB2, 
logic__815: top__GB2, 
logic__36: top__GB3, top__GB2, top__GB0, 
logic__849: top__GB2, 
logic__520: top__GB2, 
logic__359: top__GB2, 
muxpart__9: top__GB3, top__GB1, top__GB0, 
logic__987: top__GB2, 
logic__147: top__GB3, top__GB1, top__GB0, 
reg__41: top__GB2, 
case__291: top__GB2, 
muxpart__57: top__GB2, 
case__211: top__GB2, 
reg__133: top__GB1, 
logic__7: top__GB3, top__GB2, top__GB0, 
logic__470: top__GB2, 
logic__75: top__GB3, top__GB2, top__GB0, 
logic__471: top__GB2, 
case__251: top__GB2, 
logic__226: top__GB2, 
logic__352: top__GB2, 
logic__394: top__GB2, 
logic__473: top__GB2, 
datapath__60: top__GB2, 
logic__776: top__GB2, 
logic__339: top__GB2, 
muxpart__58: top__GB2, 
logic__68: top__GB3, top__GB2, top__GB0, 
logic__355: top__GB2, 
logic__778: top__GB2, 
logic__836: top__GB2, 
logic__458: top__GB2, 
case__296: top__GB2, 
reg__26: top__GB2, 
datapath__33: top__GB2, 
logic__414: top__GB2, 
logic__400: top__GB2, 
logic__841: top__GB2, 
muxpart__130: top__GB2, 
logic__51: top__GB3, top__GB2, top__GB0, 
reg__22: top__GB3, top__GB1, top__GB0, 
logic__902: top__GB2, 
case__216: top__GB2, 
logic__501: top__GB2, 
datapath__106: top__GB2, 
muxpart__101: top__GB2, 
muxpart__131: top__GB2, 
muxpart__2: top__GB3, top__GB2, top__GB0, 
case__331: top__GB2, 
case__224: top__GB2, 
datapath__75: top__GB2, 
reg__69: top__GB2, 
case__230: top__GB2, 
reg__83: top__GB2, 
case__248: top__GB2, 
muxpart__68: top__GB2, 
logic__388: top__GB2, 
datapath__28: top__GB2, 
logic__959: top__GB2, 
logic__373: top__GB2, 
logic__82: top__GB3, top__GB2, top__GB0, 
datapath__73: top__GB2, 
logic__403: top__GB2, 
muxpart__256: top__GB1, 
logic__332: top__GB2, 
case__213: top__GB2, 
reg__136: top__GB1, 
logic__793: top__GB2, 
muxpart__116: top__GB2, 
reg__76: top__GB2, 
logic__764: top__GB2, 
logic__804: top__GB2, 
logic__766: top__GB2, 
logic__67: top__GB3, top__GB2, top__GB0, 
reg__122: top__GB1, 
logic__145: top__GB3, top__GB1, top__GB0, 
logic__31: top__GB3, top__GB2, top__GB0, 
muxpart__243: top__GB0, 
case__10: top__GB3, top__GB1, top__GB0, 
case__289: top__GB2, 
logic__25: top__GB3, top__GB2, top__GB0, 
muxpart__121: top__GB2, 
keep__7: top__GB2, 
reg__8: top__GB3, top__GB1, top__GB0, 
case__247: top__GB2, 
muxpart__114: top__GB2, 
logic__962: top__GB2, 
logic__854: top__GB2, 
case__315: top__GB2, 
logic__39: top__GB3, top__GB2, top__GB0, 
keep__3: top__GB2, 
case__54: top__GB3, top__GB1, top__GB0, 
logic__514: top__GB2, 
case__328: top__GB2, 
datapath__68: top__GB2, 
case__310: top__GB2, 
logic__393: top__GB2, 
datapath__5: top__GB2, 
reg__81: top__GB2, 
logic__853: top__GB2, 
case__242: top__GB2, 
muxpart__8: top__GB3, top__GB2, top__GB0, 
logic__485: top__GB2, 
logic__19: top__GB3, top__GB2, top__GB0, 
datapath__24: top__GB2, 
logic__225: top__GB2, 
logic__56: top__GB3, top__GB2, top__GB0, 
logic__565: top__GB2, 
datapath__64: top__GB2, 
case__235: top__GB2, 
logic__798: top__GB2, 
logic__364: top__GB2, 
datapath__69: top__GB2, 
case__11: top__GB3, top__GB1, top__GB0, 
logic__178: top__GB3, top__GB1, top__GB0, 
logic__85: top__GB3, top__GB2, top__GB0, 
case__301: top__GB2, 
logic__832: top__GB2, 
logic__438: top__GB2, 
logic__966: top__GB2, 
logic__10: top__GB3, top__GB2, top__GB0, 
muxpart__65: top__GB2, 
reg__61: top__GB2, 
datapath__91: top__GB2, 
muxpart__113: top__GB2, 
case__263: top__GB2, 
reg__94: top__GB2, 
counter: top__GB3, top__GB1, top__GB0, 
logic__330: top__GB2, 
reg__4: top__GB3, top__GB1, top__GB0, 
logic__553: top__GB2, 
muxpart__118: top__GB2, 
datapath__6: top__GB2, 
logic__957: top__GB2, 
logic__857: top__GB2, 
datapath__46: top__GB2, 
case__257: top__GB2, 
logic__847: top__GB2, 
logic__5: top__GB3, top__GB2, top__GB0, 
muxpart__54: top__GB2, 
logic__492: top__GB2, 
logic__814: top__GB2, 
muxpart__92: top__GB2, 
case__37: top__GB3, top__GB1, top__GB0, 
datapath__96: top__GB2, 
logic__63: top__GB3, top__GB2, top__GB0, 
case__38: top__GB3, top__GB1, top__GB0, 
logic__983: top__GB2, 
logic__550: top__GB2, 
logic__255: top__GB2, 
case__50: top__GB3, top__GB1, top__GB0, 
case__250: top__GB2, 
case__4: top__GB3, top__GB1, top__GB0, 
logic__18: top__GB3, top__GB2, top__GB0, 
case__234: top__GB2, 
logic__264: top__GB2, 
case__374: top__GB2, 
datapath__17: top__GB3, 
reg__48: top__GB0, 
reg__13: top__GB3, top__GB1, top__GB0, 
muxpart__3: top__GB3, top__GB2, top__GB0, 
reg__89: top__GB2, 
reg__112: top__GB1, 
case__259: top__GB2, 
reg__100: top__GB2, 
keep__2: top__GB2, 
datapath__4: top__GB2, 
datapath__85: top__GB2, 
case__13: top__GB3, top__GB1, top__GB0, 
case__236: top__GB2, 
logic__961: top__GB2, 
datapath__120: top__GB3, 
logic__37: top__GB3, top__GB2, top__GB0, 
logic__144: top__GB3, top__GB1, top__GB0, 
logic__954: top__GB2, 
muxpart__257: top__GB3, 
case__337: top__GB2, 
case__298: top__GB2, 
muxpart__88: top__GB2, 
case__44: top__GB3, top__GB1, top__GB0, 
reg__87: top__GB2, 
logic__805: top__GB2, 
muxpart__132: top__GB2, 
reg__111: top__GB1, 
reg__55: top__GB2, 
logic__452: top__GB2, 
dsp48e1__6: top__GB3, top__GB2, top__GB0, 
muxpart__67: top__GB2, 
logic__379: top__GB2, 
datapath__53: top__GB2, 
logic__491: top__GB2, 
datapath__95: top__GB2, 
case__249: top__GB2, 
logic__20: top__GB3, top__GB2, top__GB0, 
reg__14: top__GB3, top__GB1, top__GB0, 
case__51: top__GB3, top__GB1, top__GB0, 
case__375: top__GB2, 
logic__317: top__GB2, 
reg__56: top__GB2, 
datapath__50: top__GB2, 
logic__508: top__GB2, 
logic__912: top__GB1, 
case__314: top__GB2, 
case__214: top__GB2, 
logic__806: top__GB2, 
datapath__45: top__GB2, 
case__101: top__GB2, 
logic__340: top__GB2, 
datapath__62: top__GB2, 
datapath__110: top__GB0, 
muxpart: top__GB3, top__GB2, top__GB0, 
muxpart__108: top__GB2, 
logic__322: top__GB2, 
case__336: top__GB2, 
datapath__34: top__GB2, 
logic__185: top__GB3, top__GB1, top__GB0, 
case__7: top__GB3, top__GB1, top__GB0, 
muxpart__95: top__GB2, 
top__GB3: top__GB3, 
case__330: top__GB2, 
logic__878: top__GB2, 
logic__554: top__GB2, 
logic__362: top__GB2, 
case__364: top__GB2, 
datapath__21: top__GB2, 
reg__130: top__GB1, 
logic__790: top__GB2, 
case__225: top__GB2, 
reg__95: top__GB2, 
muxpart__72: top__GB2, 
logic__544: top__GB2, 
logic__967: top__GB2, 
logic__512: top__GB2, 
logic__566: top__GB2, 
muxpart__99: top__GB2, 
muxpart__6: top__GB3, top__GB2, top__GB0, 
case__306: top__GB2, 
case__295: top__GB2, 
case__227: top__GB2, 
case__17: top__GB3, top__GB1, top__GB0, 
reg__34: top__GB2, 
reg__62: top__GB2, 
logic__58: top__GB3, top__GB2, top__GB0, 
logic__843: top__GB2, 
case__112: top__GB2, 
logic__60: top__GB3, top__GB2, top__GB0, 
logic__807: top__GB2, 
muxpart__75: top__GB2, 
logic__988: top__GB2, 
logic__13: top__GB3, top__GB2, top__GB0, 
logic__89: top__GB3, top__GB2, top__GB0, 
datapath__94: top__GB2, 
logic__61: top__GB3, top__GB2, top__GB0, 
logic__409: top__GB2, 
case__262: top__GB2, 
datapath__84: top__GB2, 
logic__551: top__GB2, 
logic__911: top__GB2, 
logic__497: top__GB2, 
logic__62: top__GB3, top__GB2, top__GB0, 
sha1_core: top__GB3, top__GB1, top__GB0, 
case__299: top__GB2, 
logic__316: top__GB2, 
datapath__41: top__GB2, 
reg__15: top__GB3, top__GB1, top__GB0, 
reg__146: top__GB1, 
reg__73: top__GB2, 
reg__66: top__GB2, 
logic__456: top__GB2, 
reg__84: top__GB2, 
muxpart__117: top__GB2, 
logic__772: top__GB2, 
logic__447: top__GB2, 
logic__884: top__GB2, 
datapath__74: top__GB2, 
logic__50: top__GB3, top__GB2, top__GB0, 
logic__321: top__GB2, 
datapath__103: top__GB2, 
case__335: top__GB2, 
case__279: top__GB2, 
datapath__48: top__GB2, 
case__221: top__GB2, 
logic__52: top__GB3, top__GB2, top__GB0, 
logic__57: top__GB3, top__GB2, top__GB0, 
logic__503: top__GB2, 
case__237: top__GB2, 
reg__68: top__GB2, 
case__300: top__GB2, 
case__340: top__GB2, 
reg__96: top__GB2, 
datapath__87: top__GB2, 
logic__72: top__GB3, top__GB2, top__GB0, 
muxpart__251: top__GB0, 
logic__530: top__GB2, 
muxpart__254: top__GB1, 
case__238: top__GB2, 
logic__432: top__GB2, 
logic__329: top__GB2, 
case__376: top__GB2, 
reg__3: top__GB3, top__GB1, top__GB0, 
muxpart__104: top__GB2, 
