logic__193: logic__193
logic__1330: logic__63
logic__1251: logic__51
case__10: case__10
reg__206: reg__14
case__299: case__299
dsp48e1__41: dsp48e1__3
logic__1491: logic__84
case__453: case__4
counter__46: counter__2
logic__1058: logic__186
logic__1158: logic__3
logic__376: logic__376
logic__1793: logic__107
reg__88: reg__88
logic__72: logic__72
logic__569: logic__569
logic__7: logic__7
reg__155: reg__17
case__434: case__24
counter__43: counter__5
case__288: case__288
logic__786: logic__786
case__476: case__22
case__212: case__212
reg__210: reg__10
case__564: case__14
reg__243: reg__1
case__422: case__50
logic__36: logic__36
reg__1: reg__1
case__245: case__245
logic__772: logic__772
dsp48e1__44: dsp48e1
logic__1610: logic__52
logic__1588: logic__76
reg__221: reg__25
muxpart__339: muxpart__9
top__GB3: top__GB3
muxpart__98: muxpart__98
logic__1400: logic__85
logic__1717: logic__34
logic__958: logic__958
logic__807: logic__807
datapath__81: datapath__81
logic__1439: logic__42
case__394: case__24
case__332: case__332
logic__1409: logic__75
logic__1326: logic__68
logic__769: logic__769
reg__76: reg__76
logic__912: logic__912
logic__815: logic__815
logic__1728: logic__21
logic__855: logic__855
case__12: case__12
logic__1163: logic__196
logic__981: logic__981
case__486: case__11
logic__1454: logic__26
logic__1490: logic__85
muxpart__73: muxpart__73
logic__1579: logic__86
case__43: case__43
logic__1469: logic__8
case__36: case__36
top__GB0: top__GB0
case__658: case__6
logic__106: logic__106
logic__1182: logic__109
logic__1710: logic__41
datapath__12: datapath__12
case__286: case__286
reg__289: reg__3
case__451: case__6
reg__203: reg__17
reg__97: reg__97
case__562: case__16
muxpart__64: muxpart__64
logic__962: logic__962
logic__350: logic__350
logic__177: logic__177
logic__1062: logic__180
logic__1011: logic__187
logic__1216: logic__90
logic__1524: logic__48
reg__100: reg__100
logic__1578: logic__87
logic__1722: logic__28
muxpart__306: muxpart__3
logic__1052: logic__192
case__629: case__50
case__395: case__23
logic__832: logic__832
muxpart__1: muxpart__1
reg__150: reg__24
logic__1453: logic__27
logic__27: logic__27
reg__82: reg__82
logic__1175: logic__180
muxpart__105: muxpart__105
reg__275: reg__17
logic__1774: logic__192
reg__129: reg__129
case__52: case__52
logic__1708: logic__43
keep__13: keep
case__458: case__54
logic__1013: logic__185
logic__1267: logic__34
logic__220: logic__220
logic__1612: logic__50
reg__217: reg__3
reg__162: reg__10
logic__1525: logic__47
case__450: case__7
logic__1016: logic__180
logic__1399: logic__86
dsp48e1__45: dsp48e1__8
case__437: case__20
dsp48e1: dsp48e1
muxpart__2: muxpart__2
logic__1285: logic__14
case__446: case__11
keep__8: keep__8
counter__35: counter__6
case__302: case__302
case__618: case__6
logic__471: logic__471
reg__201: reg__21
case__600: case__25
logic__1700: logic__52
muxpart__103: muxpart__103
logic__1274: logic__26
muxpart__102: muxpart__102
datapath__94: datapath__94
logic__961: logic__961
muxpart__332: muxpart__4
reg__218: reg__2
logic__1248: logic__54
logic__1398: logic__87
case__655: case__9
dsp48e1__64: dsp48e1__7
logic__1695: logic__58
logic__1411: logic__73
logic__230: logic__230
logic__1260: logic__41
logic__1032: logic__189
case__399: case__18
logic__31: logic__31
muxpart__248: muxpart__248
datapath__104: datapath__104
case__218: case__218
case__256: case__256
case__534: case__4
logic__1238: logic__65
case__283: case__283
logic__1164: logic__193
logic__1652: logic__5
reg__256: reg__12
logic__1429: logic__53
muxpart__259: muxpart__21
case__278: case__278
nonce_bcd_simple: nonce_bcd_simple
logic__814: logic__814
logic__826: logic__826
logic__1621: logic__40
logic__1586: logic__79
reg: reg
logic__1527: logic__45
counter__54: counter__1
muxpart__299: muxpart__1
reg__188: reg__8
logic__1300: logic__96
logic__1760: logic__181
logic__1145: logic__18
dsp48e1__57: dsp48e1__5
case__315: case__315
reg__281: reg__11
logic__1791: logic__109
logic__440: logic__440
logic__1597: logic__67
muxpart__66: muxpart__66
logic__1412: logic__72
logic__1765: logic__147
logic__413: logic__413
case__333: case__333
case__282: case__282
datapath__206: datapath
case__244: case__244
logic__1273: logic__27
case__527: case__11
case__387: case__40
logic__1219: logic__86
counter__29: counter__5
counter__33: counter__1
muxpart__337: muxpart__21
logic__429: logic__429
logic__1173: logic__182
logic__801: logic__801
sha1_core__4: sha1_core
logic__1309: logic__86
case__644: case__20
datapath__204: datapath__2
logic__1494: logic__81
logic__90: logic__90
logic__979: logic__979
case__265: case__265
logic__369: logic__369
logic__1139: logic__25
reg__301: reg__15
case__538: case__55
logic__1450: logic__30
logic__1115: logic__51
logic__446: logic__446
reg__157: reg__15
logic__956: logic__956
reg__137: reg__137
nonce_bcd_simple__6: nonce_bcd_simple
logic__550: logic__550
logic__1038: logic__181
logic__1559: logic__8
logic__973: logic__973
logic__1590: logic__74
logic__1363: logic__27
logic__1352: logic__39
logic__1279: logic__20
logic__1747: logic
keep__19: keep
muxpart__264: muxpart__9
reg__312: reg__4
case__50: case__50
reg__65: reg__65
logic__397: logic__397
dsp48e1__8: dsp48e1__8
logic__4: logic__4
logic__520: logic__520
logic__1092: logic__76
logic__441: logic__441
reg__34: reg__34
logic__279: logic__279
logic__1633: logic__27
logic__1302: logic__94
logic__322: logic__322
counter__19: counter__1
muxpart__312: muxpart__6
logic__1697: logic__56
case__649: case__15
muxpart__315: muxpart__3
reg__59: reg__59
reg__163: reg__9
case__455: case__2
case__440: case__17
muxpart__331: muxpart__5
case__8: case__8
case__373: case__373
counter__36: counter__5
logic__1094: logic__74
case__444: case__13
logic__1362: logic__28
case__599: case__26
logic__1168: logic__189
logic__1509: logic__64
logic__1069: logic__109
datapath__35: datapath__35
logic__1255: logic__47
reg__263: reg__5
logic__784: logic__784
logic__1670: logic__85
logic__1431: logic__51
case__563: case__15
reg__234: reg__10
muxpart__308: muxpart__1
datapath__160: datapath__160
logic__1162: logic__199
case__243: case__243
case__277: case__277
logic__1536: logic__35
logic__1209: logic__97
logic__1719: logic__31
logic__764: logic__764
reg__37: reg__37
muxpart__275: muxpart__1
logic__416: logic__416
logic__71: logic__71
logic__1243: logic__60
case__608: case__16
muxpart__121: muxpart__121
datapath__96: datapath__96
logic__1392: logic__94
reg__94: reg__94
logic__1295: logic__2
logic__1169: logic__188
muxpart__7: muxpart__7
datapath__193: datapath__3
logic__355: logic__355
reg__136: reg__136
logic__182: logic__182
logic__258: logic__258
case__594: case__40
logic__192: logic__192
logic__1500: logic__74
muxpart__8: muxpart__8
datapath__84: datapath__84
logic__186: logic__186
case__233: case__233
logic__1317: logic__78
logic__1268: logic__32
logic__505: logic__505
datapath__216: datapath__2
reg__236: reg__8
logic__780: logic__780
case__662: case__2
muxpart__80: muxpart__80
reg__246: reg__24
logic__1637: logic__23
reg__116: reg__116
case__474: case__24
logic__1224: logic__81
muxpart__336: muxpart
case__401: case__16
logic__1446: logic__35
muxpart__99: muxpart__99
case__469: case__38
case__582: case
case__261: case__261
logic__21: logic__21
case__585: case__54
logic__1131: logic__34
case__460: case__52
logic__87: logic__87
datapath__98: datapath__98
muxpart__65: muxpart__65
datapath__28: datapath__28
logic__1555: logic__14
logic__1428: logic__54
logic__1323: logic__71
keep__14: keep__1
case__590: case__44
counter__23: counter__4
reg__113: reg__113
logic__63: logic__63
logic__456: logic__456
reg__313: reg__3
logic__1763: logic__178
case__72: case__72
case__82: case__82
logic__1464: logic__15
logic__1112: logic__54
logic__419: logic__419
reg__278: reg__14
muxpart__67: muxpart__67
reg__199: reg__23
counter__44: counter__4
muxpart__100: muxpart__100
dsp48e1__63: dsp48e1__8
logic__1499: logic__75
case__101: case__101
reg__44: reg__44
case__5: case__5
datapath: datapath
reg__213: reg__7
logic__145: logic__145
logic__1278: logic__21
logic__1452: logic__28
logic__1644: logic__15
reg__165: reg__7
case__369: case__369
logic__565: logic__565
reg__110: reg__110
logic__1336: logic__57
reg__284: reg__8
datapath__45: datapath__45
logic__1206: logic__108
logic: logic
logic__1108: logic__59
reg__208: reg__12
case__567: case__11
case__660: case__4
logic__539: logic__539
logic__1287: logic__12
datapath__56: datapath__56
logic__144: logic__144
case__320: case__320
logic__1720: logic__30
dsp48e1__62: dsp48e1
logic__1762: logic__179
logic__488: logic__488
logic__1356: logic__35
case__38: case__38
case__396: case__22
reg__225: reg__21
reg__47: reg__47
logic__529: logic__529
logic__1601: logic__62
logic__477: logic__477
logic__447: logic__447
datapath__211: datapath
logic__1113: logic__53
case__304: case__304
logic__1338: logic__54
logic__1706: logic__46
case__528: case__10
logic__1704: logic__48
muxpart__323: muxpart__4
logic__1085: logic__84
logic__1753: logic__190
keep__12: keep__1
logic__1635: logic__25
datapath__57: datapath__57
muxpart__305: muxpart__4
case__104: case__104
datapath__10: datapath__10
logic__147: logic__147
reg__121: reg__121
reg__32: reg__32
logic__1534: logic__37
counter__18: counter__2
logic__62: logic__62
case__273: case__273
reg__310: reg__6
logic__535: logic__535
logic__1767: logic__144
datapath__21: datapath__21
logic__1387: logic
logic__1040: logic__179
logic__860: logic__860
case__336: case__336
reg__126: reg__126
case__306: case__306
muxpart__70: muxpart__70
logic__2: logic__2
case__575: case__3
reg__55: reg__55
logic__179: logic__179
keep__21: keep
case__388: case__39
counter__6: counter__6
logic__1333: logic__60
reg__191: reg__5
logic__881: logic__881
reg__223: reg__23
logic__553: logic__553
logic__1547: logic__23
reg__285: reg__7
case__276: case__276
reg__91: reg__91
logic__1375: logic__14
logic__1498: logic__76
logic__455: logic__455
logic__968: logic__968
case__415: case__2
logic__770: logic__770
muxpart__52: muxpart__52
dsp48e1__21: dsp48e1__5
case__552: case__36
logic__340: logic__340
logic__1157: logic__4
logic__533: logic__533
logic__1213: logic__93
logic__1345: logic__47
logic__762: logic__762
logic__776: logic__776
case__508: case__40
logic__17: logic__17
case__384: case__43
logic__526: logic__526
logic__566: logic__566
logic__263: logic__263
logic__1684: logic__70
logic__1781: logic__185
logic__1716: logic__35
logic__1049: logic__199
counter__26: counter__1
logic__85: logic__85
case__211: case__211
logic__1043: logic__147
logic__1556: logic__13
logic__1786: logic__178
logic__545: logic__545
logic__1504: logic__70
case__206: case__206
counter__25: counter__2
logic__1299: logic__97
logic__1033: logic__188
muxpart__5: muxpart__5
logic__1625: logic__36
reg__60: reg__60
case__74: case__74
case__436: case__22
case__266: case__266
datapath__65: datapath__65
logic__1746: logic__1
logic__1751: logic__192
logic__1146: logic__17
logic__1236: logic__68
counter__4: counter__4
case__393: case__25
logic__57: logic__57
reg__205: reg__15
logic__1617: logic__45
logic__1134: logic__30
logic__313: logic__313
logic__1105: logic__62
case__363: case__363
case__213: case__213
logic__1296: logic__1
logic__1087: logic__82
logic__1681: logic__73
logic__963: logic__963
logic__867: logic__867
reg__207: reg__13
muxpart__317: muxpart__1
logic__1217: logic__89
logic__538: logic__538
dsp48e1__55: dsp48e1__7
case__236: case__236
logic__453: logic__453
case__604: case__20
keep__7: keep__7
logic__1056: logic__188
reg__131: reg__131
logic__1199: logic__179
logic__450: logic__450
case__540: case__53
logic__14: logic__14
logic__1018: logic__178
case__289: case__289
case__576: case__2
datapath__198: datapath__1
datapath__52: datapath__52
logic__109: logic__109
reg__124: reg__124
logic__1270: logic__30
case__362: case__362
logic__515: logic__515
datapath__130: datapath__130
reg__255: reg__13
case__595: case__39
logic__465: logic__465
logic__1549: logic__20
case__112: case__112
case__493: case__4
reg__252: reg__16
logic__275: logic__275
logic__1269: logic__31
logic__1659: logic__97
logic__1007: logic__191
case__553: case__26
muxpart__251: muxpart__251
case__225: case__225
datapath__26: datapath__26
case__549: case__39
logic__486: logic__486
counter__38: counter__3
reg__3: reg__3
reg__173: reg__25
logic__1211: logic__95
logic__3: logic__3
logic__1736: logic__13
reg__36: reg__36
logic__1116: logic__50
case__254: case__254
logic__1089: logic__80
logic__1567: logic
case__570: case__8
logic__356: logic__356
logic__391: logic__391
case__514: case__25
case__463: case__44
reg__214: reg__6
reg__198: reg__24
logic__1665: logic__91
logic__96: logic__96
case__411: case__6
case__230: case__230
logic__1416: logic__68
muxpart__82: muxpart__82
logic__1748: logic__199
reg__61: reg__61
datapath__210: datapath
reg__220: reg
logic__449: logic__449
datapath__213: datapath__2
logic__1120: logic__46
muxpart__263: muxpart__10
case__495: case__2
muxpart__4: muxpart__4
counter__49: counter__6
logic__1744: logic__3
logic__434: logic__434
datapath__58: datapath__58
reg__83: reg__83
logic__1548: logic__21
logic__1785: logic__179
keep__5: keep__5
logic__190: logic__190
case__487: case__10
muxpart__74: muxpart__74
logic__988: logic__988
datapath__66: datapath__66
logic__1618: logic__43
counter__7: counter__6
nonce_bcd_simple__4: nonce_bcd_simple
case__295: case__295
case__602: case__23
logic__897: logic__897
uart_rx: uart_rx
reg__249: reg__21
reg__161: reg__11
dsp48e1__68: dsp48e1__3
logic__913: logic__913
logic__957: logic__957
case__344: case__344
reg__81: reg__81
logic__1571: logic__95
logic__1077: logic__93
case__3: case__3
uart_tx: uart_tx
case__580: case
logic__1282: logic__17
muxpart__37: muxpart__37
counter__5: counter__5
logic__1286: logic__13
logic__891: logic__891
muxpart__86: muxpart__86
logic__50: logic__50
logic__16: logic__16
reg__119: reg__119
dsp48e1__13: dsp48e1__4
reg__300: reg__16
logic__1262: logic__39
logic__1648: logic__10
logic__1613: logic__49
logic__1374: logic__15
case__420: case__52
dsp48e1__2: dsp48e1__2
logic__1467: logic__12
logic__1693: logic__60
muxpart__311: muxpart__7
case__337: case__337
case__42: case__42
case__232: case__232
case__416: case__1
case__263: case__263
case__509: case__39
reg__84: reg__84
logic__370: logic__370
logic__1344: logic__48
logic__483: logic__483
logic__1271: logic__29
case__638: case__36
case__215: case__215
logic__869: logic__869
logic__1735: logic__14
logic__1435: logic__47
logic__1325: logic__69
reg__41: reg__41
muxpart__268: muxpart__8
logic__1566: logic__1
logic__1353: logic__38
reg__183: reg__13
logic__804: logic__804
logic__1528: logic__43
datapath__72: datapath__72
logic__861: logic__861
datapath__192: datapath__1
logic__1346: logic__46
datapath__3: datapath__3
logic__1329: logic__64
logic__1671: logic__84
case__257: case__257
logic__1358: logic__32
logic__1025: logic__107
logic__474: logic__474
logic__916: logic__916
datapath__180: datapath__180
logic__1740: logic__7
nonce_bcd_simple__2: nonce_bcd_simple
logic__1084: logic__85
datapath__16: datapath__16
case__279: case__279
logic__1634: logic__26
logic__1507: logic__67
logic__385: logic__385
logic__1322: logic__72
logic__1764: logic__177
logic__254: logic__254
case__635: case__39
datapath__140: datapath__140
reg__2: reg__2
logic__1783: logic__181
datapath__25: datapath__25
logic__1487: logic__89
datapath__101: datapath__101
logic__1003: logic__199
counter__39: counter__2
logic__902: logic__902
keep__23: keep
logic__1478: logic__106
logic__966: logic__966
muxpart__79: muxpart__79
case__398: case__19
logic__514: logic__514
reg__311: reg__5
logic__1074: logic__96
logic__1503: logic__71
logic__1611: logic__51
logic__1369: logic__20
reg__56: reg__56
case__403: case__14
case__75: case__75
muxpart__321: muxpart__6
keep__18: keep__1
logic__341: logic__341
logic__43: logic__43
logic__1415: logic__69
datapath__64: datapath__64
logic__1161: logic
logic__1232: logic__72
counter__52: counter__3
logic__10: logic__10
logic__1402: logic__83
logic__798: logic__798
logic__411: logic__411
muxpart__88: muxpart__88
case__381: case__51
muxpart__267: muxpart__9
logic__1109: logic__58
keep__6: keep__6
case__402: case__15
logic__846: logic__846
muxpart__55: muxpart__55
logic__1471: logic__6
case__515: case__24
muxpart__252: muxpart__252
datapath__110: datapath__110
logic__405: logic__405
logic__426: logic__426
case__312: case__312
logic__1009: logic__189
case__529: case__9
case__550: case__38
logic__967: logic__967
reg__277: reg__15
case__334: case__334
reg__250: reg__20
muxpart__326: muxpart__1
case__661: case__3
logic__1107: logic__60
logic__24: logic__24
logic__911: logic__911
muxpart__313: muxpart__5
reg__307: reg__9
logic__384: logic__384
case__480: case__17
counter: counter
logic__408: logic__408
case__327: case__327
logic__1290: logic__7
logic__982: logic__982
sha1_core__3: sha1_core
case__324: case__324
logic__820: logic__820
muxpart__62: muxpart__62
case__323: case__323
datapath__208: datapath
case__375: case__375
logic__1672: logic__83
case__490: case__7
logic__265: logic__265
case__325: case__325
case__654: case__10
reg__212: reg__8
logic__986: logic__986
logic__1205: logic__109
reg__216: reg__4
reg__230: reg__14
case__14: case__14
logic__1778: logic__188
counter__3: counter__3
reg__6: reg__6
logic__882: logic__882
logic__489: logic__489
case__505: case__43
case__340: case__340
case__57: case__57
logic__1790: logic__144
case__53: case__53
case__229: case__229
reg__296: reg__22
muxpart__277: muxpart__21
logic__1414: logic__70
logic__1620: logic__41
muxpart__125: muxpart__125
counter__51: counter__4
reg__268: reg
logic__1410: logic__74
reg__283: reg__9
muxpart__131: muxpart__131
logic__1072: logic__106
logic__435: logic__435
case__207: case__207
case__280: case__280
logic__324: logic__324
logic__1628: logic__32
case__100: case__100
reg__239: reg__5
muxpart__328: muxpart__8
logic__1529: logic__42
dsp48e1__27: dsp48e1__8
logic__1351: logic__40
logic__1694: logic__59
logic__1201: logic__177
muxpart__324: muxpart__3
muxpart__123: muxpart__123
muxpart__260: muxpart__10
reg__247: reg__23
datapath__82: datapath__82
logic__1792: logic__108
dsp48e1__30: dsp48e1__5
logic__1118: logic__48
case__6: case__6
logic__443: logic__443
case__364: case__364
logic__1383: logic__4
logic__1086: logic__83
logic__1701: logic__51
reg__168: reg__4
logic__1252: logic__50
logic__1505: logic__69
case__473: case__25
logic__255: logic__255
logic__1172: logic__185
logic__406: logic__406
case__475: case__23
case__502: case__51
case__485: case__12
muxpart__61: muxpart__61
logic__1057: logic__187
case__510: case__38
logic__1640: logic__19
logic__1780: logic__186
logic__794: logic__794
dsp48e1__36: dsp48e1__8
logic__1460: logic__19
logic__985: logic__985
case__253: case__253
logic__1256: logic__46
logic__1076: logic__94
case__110: case__110
logic__1237: logic__67
logic__1293: logic__4
logic__1770: logic__107
case__519: case__19
datapath__9: datapath__9
logic__349: logic__349
reg__287: reg__5
reg__77: reg__77
logic__1624: logic__37
muxpart__250: muxpart__250
logic__1059: logic__185
logic__1160: logic__1
logic__1405: logic__80
reg__86: reg__86
datapath__199: datapath
logic__226: logic__226
logic__402: logic__402
keep__3: keep__3
logic__1449: logic__31
logic__86: logic__86
sha1_core__5: sha1_core
logic__1166: logic__191
muxpart__243: muxpart__243
reg__226: reg__20
reg__293: reg__25
reg__63: reg__63
case__596: case__38
case__503: case__50
case__448: case__9
case__54: case__54
case__80: case__80
case__592: case__42
logic__1614: logic__48
logic__1263: logic__38
logic__1044: logic__145
logic__875: logic__875
case__264: case__264
logic__1468: logic__10
reg__120: reg__120
case__22: case__22
logic__978: logic__978
logic__857: logic__857
logic__1257: logic__45
datapath__100: datapath__100
logic__500: logic__500
case__521: case__17
logic__1240: logic__63
counter__41: counter
reg__35: reg__35
datapath__62: datapath__62
logic__1576: logic__90
datapath__36: datapath__36
dsp48e1__29: dsp48e1__6
datapath__207: datapath
logic__1090: logic__79
logic__84: logic__84
case__318: case__318
case__313: case__313
reg__181: reg__15
nonce_bcd_simple__1: nonce_bcd_simple
keep__2: keep__2
reg__135: reg__135
reg__178: reg__20
logic__428: logic__428
case__2: case__2
logic__95: logic__95
dsp48e1__71: dsp48e1
sha1_w_mem__2: sha1_w_mem
logic__1526: logic__46
case__400: case__17
counter__30: counter__4
datapath__78: datapath__78
dsp48e1__34: dsp48e1__1
case__545: case__43
muxpart__60: muxpart__60
logic__225: logic__225
logic__1138: logic__26
logic__1047: logic__108
logic__1379: logic__8
logic__70: logic__70
logic__870: logic__870
logic__1: logic__1
case__258: case__258
logic__1102: logic__65
case__252: case__252
logic__1239: logic__64
logic__1404: logic__81
logic__1176: logic__179
logic__352: logic__352
case__339: case__339
logic__1222: logic__83
reg__298: reg__20
logic__991: logic__991
muxpart__287: muxpart__4
case__240: case__240
logic__321: logic__321
case__111: case__111
logic__1584: logic__81
reg__142: reg__142
reg__133: reg__133
logic__1627: logic__34
logic__316: logic__316
logic__1692: logic__61
reg__282: reg__10
case__467: case__40
logic__1244: logic__59
reg__231: reg__13
logic__848: logic__848
logic__364: logic__364
logic__1424: logic__59
logic__1297: logic
muxpart__104: muxpart__104
logic__1438: logic__43
logic__1651: logic__6
muxpart__278: muxpart__10
datapath__1: datapath__1
reg__33: reg__33
logic__1177: logic__178
muxpart__75: muxpart__75
logic__990: logic__990
case__559: case__19
case__489: case__8
logic__94: logic__94
dsp48e1__49: dsp48e1__4
logic__188: logic__188
logic__25: logic__25
reg__176: reg__22
logic__995: logic__995
logic__1397: logic__89
logic__1215: logic__91
logic__1234: logic__70
logic__494: logic__494
logic__1246: logic__57
logic__1442: logic__39
dsp48e1__17: dsp48e1
logic__403: logic__403
case__294: case__294
logic__1602: logic__61
logic__1208: logic__106
muxpart__58: muxpart__58
logic__1425: logic__58
logic__1103: logic__64
reg__127: reg__127
case__303: case__303
reg__179: reg__17
logic__1091: logic__78
logic__976: logic__976
logic__1015: logic__181
logic__1418: logic__65
logic__1729: logic__20
case__498: case__55
case__246: case__246
logic__1066: logic__147
case__281: case__281
logic__1272: logic__28
logic__1664: logic__92
logic__1544: logic__26
case__456: case__1
case__424: case__43
logic__34: logic__34
logic__78: logic__78
logic__1005: logic__193
case__586: case__53
reg__242: reg__2
logic__30: logic__30
logic__1690: logic__63
muxpart__283: muxpart__8
logic__1340: logic__52
reg__69: reg__69
logic__1395: logic__91
datapath__109: datapath__109
logic__196: logic__196
logic__1380: logic__7
logic__1294: logic__3
logic__1689: logic__64
muxpart__266: muxpart__10
muxpart__92: muxpart__92
reg__254: reg__14
logic__1373: logic__16
reg__108: reg__108
logic__1203: logic__145
muxpart__114: muxpart__114
reg__105: reg__105
logic__1152: logic__10
case__16: case__16
logic__1140: logic__24
case__541: case__52
logic__400: logic__400
case__507: case__41
logic__394: logic__394
logic__362: logic__362
datapath__8: datapath__8
case__410: case__7
case__298: case__298
case__248: case__248
case__413: case__4
case__284: case__284
reg__305: reg__11
reg__270: reg__24
muxpart__256: muxpart__256
case__78: case__78
logic__1180: logic__145
reg__13: reg__13
logic__1218: logic__87
reg__107: reg__107
reg__167: reg__5
case__418: case__54
reg__90: reg__90
logic__1306: logic__90
muxpart__293: muxpart__7
case__518: case__20
case__311: case__311
nonce_bcd_simple__3: nonce_bcd_simple
logic__1603: logic__60
case__219: case__219
case__627: case__52
logic__847: logic__847
logic__1298: logic__106
logic__1422: logic__61
logic__1512: logic__61
muxpart__269: muxpart__7
logic__330: logic__330
case__109: case__109
case__431: case__36
logic__1698: logic__54
logic__1070: logic__108
logic__1666: logic__90
logic__1261: logic__40
logic__785: logic__785
logic__61: logic__61
logic__841: logic__841
datapath__55: datapath__55
logic__1337: logic__56
logic__1155: logic__6
logic__73: logic__73
logic__1196: logic__182
logic__1133: logic__31
logic__48: logic__48
case__574: case__4
muxpart__253: muxpart__253
muxpart__265: muxpart__21
logic__1459: logic__20
logic__1081: logic__89
logic__888: logic__888
logic__971: logic__971
logic__548: logic__548
muxpart__129: muxpart__129
logic__1063: logic__179
logic__1543: logic__27
muxpart__291: muxpart
case__275: case__275
logic__1592: logic__72
logic__1661: logic__95
case__307: case__307
logic__787: logic__787
logic__372: logic__372
logic__836: logic__836
logic__993: logic__993
reg__52: reg__52
logic__1187: logic__193
case__449: case__8
logic__1641: logic__18
logic__523: logic__523
case__216: case__216
case__438: case__19
logic__1714: logic__37
logic__518: logic__518
muxpart__302: muxpart__7
case__342: case__342
logic__1083: logic__86
muxpart__333: muxpart__3
case__249: case__249
datapath__197: datapath__2
case__614: case__10
sha1_w_mem__5: sha1_w_mem
case__7: case__7
logic__1563: logic__4
logic__278: logic__278
reg__23: reg__23
logic__1630: logic__30
case__470: case__37
logic__1310: logic__85
case__619: case__5
reg__195: reg__1
datapath__23: datapath__23
reg__5: reg__5
logic__871: logic__871
case__581: case
datapath__89: datapath__89
datapath__103: datapath__103
reg__295: reg__23
logic__437: logic__437
logic__905: logic__905
reg__21: reg__21
case__457: case__55
logic__541: logic__541
keep__16: keep__1
logic__863: logic__863
logic__1609: logic__53
logic__1530: logic__41
logic__1587: logic__78
datapath__63: datapath__63
case__234: case__234
logic__1488: logic__87
datapath__83: datapath__83
case__39: case__39
case__579: case
logic__1437: logic__45
muxpart__300: muxpart
logic__503: logic__503
logic__314: logic__314
logic__1132: logic__32
reg__279: reg__13
logic__68: logic__68
case__637: case__37
muxpart__273: muxpart__3
logic__15: logic__15
logic__524: logic__524
logic__1406: logic__79
nonce_bcd_simple__5: nonce_bcd_simple
logic__1658: logic__106
datapath__51: datapath__51
datapath__33: datapath__33
logic__1649: logic__8
logic__1636: logic__24
case__472: case__26
logic__1569: logic__97
logic__1440: logic__41
logic__877: logic__877
logic__1594: logic__70
counter__40: counter__1
case__651: case__13
reg__153: reg__21
case__587: case__52
case__546: case__42
case__41: case__41
case__23: case__23
logic__1381: logic__6
case__17: case__17
logic__1342: logic__50
logic__1463: logic__16
logic__41: logic__41
logic__1776: logic__190
logic__1384: logic__3
reg__219: reg__1
logic__974: logic__974
reg__101: reg__101
logic__1386: logic__1
datapath__68: datapath__68
case__497: case
logic__1221: logic__84
logic__1250: logic__52
datapath__74: datapath__74
logic__1546: logic__24
muxpart__303: muxpart__6
logic__1029: logic__192
case__40: case__40
logic__1151: logic__12
case__494: case__3
datapath__20: datapath__20
logic__1135: logic__29
case__406: case__11
muxpart__111: muxpart__111
case__214: case__214
muxpart: muxpart
case__566: case__12
logic__1447: logic__34
logic__327: logic__327
datapath__7: datapath__7
case__617: case__7
case__426: case__41
logic__276: logic__276
logic__1660: logic__96
case__237: case__237
logic__1367: logic__23
logic__181: logic__181
logic__498: logic__498
case__228: case__228
dsp48e1__35: dsp48e1
case__335: case__335
case__663: case__1
case__536: case__2
case__221: case__221
reg__151: reg__23
logic__1136: logic__28
reg__111: reg__111
reg__75: reg__75
case__636: case__38
logic__420: logic__420
logic__965: logic__965
datapath__120: datapath__120
datapath__205: datapath__1
logic__1682: logic__72
logic__361: logic__361
sha1_w_mem__1: sha1_w_mem
reg__260: reg__8
muxpart__307: muxpart__2
muxpart__286: muxpart__5
logic__821: logic__821
case__11: case__11
logic__1275: logic__25
logic__1292: logic__5
logic__1316: logic__79
logic__1037: logic__182
reg__17: reg__17
case__105: case__105
counter__8: counter__5
reg__197: reg__25
logic__1313: logic__82
muxpart__297: muxpart__3
reg__122: reg__122
logic__1662: logic__94
datapath__93: datapath__93
logic__1539: logic__31
logic__65: logic__65
reg__45: reg__45
logic__497: logic__497
muxpart__309: muxpart
dsp48e1__31: dsp48e1__4
datapath__170: datapath__170
logic__1675: logic__80
logic__1195: logic__185
case__452: case__5
case__603: case__22
case__20: case__20
logic__52: logic__52
logic__896: logic__896
reg__290: reg__2
logic__1106: logic__61
case__310: case__310
logic__1423: logic__60
logic__1096: logic__72
logic__1655: logic__2
logic__1511: logic__62
reg__62: reg__62
logic__984: logic__984
reg__294: reg__24
logic__777: logic__777
case__83: case__83
reg__222: reg__24
keep__4: keep__4
logic__1314: logic__81
case__488: case__9
muxpart__284: muxpart__7
muxpart__63: muxpart__63
logic__191: logic__191
logic__1538: logic__32
case__427: case__40
case__481: case__16
case__657: case__7
logic__1060: logic__182
muxpart__257: muxpart__257
logic__1327: logic__67
reg__280: reg__12
logic__1718: logic__32
logic__1481: logic__95
reg__288: reg__4
reg__302: reg__14
logic__509: logic__509
case__220: case__220
logic__1137: logic__27
case__477: case__20
counter__14: counter__6
muxpart__106: muxpart__106
logic__1110: logic__57
case__462: case__50
logic__1393: logic__93
reg__309: reg__7
reg__259: reg__9
muxpart__93: muxpart__93
logic__1707: logic__45
logic__1378: logic__10
case__405: case__12
case__583: case
case__331: case__331
logic__864: logic__864
case__647: case__17
logic__542: logic__542
muxpart__53: muxpart__53
logic__59: logic__59
logic__791: logic__791
logic__536: logic__536
reg__215: reg__5
muxpart__314: muxpart__4
case__435: case__23
dsp48e1__20: dsp48e1__6
case__535: case__3
datapath__77: datapath__77
case__259: case__259
counter__50: counter__5
logic__1067: logic__145
logic__1757: logic__186
datapath__42: datapath__42
logic__333: logic__333
logic__1095: logic__73
logic__1656: logic__1
logic__805: logic__805
reg__204: reg__16
logic__83: logic__83
logic__1390: logic__96
counter__2: counter__2
reg__80: reg__80
logic__1010: logic__188
logic__992: logic__992
logic__1622: logic__39
logic__840: logic__840
logic__375: logic__375
logic__1482: logic__94
reg__92: reg__92
datapath__217: datapath__1
logic__825: logic__825
datapath__95: datapath__95
dsp48e1__11: dsp48e1__6
muxpart__289: muxpart__2
case__432: case__26
case__653: case__11
sha1_core__6: sha1_core
logic__328: logic__328
reg__166: reg__6
case__56: case__56
reg__228: reg__16
case__77: case__77
logic__425: logic__425
case__526: case__12
muxpart__342: muxpart__9
logic__1318: logic__76
datapath__79: datapath__79
logic__1259: logic__42
case__496: case__1
logic__1308: logic__87
logic__1156: logic__5
counter__1: counter__1
datapath__202: datapath__1
logic__1230: logic__74
reg__286: reg__6
case__322: case__322
logic__1227: logic__78
reg__240: reg__4
dsp48e1__12: dsp48e1__5
logic__1734: logic__15
logic__1301: logic__95
case__482: case__15
logic__834: logic__834
logic__885: logic__885
case__584: case__55
reg__185: reg__11
logic__39: logic__39
logic__1253: logic__49
dsp48e1__56: dsp48e1__6
case__483: case__14
counter__21: counter__6
datapath__86: datapath__86
case__378: case__54
logic__1686: logic__68
logic__765: logic__765
logic__989: logic__989
reg__132: reg__132
logic__954: logic__954
logic__1347: logic__45
case__641: case__24
case__374: case__374
logic__1197: logic__181
reg__29: reg__29
logic__366: logic__366
reg__308: reg__8
reg__68: reg__68
muxpart__96: muxpart__96
logic__1575: logic__91
reg__109: reg__109
reg__98: reg__98
logic__1732: logic__17
reg__74: reg__74
logic__547: logic__547
reg__235: reg__9
logic__878: logic__878
case__26: case__26
logic__1012: logic__186
datapath__29: datapath__29
logic__64: logic__64
logic__1288: logic__10
logic__1673: logic__82
sha1_w_mem__4: sha1_w_mem
case__625: case__54
datapath__59: datapath__59
logic__959: logic__959
reg__146: reg__146
datapath__17: datapath__17
logic__839: logic__839
logic__367: logic__367
case__543: case__50
case__293: case__293
datapath__18: datapath__18
case__578: case
logic__473: logic__473
logic__977: logic__977
case__572: case__6
muxpart__94: muxpart__94
case__624: case__55
muxpart__304: muxpart__5
logic__1266: logic__35
muxpart__77: muxpart__77
reg__258: reg__10
logic__37: logic__37
case__623: case__1
logic__1064: logic__178
case__241: case__241
logic__1769: logic__108
logic__1445: logic__36
logic__93: logic__93
logic__1413: logic__71
case__380: case__52
logic__1159: logic__2
case__547: case__41
logic__808: logic__808
logic__1191: logic__189
dsp48e1__42: dsp48e1__2
muxpart__59: muxpart__59
logic__1475: logic__2
reg__27: reg__27
case__18: case__18
sha1_w_mem__3: sha1_w_mem
logic__1741: logic__6
reg__72: reg__72
logic__1078: logic__92
reg__145: reg__145
case__597: case__37
case__588: case__51
case__560: case__18
reg__184: reg__12
reg__7: reg__7
case__643: case__22
logic__1489: logic__86
reg__276: reg__16
logic__1154: logic__7
logic__1787: logic__177
muxpart__274: muxpart__2
logic__1647: logic__12
case__531: case__7
muxpart__97: muxpart__97
logic__1643: logic__16
logic__396: logic__396
dsp48e1__39: dsp48e1__5
logic__1111: logic__56
muxpart__115: muxpart__115
logic__892: logic__892
muxpart__120: muxpart__120
reg__156: reg__16
logic__1235: logic__69
muxpart__101: muxpart__101
logic__908: logic__908
muxpart__54: muxpart__54
logic__1542: logic__28
case__274: case__274
logic__1312: logic__83
reg__43: reg__43
counter__20: counter
sha1_w_mem__7: sha1_w_mem
case__223: case__223
logic__1608: logic__54
case__659: case__5
logic__890: logic__890
logic__1124: logic__41
logic__1646: logic__13
logic__1207: logic__107
dsp48e1__54: dsp48e1__8
case__341: case__341
dsp48e1__25: dsp48e1__1
logic__1709: logic__42
logic__1570: logic__96
logic__1419: logic__64
case__504: case__44
logic__1382: logic__5
reg__193: reg__3
muxpart__91: muxpart__91
case__622: case__2
case__103: case__103
datapath__85: datapath__85
logic__274: logic__274
muxpart__90: muxpart__90
logic__1024: logic__108
logic__1496: logic__79
case__634: case__40
case__589: case__50
case__316: case__316
logic__1006: logic__192
logic__812: logic__812
muxpart__334: muxpart__2
logic__1054: logic__190
logic__1153: logic__8
counter__27: counter
logic__1605: logic__58
muxpart__108: muxpart__108
keep__10: keep__1
logic__1784: logic__180
logic__1021: logic__145
case__368: case__368
logic__1758: logic__185
case__1: case__1
logic__1713: logic__38
logic__1448: logic__32
logic__1101: logic__67
logic__1654: logic__3
dsp48e1__23: dsp48e1__3
reg__89: reg__89
logic__1075: logic__95
case__484: case__13
logic__1434: logic__48
logic__1550: logic__19
case__321: case__321
datapath__190: datapath__3
case__55: case__55
logic__771: logic__771
datapath__5: datapath__5
logic__317: logic__317
datapath__105: datapath__105
reg__211: reg__9
logic__1350: logic__41
logic__1004: logic__196
case__231: case__231
case__611: case__13
logic__1071: logic__107
logic__373: logic__373
case__297: case__297
dsp48e1__70: dsp48e1__1
logic__20: logic__20
logic__1283: logic__16
datapath__76: datapath__76
logic__46: logic__46
logic__1573: logic__93
case__523: case__15
logic__1477: logic
logic__1334: logic__59
reg__115: reg__115
case__491: case__6
case__338: case__338
logic__969: logic__969
logic__1663: logic__93
case__428: case__39
logic__1305: logic__91
counter__42: counter__6
case__556: case__23
logic__1516: logic__57
logic__1472: logic__5
logic__338: logic__338
logic__1688: logic__65
datapath__2: datapath__2
logic__799: logic__799
reg__152: reg__22
logic__1198: logic__180
logic__1280: logic__19
case__466: case__41
logic__1343: logic__49
logic__835: logic__835
reg__87: reg__87
muxpart__272: muxpart__4
logic__1462: logic__17
case__343: case__343
case__210: case__210
logic__492: logic__492
muxpart__22: muxpart__22
logic__551: logic__551
logic__1181: logic__144
logic__1165: logic__192
muxpart__56: muxpart__56
keep__17: keep
case__430: case__37
reg__172: reg
logic__544: logic__544
dsp48e1__18: dsp48e1__8
case__517: case__22
reg__20: reg__20
logic__379: logic__379
case__551: case__37
top__GB1: top__GB1
logic__849: logic__849
logic__1355: logic__36
case__371: case__371
datapath__194: datapath__2
logic__399: logic__399
datapath__19: datapath__19
logic__13: logic__13
counter__9: counter__4
case__613: case__11
reg__262: reg__6
case__433: case__25
reg__200: reg__22
logic__1265: logic__36
muxpart__35: muxpart__35
logic__555: logic__555
logic__970: logic__970
dsp48e1__59: dsp48e1__3
logic__1591: logic__73
case__25: case__25
logic__854: logic__854
case__500: case__53
case__268: case__268
counter__17: counter__3
logic__898: logic__898
reg__158: reg__14
logic__74: logic__74
reg__95: reg__95
logic__819: logic__819
case__577: case__1
reg__138: reg__138
logic__501: logic__501
datapath__40: datapath__40
logic__1170: logic__187
case__361: case__361
logic__1775: logic__191
logic__438: logic__438
case__389: case__38
logic__983: logic__983
logic__54: logic__54
logic__1065: logic__177
reg__114: reg__114
logic__417: logic__417
datapath__30: datapath__30
logic__178: logic__178
case__270: case__270
logic__1623: logic__38
logic__800: logic__800
case__642: case__23
case__554: case__25
muxpart__261: muxpart__9
datapath__24: datapath__24
logic__853: logic__853
logic__339: logic__339
muxpart__72: muxpart__72
logic__270: logic__270
muxpart__21: muxpart__21
logic__1242: logic__61
logic__28: logic__28
counter__45: counter__3
datapath__75: datapath__75
logic__818: logic__818
logic__1093: logic__75
case__251: case__251
case__610: case__14
logic__1508: logic__65
logic__390: logic__390
case__209: case__209
logic__1457: logic__23
reg__143: reg__143
logic__35: logic__35
case__239: case__239
logic__960: logic__960
case__269: case__269
logic__1743: logic__4
muxpart__262: muxpart__21
muxpart__340: muxpart__21
case__511: case__37
case__423: case__44
logic__506: logic__506
logic__530: logic__530
logic__1479: logic__97
logic__482: logic__482
logic__1598: logic__65
logic__504: logic__504
logic__1642: logic__17
dsp48e1__33: dsp48e1__2
muxpart__95: muxpart__95
logic__1376: logic__13
case__568: case__10
reg__14: reg__14
logic__1354: logic__37
case__478: case__19
logic__1561: logic__6
case__442: case__15
reg__24: reg__24
case__412: case__5
datapath__209: datapath
logic__1174: logic__181
logic__1523: logic__49
reg__154: reg__20
dsp48e1__69: dsp48e1__2
case__44: case__44
case__317: case__317
muxpart__113: muxpart__113
logic__1027: logic__196
counter__37: counter__4
reg__196: reg
case__260: case__260
counter__11: counter__2
logic__1130: logic__35
logic__1683: logic__71
logic__964: logic__964
datapath__88: datapath__88
case__650: case__14
reg__264: reg__4
case__459: case__53
logic__56: logic__56
logic__1079: logic__91
muxpart__295: muxpart__5
case__247: case__247
logic__1324: logic__70
logic__1562: logic__5
datapath__97: datapath__97
logic__1674: logic__81
reg__11: reg__11
counter__10: counter__3
dsp48e1__58: dsp48e1__4
reg__50: reg__50
logic__512: logic__512
keep__15: keep
case__557: case__22
datapath__46: datapath__46
logic__1520: logic__52
logic__58: logic__58
reg__9: reg__9
case__224: case__224
logic__1789: logic__145
logic__1026: logic__199
logic__1141: logic__23
logic__1466: logic__13
dsp48e1__14: dsp48e1__3
logic__1577: logic__89
reg__139: reg__139
logic__773: logic__773
reg__306: reg__10
muxpart__270: muxpart__6
logic__1705: logic__47
case__250: case__250
case__569: case__9
logic__1702: logic__50
logic__108: logic__108
datapath__61: datapath__61
logic__82: logic__82
logic__1430: logic__52
logic__1557: logic__12
logic__1249: logic__53
counter__53: counter__2
top__GB2: top__GB2
muxpart__330: muxpart__6
logic__1497: logic__78
logic__1531: logic__40
muxpart__127: muxpart__127
logic__1233: logic__71
logic__23: logic__23
case__296: case__296
reg__299: reg__17
muxpart__124: muxpart__124
case__454: case__3
logic__1777: logic__189
case__287: case__287
logic__1396: logic__90
case__404: case__13
logic__1408: logic__76
datapath__214: datapath__1
logic__1361: logic__29
logic__323: logic__323
datapath__14: datapath__14
case__558: case__20
logic__92: logic__92
case__235: case__235
case__605: case__19
case__501: case__52
reg__104: reg__104
case__386: case__41
logic__1184: logic__107
reg__26: reg__26
muxpart__329: muxpart__7
case__479: case__18
logic__1147: logic__16
reg__316: reg
case__367: case__367
logic__1019: logic__177
reg__15: reg__15
reg__267: reg__1
reg__130: reg__130
muxpart__244: muxpart__244
logic__552: logic__552
muxpart__271: muxpart__5
reg__261: reg__7
logic__1564: logic__3
logic__554: logic__554
case__4: case__4
logic__1303: logic__93
case__628: case__51
case__13: case__13
logic__1470: logic__7
logic__97: logic__97
logic__1585: logic__80
reg__12: reg__12
case__419: case__53
datapath__49: datapath__49
logic__1407: logic__78
datapath__41: datapath__41
case__630: case__44
muxpart__341: muxpart__10
muxpart__310: muxpart__8
counter__55: counter
logic__1677: logic__78
logic__797: logic__797
logic__1241: logic__62
logic__917: logic__917
logic__1461: logic__18
logic__1574: logic__92
case__606: case__18
keep__20: keep__1
logic__329: logic__329
dsp48e1__28: dsp48e1__7
logic__1506: logic__68
logic__843: logic__843
logic__107: logic__107
logic__1541: logic__29
reg__99: reg__99
case__227: case__227
logic__1264: logic__37
logic__1202: logic__147
reg__192: reg__4
logic__1483: logic__93
logic__1403: logic__82
reg__8: reg__8
keep__11: keep
logic__1186: logic__196
reg__118: reg__118
muxpart__258: muxpart__258
case__301: case__301
muxpart__298: muxpart__2
reg__266: reg__2
muxpart__296: muxpart__4
reg__78: reg__78
logic__1014: logic__182
case__429: case__38
logic__461: logic__461
logic__1258: logic__43
datapath__80: datapath__80
logic__346: logic__346
case__537: case__1
datapath__106: datapath__106
muxpart__10: muxpart__10
logic__1721: logic__29
logic__495: logic__495
muxpart__276: muxpart
logic__1042: logic__177
logic__1742: logic__5
logic__29: logic__29
datapath__191: datapath__2
muxpart__116: muxpart__116
reg__125: reg__125
reg__22: reg__22
case__461: case__51
case__439: case__18
logic__1433: logic__49
logic__414: logic__414
logic__1030: logic__191
case__522: case__16
dsp48e1__19: dsp48e1__7
logic__1178: logic__177
datapath__6: datapath__6
logic__1517: logic__56
logic__343: logic__343
logic__904: logic__904
logic__1691: logic__62
dsp48e1__4: dsp48e1__4
counter__12: counter__1
logic__1339: logic__53
logic__1638: logic__21
logic__1104: logic__63
logic__1733: logic__16
logic__1391: logic__95
case__565: case__13
keep: keep
case__616: case__8
logic__1553: logic__16
muxpart__327: muxpart
logic__1615: logic__47
logic__790: logic__790
reg__159: reg__13
logic__1522: logic__50
muxpart__6: muxpart__6
reg__40: reg__40
logic__571: logic__571
logic__1212: logic__94
dsp48e1__61: dsp48e1__1
reg__227: reg__17
muxpart__254: muxpart__254
reg__273: reg__21
logic__479: logic__479
logic__26: logic__26
logic__363: logic__363
logic__42: logic__42
logic__467: logic__467
logic__1510: logic__63
logic__1560: logic__7
logic__353: logic__353
case__598: case__36
logic__1225: logic__80
dsp48e1__52: dsp48e1__1
logic__462: logic__462
logic__1629: logic__31
reg__292: reg
logic__79: logic__79
logic__1319: logic__75
dsp48e1__43: dsp48e1__1
logic__1368: logic__21
logic__422: logic__422
logic__1521: logic__51
counter__22: counter__5
logic__1360: logic__30
logic__1685: logic__69
reg__224: reg__22
logic__1053: logic__191
case__58: case__58
logic__32: logic__32
logic__1023: logic__109
reg__182: reg__14
muxpart__280: muxpart__21
logic__1122: logic__43
muxpart__122: muxpart__122
reg__238: reg__6
case__391: case__36
dsp48e1__9: dsp48e1__8
logic__464: logic__464
logic__1650: logic__7
dsp48e1__47: dsp48e1__6
muxpart__76: muxpart__76
reg__186: reg__10
case__561: case__17
dsp48e1__24: dsp48e1__2
logic__1502: logic__72
counter__24: counter__3
logic__382: logic__382
logic__1593: logic__71
logic__1008: logic__190
case__626: case__53
muxpart__282: muxpart__9
logic__862: logic__862
case__648: case__16
case__417: case__55
logic__1696: logic__57
logic__187: logic__187
logic__1619: logic__42
reg__64: reg__64
muxpart__110: muxpart__110
datapath__22: datapath__22
logic__1188: logic__192
logic__1125: logic__40
logic__889: logic__889
logic__806: logic__806
logic__1687: logic__67
logic__1121: logic__45
logic__1394: logic__92
logic__264: logic__264
logic__468: logic__468
reg__128: reg__128
logic__1254: logic__48
reg__257: reg__11
logic__1291: logic__6
logic__1554: logic__15
case__593: case__41
logic__1727: logic__23
logic__325: logic__325
logic__1596: logic__68
case__520: case__18
reg__53: reg__53
reg__241: reg__3
logic__1533: logic__38
case__300: case__300
logic__1370: logic__19
reg__54: reg__54
muxpart__133: muxpart__133
logic__1676: logic__79
dsp48e1__15: dsp48e1__2
logic__269: logic__269
logic__1377: logic__12
case__217: case__217
reg__297: reg__21
logic__1421: logic__62
logic__1304: logic__92
datapath__67: datapath__67
case__524: case__14
datapath__201: datapath__2
logic__1540: logic__30
logic__381: logic__381
dsp48e1__32: dsp48e1__3
logic__189: logic__189
reg__51: reg__51
reg__251: reg__17
case__59: case__59
reg__169: reg__3
logic__1055: logic__189
case__262: case__262
logic__76: logic__76
keep__22: keep__1
muxpart__69: muxpart__69
logic__336: logic__336
logic__1657: logic
dsp48e1__5: dsp48e1__5
datapath__37: datapath__37
logic__1073: logic__97
reg__16: reg__16
muxpart__255: muxpart__255
logic__833: logic__833
dsp48e1__51: dsp48e1__2
logic__842: logic__842
logic__459: logic__459
reg__25: reg__25
datapath__50: datapath__50
logic__1388: logic__106
muxpart__89: muxpart__89
logic__1518: logic__54
logic__1473: logic__4
reg__269: reg__25
datapath__91: datapath__91
dsp48e1__16: dsp48e1__1
datapath__102: datapath__102
muxpart__320: muxpart__7
logic__1604: logic__59
datapath__54: datapath__54
logic__1189: logic__191
logic__5: logic__5
logic__1128: logic__37
case__292: case__292
datapath__203: datapath__3
logic__1117: logic__49
case__255: case__255
logic__1668: logic__87
logic__1100: logic__68
logic__1711: logic__40
muxpart__249: muxpart__249
dsp48e1__65: dsp48e1__6
case__525: case__13
logic__1495: logic__80
logic__1210: logic__96
reg__272: reg__22
logic__1371: logic__18
logic__378: logic__378
logic__423: logic__423
case__612: case__12
logic__532: logic__532
case__222: case__222
counter__13: counter
logic__1750: logic__193
logic__1020: logic__147
logic__53: logic__53
logic__180: logic__180
logic__1190: logic__190
muxpart__81: muxpart__81
case__392: case__26
datapath__70: datapath__70
logic__1126: logic__39
logic__47: logic__47
case__542: case__51
logic__1667: logic__89
logic__1119: logic__47
logic__1715: logic__36
case__328: case__328
logic__470: logic__470
reg__233: reg__11
logic__1045: logic__144
reg__66: reg__66
logic__1022: logic__144
counter__15: counter__5
dsp48e1__53: dsp48e1
case__272: case__272
logic__232: logic__232
logic__1048: logic__107
case__621: case__3
muxpart__288: muxpart__3
reg__85: reg__85
logic__813: logic__813
logic__1061: logic__181
case__330: case__330
case__226: case__226
logic__1486: logic__90
muxpart__23: muxpart__23
logic__410: logic__410
logic__485: logic__485
logic__1385: logic__2
logic__1185: logic__199
case__319: case__319
datapath__99: datapath__99
logic__335: logic__335
case__314: case__314
logic__444: logic__444
logic__521: logic__521
logic__89: logic__89
logic__1745: logic__2
logic__45: logic__45
case__285: case__285
muxpart__130: muxpart__130
reg__10: reg__10
logic__1535: logic__36
logic__1493: logic__82
muxpart__319: muxpart__8
case__408: case__9
logic__217: logic__217
case__632: case__42
reg__112: reg__112
case__548: case__40
case__445: case__12
datapath__48: datapath__48
reg__229: reg__15
logic__1231: logic__73
reg__140: reg__140
case__407: case__10
logic__811: logic__811
logic__1359: logic__31
logic__1148: logic__15
muxpart__71: muxpart__71
logic__1737: logic__12
logic__1328: logic__65
reg__245: reg__25
logic__779: logic__779
sha1_core__1: sha1_core
logic__1739: logic__8
datapath__43: datapath__43
logic__1513: logic__60
logic__1731: logic__18
logic__1080: logic__90
case__652: case__12
dsp48e1__60: dsp48e1__2
logic__388: logic__388
reg__232: reg__12
logic__1545: logic__25
logic__458: logic__458
logic__1320: logic__74
reg__304: reg__12
logic__980: logic__980
case__76: case__76
logic__899: logic__899
muxpart__294: muxpart__6
case__19: case__19
logic__1441: logic__40
logic__1277: logic__23
reg__48: reg__48
logic__19: logic__19
logic__1451: logic__29
datapath__215: datapath__3
counter__16: counter__4
logic__1761: logic__180
case__499: case__54
logic__1653: logic__4
muxpart__112: muxpart__112
datapath__27: datapath__27
muxpart__83: muxpart__83
reg__253: reg__15
logic__1289: logic__8
logic__1311: logic__84
logic__1537: logic__34
dsp48e1__48: dsp48e1__5
datapath__31: datapath__31
datapath__60: datapath__60
case__397: case__20
case__308: case__308
logic__1599: logic__64
logic__18: logic__18
logic__1766: logic__145
logic__793: logic__793
logic__49: logic__49
reg__117: reg__117
logic__199: logic__199
muxpart__3: muxpart__3
dsp48e1__67: dsp48e1__4
case__376: case__376
dsp48e1__1: dsp48e1__1
muxpart__119: muxpart__119
case__513: case__26
counter__48: counter
logic__1679: logic__75
logic__972: logic__972
datapath__150: datapath__150
reg__194: reg__2
muxpart__316: muxpart__2
logic__1726: logic__24
logic__91: logic__91
logic__185: logic__185
case__615: case__9
logic__1427: logic__56
logic__903: logic__903
logic__1245: logic__58
logic__8: logic__8
case: case
logic__69: logic__69
logic__1041: logic__178
case__383: case__44
reg__79: reg__79
logic__1779: logic__187
case__656: case__8
datapath__38: datapath__38
logic__359: logic__359
datapath__39: datapath__39
datapath__87: datapath__87
logic__81: logic__81
logic__1565: logic__2
logic__1552: logic__17
case__81: case__81
case__633: case__41
datapath__92: datapath__92
sha1_core: sha1_core
logic__1348: logic__43
case__646: case__18
case__24: case__24
logic__1788: logic__147
muxpart__290: muxpart__1
reg__28: reg__28
logic__975: logic__975
case__609: case__15
muxpart__68: muxpart__68
logic__1455: logic__25
reg__265: reg__3
case__290: case__290
logic__1773: logic__193
logic__1183: logic__108
logic__1730: logic__19
dsp48e1__26: dsp48e1
logic__1389: logic__97
logic__1458: logic__21
reg__144: reg__144
logic__1558: logic__10
case__208: case__208
datapath__4: datapath__4
reg__70: reg__70
muxpart__9: muxpart__9
logic__1724: logic__26
logic__452: logic__452
dsp48e1__38: dsp48e1__6
logic__1349: logic__42
logic__1669: logic__86
case__385: case__42
muxpart__292: muxpart__8
case__468: case__39
counter__31: counter__3
sha1_w_mem: sha1_w_mem
logic__1046: logic__109
logic__1465: logic__14
logic__491: logic__491
case__465: case__42
muxpart__318: muxpart
case__532: case__6
logic__1631: logic__29
sha1_core__2: sha1_core
muxpart__325: muxpart__2
logic__1532: logic__39
case__309: case__309
logic__1515: logic__58
datapath__71: datapath__71
logic__1214: logic__92
case__544: case__44
logic__884: logic__884
muxpart__85: muxpart__85
logic__1149: logic__14
muxpart__322: muxpart__5
logic__829: logic__829
muxpart__285: muxpart__6
logic__1474: logic__3
logic__1028: logic__193
logic__1366: logic__24
case__365: case__365
case__9: case__9
muxpart__57: muxpart__57
datapath__212: datapath__3
case__506: case__42
reg__123: reg__123
reg__171: reg__1
case__409: case__8
logic__1725: logic__25
dsp48e1__7: dsp48e1__7
logic__1568: logic__106
logic__1444: logic__37
logic__1150: logic__13
case__377: case__55
muxpart__109: muxpart__109
logic__1332: logic__61
logic__1606: logic__57
reg__96: reg__96
reg__248: reg__22
logic__12: logic__12
logic__332: logic__332
reg__42: reg__42
logic__1607: logic__56
reg__180: reg__16
reg__71: reg__71
logic__80: logic__80
datapath__108: datapath__108
logic__1417: logic__67
logic__1315: logic__80
logic__1616: logic__46
counter__28: counter__6
case__471: case__36
muxpart__132: muxpart__132
reg__148: reg__148
case__631: case__43
logic__1580: logic__85
logic__1485: logic__91
logic__1229: logic__75
logic__1476: logic__1
logic__1142: logic__21
case__492: case__5
case__640: case__25
logic__1127: logic__38
reg__46: reg__46
muxpart__107: muxpart__107
case__571: case__7
logic__1756: logic__187
logic__1098: logic__70
reg__244: reg
logic__1436: logic__46
muxpart__335: muxpart__1
reg__303: reg__13
logic__1595: logic__69
logic__1626: logic__35
reg__141: reg__141
dsp48e1__66: dsp48e1__5
logic__1519: logic__53
case__267: case__267
case__326: case__326
reg__177: reg__21
counter__34: counter
case__37: case__37
logic__1193: logic__187
reg__187: reg__9
logic__1456: logic__24
counter__32: counter__2
logic__527: logic__527
logic__1114: logic__52
logic__1364: logic__26
reg__164: reg__8
logic__1082: logic__87
logic__1226: logic__79
logic__1035: logic__186
case__102: case__102
logic__1501: logic__73
datapath__73: datapath__73
logic__1583: logic__82
muxpart__301: muxpart__8
datapath__32: datapath__32
logic__60: logic__60
logic__1723: logic__27
case__447: case__10
reg__175: reg__23
case__379: case__53
logic__1068: logic__144
logic__6: logic__6
muxpart__247: muxpart__247
logic__476: logic__476
reg__49: reg__49
case__601: case__24
datapath__15: datapath__15
logic__393: logic__393
logic__1099: logic__69
reg__202: reg__20
logic__1420: logic__63
logic__1088: logic__81
logic__1772: logic__196
logic__1276: logic__24
datapath__200: datapath__3
case__242: case__242
muxpart__128: muxpart__128
dsp48e1__50: dsp48e1__3
muxpart__279: muxpart__9
dsp48e1__46: dsp48e1__7
logic__1582: logic__83
logic__1752: logic__191
case__512: case__36
logic__1492: logic__83
dsp48e1__3: dsp48e1__3
muxpart__245: muxpart__245
case__620: case__4
case__443: case__14
logic__994: logic__994
logic__508: logic__508
logic__1200: logic__178
logic__874: logic__874
logic__51: logic__51
logic__987: logic__987
logic__1192: logic__188
logic__1129: logic__36
case__291: case__291
logic__1572: logic__94
case__573: case__5
muxpart__338: muxpart__10
logic__1712: logic__39
logic__358: logic__358
reg__93: reg__93
reg__237: reg__7
dsp48e1__40: dsp48e1__4
logic__387: logic__387
logic__1680: logic__74
logic__1179: logic__147
logic__1432: logic__50
logic__1699: logic__53
case__382: case__50
logic__1036: logic__185
logic__432: logic__432
logic__1039: logic__180
logic__75: logic__75
logic__1307: logic__89
logic__1228: logic__76
logic__1194: logic__186
datapath__44: datapath__44
logic__1759: logic__182
reg__174: reg__24
logic__1335: logic__58
logic__856: logic__856
case__366: case__366
logic__1782: logic__182
reg__67: reg__67
case__530: case__8
dsp48e1__10: dsp48e1__7
keep__1: keep__1
case__51: case__51
logic__1551: logic__18
logic__221: logic__221
logic__1632: logic__28
logic__828: logic__828
muxpart__118: muxpart__118
logic__1171: logic__186
reg__160: reg__12
reg__106: reg__106
logic__1589: logic__75
logic__344: logic__344
case__425: case__42
logic__850: logic__850
logic__783: logic__783
nonce_bcd_simple__7: nonce_bcd_simple
logic__792: logic__792
logic__1143: logic__20
reg__314: reg__2
logic__409: logic__409
datapath__90: datapath__90
case__639: case__26
datapath__11: datapath__11
datapath__69: datapath__69
logic__1123: logic__42
logic__1097: logic__71
logic__1167: logic__190
case__645: case__19
case__390: case__37
logic__766: logic__766
logic__1357: logic__34
logic__1034: logic__187
reg__170: reg__2
logic__1204: logic__144
case__15: case__15
case__271: case__271
logic__1443: logic__38
logic__40: logic__40
logic__570: logic__570
reg__147: reg__147
case__372: case__372
logic__480: logic__480
reg__73: reg__73
logic__1031: logic__190
logic__827: logic__827
datapath__196: datapath__3
logic__1365: logic__25
logic__868: logic__868
datapath__107: datapath__107
case__421: case__51
logic__1738: logic__10
logic__67: logic__67
logic__1678: logic__76
reg__209: reg__11
case__591: case__43
logic__1321: logic__73
case__555: case__24
logic__1284: logic__15
sha1_core__7: sha1_core
logic__1051: logic__193
logic__1749: logic__196
logic__1144: logic__19
logic__1281: logic__18
case__305: case__305
reg__189: reg__7
reg__149: reg__25
case__414: case__3
case__607: case__17
logic__1771: logic__199
logic__1754: logic__189
reg__274: reg__20
datapath__13: datapath__13
case__238: case__238
muxpart__281: muxpart__10
logic__876: logic__876
muxpart__24: muxpart__24
case__533: case__5
logic__1484: logic__92
case__516: case__23
muxpart__36: muxpart__36
datapath__47: datapath__47
logic__778: logic__778
logic__883: logic__883
case__441: case__16
case__329: case__329
logic__1639: logic__20
logic__1755: logic__188
logic__1703: logic__49
dsp48e1__6: dsp48e1__6
reg__315: reg__1
reg__190: reg__6
logic__431: logic__431
logic__511: logic__511
reg__134: reg__134
reg__4: reg__4
logic__347: logic__347
logic__1581: logic__84
muxpart__126: muxpart__126
datapath__195: datapath__1
muxpart__84: muxpart__84
logic__822: logic__822
logic__1645: logic__14
logic__1600: logic__63
case__539: case__54
case__79: case__79
logic__1017: logic__179
counter__47: counter__1
logic__1247: logic__56
dsp48e1__37: dsp48e1__7
logic__1514: logic__59
dsp48e1__22: dsp48e1__4
logic__1331: logic__62
datapath__34: datapath__34
logic__38: logic__38
sha1_w_mem__6: sha1_w_mem
logic__1223: logic__82
case__464: case__43
keep__9: keep__9
logic__1220: logic__85
logic__763: logic__763
muxpart__246: muxpart__246
logic__1372: logic__17
logic__1768: logic__109
muxpart__117: muxpart__117
reg__291: reg__1
logic__1480: logic__96
datapath__53: datapath__53
logic__1401: logic__84
case__370: case__370
logic__1341: logic__51
logic__1050: logic__196
logic__1426: logic__57
logic__895: logic__895
muxpart__87: muxpart__87
reg__271: reg__23
logic__517: logic__517
muxpart__78: muxpart__78
